01-06 01:00:49.391 D/Launcher(  242): bindAppWidget: id=8 belongs to component ComponentInfo{com.android.vending/com.android.vending.MarketWidgetProvider}
01-06 01:00:49.401 I/ActivityThread(  348): Pub downloads: com.android.providers.downloads.DownloadProvider
01-06 01:00:49.441 I/LockScreen_UnlockerScreenElement(  144): unlock touch canceled due to exceeding tollerance
01-06 01:00:49.551 I/ActivityThread(  348): Pub drm: com.android.providers.drm.DrmProvider
01-06 01:00:49.611 I/Database(  348): sqlite returned: error code = 0, msg = Recovered 14 frames from WAL file /data/data/com.android.providers.downloads/databases/downloads.db-wal
01-06 01:00:49.751 D/dalvikvm(  405): GC_CONCURRENT freed 371K, 51% free 2817K/5639K, external 0K/0K, paused 3ms+8ms
01-06 01:00:49.841 D/Launcher(  242): bound widget id=8 in 458ms
01-06 01:00:49.881 I/ActivityManager(  144): Start proc com.miui.backup for broadcast com.miui.backup/com.miui.milk.ui.AutoBackupInitReceiver: pid=416 uid=10002 gids={1015, 3003}
01-06 01:00:50.082 I/AutoBackup(  416): cancle auto backup alarm 
01-06 01:00:50.102 I/ActivityManager(  144): Start proc com.android.bluetooth for broadcast com.android.bluetooth/.opp.BluetoothOppReceiver: pid=424 uid=10003 gids={3003, 3002, 3001, 1015}
01-06 01:00:50.362 I/ActivityThread(  424): Pub com.android.bluetooth.opp: com.android.bluetooth.opp.BluetoothOppProvider
01-06 01:00:50.412 D/dalvikvm(  242): GC_CONCURRENT freed 278K, 40% free 4130K/6855K, external 0K/0K, paused 2ms+36ms
01-06 01:00:50.492 I/LockScreen_UnlockerScreenElement(  144): unlock touch canceled due to exceeding tollerance
01-06 01:00:50.562 D/dalvikvm(  424): GC_CONCURRENT freed 408K, 51% free 2815K/5639K, external 0K/0K, paused 3ms+14ms
01-06 01:00:50.672 I/Database(  383): sqlite returned: error code = 0, msg = Recovered 4 frames from WAL file /data/data/com.android.deskclock/databases/alarms.db-wal
01-06 01:00:50.882 I/ActivityManager(  144): Start proc com.android.email for broadcast com.android.email/.service.EmailBroadcastReceiver: pid=441 uid=10013 gids={3003, 1015}
01-06 01:00:51.073 I/dalvikvm(  242): Total arena pages for JIT: 11
01-06 01:00:51.113 D/Calendar(  393): missed alarms found: 0
01-06 01:00:51.113 D/dalvikvm(  242): GC_CONCURRENT freed 540K, 42% free 4107K/7047K, external 0K/0K, paused 30ms+3ms
01-06 01:00:51.133 I/Database(  424): sqlite returned: error code = 0, msg = Recovered 5 frames from WAL file /data/data/com.android.bluetooth/databases/btopp.db-wal
01-06 01:00:51.223 D/Launcher.Model(  242): bind workspace in 5813ms
01-06 01:00:51.243 D/dalvikvm(  144): GC_CONCURRENT freed 502K, 38% free 5024K/8071K, external 0K/0K, paused 3ms+5ms
01-06 01:00:51.423 D/dalvikvm(  242): GC_EXPLICIT freed 44K, 43% free 4063K/7047K, external 0K/0K, paused 197ms
01-06 01:00:51.483 D/dalvikvm(  441): GC_CONCURRENT freed 403K, 50% free 2827K/5639K, external 0K/0K, paused 3ms+9ms
01-06 01:00:51.653 I/ActivityThread(  441): Pub com.android.email.provider: com.android.email.provider.EmailProvider
01-06 01:00:51.673 I/ActivityThread(  441): Pub com.android.email.attachmentprovider: com.android.email.provider.AttachmentProvider
01-06 01:00:51.693 I/ActivityThread(  441): Pub com.android.exchange.provider: com.android.exchange.provider.ExchangeProvider
01-06 01:00:51.803 I/Database(  441): sqlite returned: error code = 0, msg = Recovered 28 frames from WAL file /data/data/com.android.email/databases/EmailProvider.db-wal
01-06 01:00:51.863 I/Database(  441): sqlite returned: error code = 0, msg = Recovered 6 frames from WAL file /data/data/com.android.email/databases/EmailProviderBody.db-wal
01-06 01:00:51.933 I/LockScreen_UnlockerScreenElement(  144): unlock touch canceled due to exceeding tollerance
01-06 01:00:52.074 I/ActivityManager(  144): Start proc com.google.android.gm for broadcast com.google.android.gm/.MailIntentReceiver: pid=458 uid=10016 gids={3003, 1015}
01-06 01:00:52.084 D/EAS SyncManager(  441): !!! EAS SyncManager, onCreate
01-06 01:00:52.204 D/EAS SyncManager(  441): !!! EAS SyncManager, onStartCommand
01-06 01:00:52.244 D/Email   (  441): BOOT_COMPLETED
01-06 01:00:52.324 D/EAS SyncManager(  441): !!! EAS SyncManager, stopping self
01-06 01:00:52.444 D/dalvikvm(  458): GC_CONCURRENT freed 408K, 50% free 2843K/5639K, external 0K/0K, paused 2ms+2ms
01-06 01:00:52.524 D/Eas Debug(  441): Logging: 
01-06 01:00:52.574 D/EAS SyncManager(  441): !!! EAS SyncManager, onStartCommand
01-06 01:00:52.574 I/ActivityThread(  458): Pub com.google.android.gmail.SuggestionProvider: com.google.android.gm.SuggestionsProvider
01-06 01:00:52.614 I/ActivityThread(  458): Pub gmail-downloads: com.google.android.gm.downloadprovider.DownloadProvider
01-06 01:00:52.634 D/EAS SyncManager(  441): !!! EAS SyncManager, stopping self
01-06 01:00:52.644 D/EAS SyncManager(  441): !!! EAS SyncManager, onDestroy
01-06 01:00:52.664 I/ActivityThread(  458): Pub gmail-ls: com.google.android.gm.provider.MailProvider
01-06 01:00:52.724 D/dalvikvm(  144): GC_CONCURRENT freed 463K, 38% free 5051K/8071K, external 0K/0K, paused 3ms+4ms
01-06 01:00:52.734 I/ActivityThread(  458): Pub com.google.android.gm.attachmentspreviews: com.google.android.gm.AttachmentPreviewProvider
01-06 01:00:52.784 D/dalvikvm(  144): GC_FOR_MALLOC freed 46K, 38% free 5045K/8071K, external 0K/0K, paused 43ms
01-06 01:00:52.784 I/dalvikvm-heap(  144): Grow heap (frag case) to 7.386MB for 124450-byte allocation
01-06 01:00:52.844 D/dalvikvm(  144): GC_FOR_MALLOC freed 0K, 37% free 5166K/8199K, external 0K/0K, paused 43ms
01-06 01:00:52.994 D/Finsky  (  322): [24] DownloadRecords.initializeAndPrune: Pruned 0 old downloads from the cursor.
01-06 01:00:53.024 I/dalvikvm(  144): Total arena pages for JIT: 11
01-06 01:00:53.105 W/Searchables(  144): No web search activity found
01-06 01:00:53.125 I/ActivityManager(  144): Start proc com.google.android.partnersetup for broadcast com.google.android.partnersetup/.GooglePartnerSetup: pid=474 uid=10018 gids={}
01-06 01:00:53.405 D/dalvikvm(  272): GC_CONCURRENT freed 426K, 49% free 3008K/5831K, external 0K/0K, paused 2ms+2ms
01-06 01:00:53.525 D/dalvikvm(  144): GC_FOR_MALLOC freed 253K, 38% free 5148K/8199K, external 0K/0K, paused 44ms
01-06 01:00:53.525 I/dalvikvm-heap(  144): Grow heap (frag case) to 7.546MB for 186670-byte allocation
01-06 01:00:53.575 D/dalvikvm(  144): GC_FOR_MALLOC freed <1K, 37% free 5330K/8391K, external 0K/0K, paused 44ms
01-06 01:00:53.695 V/update.Download(  272): deleting all update downloads
01-06 01:00:53.725 D/szipinf (  144): Initializing inflate state
01-06 01:00:53.725 I/ActivityManager(  144): Starting: Intent { flg=0x10000000 cmp=com.google.android.gsf/.update.SystemUpdateInstallDialog } from pid 272
01-06 01:00:54.226 D/dalvikvm(  144): GC_CONCURRENT freed 889K, 40% free 5044K/8391K, external 0K/0K, paused 3ms+13ms
01-06 01:00:54.296 D/dalvikvm(  272): GC_CONCURRENT freed 486K, 49% free 3075K/5959K, external 0K/0K, paused 2ms+14ms
01-06 01:00:54.376 I/ActivityManager(  144): Start proc com.android.mms for broadcast com.android.mms/.transaction.MmsSystemEventReceiver: pid=490 uid=10026 gids={3003, 1015}
01-06 01:00:54.516 D/dalvikvm(  115): GC_EXPLICIT freed 11K, 49% free 2746K/5379K, external 0K/0K, paused 143ms
01-06 01:00:54.606 D/dalvikvm(  272): GC_EXTERNAL_ALLOC freed 57K, 49% free 3052K/5959K, external 0K/0K, paused 175ms
01-06 01:00:54.666 D/dalvikvm(  115): GC_EXPLICIT freed <1K, 49% free 2746K/5379K, external 0K/0K, paused 157ms
01-06 01:00:54.786 D/dalvikvm(  115): GC_EXPLICIT freed <1K, 49% free 2746K/5379K, external 0K/0K, paused 120ms
01-06 01:00:54.796 D/dalvikvm(  490): GC_CONCURRENT freed 410K, 50% free 2841K/5639K, external 0K/0K, paused 3ms+10ms
01-06 01:00:54.936 D/MediaScannerService(  348): start scanning volume internal
01-06 01:00:54.956 I/ActivityThread(  490): Pub com.android.mms.festival: com.android.mms.data.FestivalSmsProvider
01-06 01:00:55.187 D/dalvikvm(  474): GC_CONCURRENT freed 397K, 51% free 2795K/5639K, external 0K/0K, paused 41ms+6ms
01-06 01:00:55.337 I/Database(  225): sqlite returned: error code = 0, msg = Recovered 40 frames from WAL file /data/data/com.android.providers.telephony/databases/mmssms.db-wal
01-06 01:00:55.427 I/Database(  458): sqlite returned: error code = 0, msg = Recovered 5 frames from WAL file /data/data/com.google.android.gm/databases/downloads.db-wal
01-06 01:00:55.687 I/LockScreen_UnlockerScreenElement(  144): unlock touch canceled due to exceeding tollerance
01-06 01:00:55.707 D/dalvikvm(  272): GC_CONCURRENT freed 513K, 50% free 3050K/6023K, external 133K/586K, paused 3ms+9ms
01-06 01:00:55.757 D/dalvikvm(  144): GC_CONCURRENT freed 463K, 39% free 5160K/8391K, external 0K/0K, paused 3ms+15ms
01-06 01:00:55.807 I/ActivityManager(  144): Start proc com.miui.supermarket for broadcast com.miui.supermarket/.model.StartupReceiver: pid=513 uid=10033 gids={3003, 2001}
01-06 01:00:55.917 W/YellowPageProvider(  144): Opened DB /system/etc/yellowpage.db in read-only mode
01-06 01:00:55.927 E/LockScreenRoot(  144): unrecognozed message, not a number: sms_unread_count,null
01-06 01:00:56.147 I/ActivityManager(  144): Start proc com.google.android.talk for broadcast com.google.android.talk/.videochat.BootCompleteReceiver: pid=522 uid=10035 gids={3003, 1015, 1006}
01-06 01:00:56.388 W/MessageQueue(  458): Handler{40674db0} sending message to a Handler on a dead thread
01-06 01:00:56.388 W/MessageQueue(  458): java.lang.RuntimeException: Handler{40674db0} sending message to a Handler on a dead thread
01-06 01:00:56.388 W/MessageQueue(  458): 	at android.os.MessageQueue.enqueueMessage(MessageQueue.java:196)
01-06 01:00:56.388 W/MessageQueue(  458): 	at android.os.Handler.sendMessageAtTime(Handler.java:457)
01-06 01:00:56.388 W/MessageQueue(  458): 	at android.os.Handler.sendMessageDelayed(Handler.java:430)
01-06 01:00:56.388 W/MessageQueue(  458): 	at android.os.Handler.post(Handler.java:248)
01-06 01:00:56.388 W/MessageQueue(  458): 	at android.accounts.AccountManager$BaseFutureTask.postRunnableToHandler(AccountManager.java:1327)
01-06 01:00:56.388 W/MessageQueue(  458): 	at android.accounts.AccountManager$Future2Task.done(AccountManager.java:1375)
01-06 01:00:56.388 W/MessageQueue(  458): 	at java.util.concurrent.FutureTask$Sync.innerSet(FutureTask.java:253)
01-06 01:00:56.388 W/MessageQueue(  458): 	at java.util.concurrent.FutureTask.set(FutureTask.java:113)
01-06 01:00:56.388 W/MessageQueue(  458): 	at android.accounts.AccountManager$BaseFutureTask.access$700(AccountManager.java:1307)
01-06 01:00:56.388 W/MessageQueue(  458): 	at android.accounts.AccountManager$BaseFutureTask$Response.onResult(AccountManager.java:1345)
01-06 01:00:56.388 W/MessageQueue(  458): 	at android.accounts.IAccountManagerResponse$Stub.onTransact(IAccountManagerResponse.java:59)
01-06 01:00:56.388 W/MessageQueue(  458): 	at android.os.Binder.execTransact(Binder.java:320)
01-06 01:00:56.388 W/MessageQueue(  458): 	at dalvik.system.NativeStart.run(Native Method)
01-06 01:00:56.468 D/dalvikvm(  522): GC_CONCURRENT freed 396K, 50% free 2856K/5639K, external 0K/0K, paused 4ms+18ms
01-06 01:00:56.658 I/ActivityThread(  522): Pub com.google.android.talk.SuggestionProvider: com.google.android.talk.SuggestionsProvider
01-06 01:00:56.848 D/dalvikvm(  522): GC_EXTERNAL_ALLOC freed 114K, 50% free 2860K/5639K, external 0K/0K, paused 121ms
01-06 01:00:56.888 D/GTalkService(  272): [RawStanzaProvidersMgr] ##### searchProvidersFromIntent
01-06 01:00:56.908 D/GTalkService(  272): [RawStanzaProvidersMgr] no intent receivers found
01-06 01:00:57.138 D/dalvikvm(  272): GC_CONCURRENT freed 434K, 49% free 3127K/6023K, external 0K/512K, paused 2ms+14ms
01-06 01:00:57.419 D/dalvikvm(  144): GC_CONCURRENT freed 622K, 40% free 5093K/8391K, external 0K/0K, paused 3ms+8ms
01-06 01:00:57.829 I/StartupReceiver(  356): set daily check for normal user
01-06 01:00:57.839 I/StartupReceiver(  356): set weekly check for normal user
01-06 01:00:57.839 I/StringUtils(  356): NewVersion: 1.8.12, oldVersion: 1.8.12
01-06 01:00:57.849 D/Volley  (  322): [12] DiskBasedCache.clear: Cache cleared.
01-06 01:00:57.859 D/Volley  (  322): [16] DiskBasedCache.clear: Cache cleared.
01-06 01:00:57.869 I/ActivityManager(  144): Start proc com.android.voicedialer for broadcast com.android.voicedialer/.VoiceDialerReceiver: pid=539 uid=10040 gids={3002}
01-06 01:00:58.049 D/VoiceDialerReceiver(  539): onReceive Intent { act=android.intent.action.BOOT_COMPLETED cmp=com.android.voicedialer/.VoiceDialerReceiver }
01-06 01:00:58.059 V/RecognizerEngine(  539): deleteCachedGrammarFiles /data/data/com.android.voicedialer/files/openentries.txt
01-06 01:00:58.570 I/LockScreen_UnlockerScreenElement(  144): unlock touch up
01-06 01:00:58.570 W/HapticFeedbackUtil(  144): vibrate: null or empty pattern
01-06 01:00:58.900 I/talk    (  522): Refresh the supporeted camera state
01-06 01:00:59.100 I/AwesomeLockScreenView(  144): RenderThread stopped
01-06 01:00:59.130 D/dalvikvm(  144): GC_CONCURRENT freed 472K, 39% free 5164K/8391K, external 0K/0K, paused 3ms+3ms
01-06 01:00:59.241 I/ActivityManager(  144): Start proc com.android.gallery for broadcast com.android.gallery/.app.SystemReceiver: pid=554 uid=10015 gids={1015, 3003}
01-06 01:00:59.321 D/GTalkService(  272): [GTalkConnection.26] init: initialized presence to UNAVAILABLE
01-06 01:00:59.511 D/GTalkService(  272): [GTalkConnection.27] init: initialized presence to UNAVAILABLE
01-06 01:00:59.531 D/dalvikvm(  554): GC_CONCURRENT freed 391K, 50% free 2853K/5639K, external 0K/0K, paused 3ms+2ms
01-06 01:00:59.541 D/GTalkService(  272): [GTalkConnection.28] init: initialized presence to UNAVAILABLE
01-06 01:00:59.551 D/xpicture/SystemReceiver(  554): Got intent with action:android.intent.action.MEDIA_SCANNER_STARTED
01-06 01:00:59.561 I/xpicture/MediaCache(  554): MIUI gallery is started
01-06 01:00:59.591 D/dalvikvm(  272): GC_CONCURRENT freed 420K, 48% free 3161K/6023K, external 0K/512K, paused 3ms+4ms
01-06 01:00:59.601 E/Finsky  (  322): [1] 1.onError: Failed to load list for widget! null
01-06 01:00:59.721 D/dalvikvm(  260): GC_CONCURRENT freed 441K, 48% free 3185K/6023K, external 0K/0K, paused 2ms+16ms
01-06 01:00:59.841 D/GTalkService(  272): createConnection(check #2): connection exists, drop newly created connection
01-06 01:00:59.841 I/dalvikvm(  260): Total arena pages for JIT: 11
01-06 01:00:59.861 D/GTalkService(  272): createConnection(check #2): connection exists, drop newly created connection
01-06 01:00:59.991 I/AlarmManager(  144): wakelock acquire, uid:1000 at elapsed real time: 50900
01-06 01:01:00.011 I/AlarmManager(  144): wakelock release, uid:1000 at elapsed real time: 50921
01-06 01:01:00.111 I/Database(  348): sqlite returned: error code = 0, msg = Recovered 66 frames from WAL file /data/data/com.android.providers.media/databases/internal.db-wal
01-06 01:01:00.151 D/QualcommCameraHardware(  116): createInstance: E
01-06 01:01:00.151 D/QualcommCameraHardware(  116):  Storing the current target type as 1 
01-06 01:01:00.151 D/QualcommCameraHardware(  116): constructor EX
01-06 01:01:00.151 D/QualcommCameraHardware(  116): startCamera E
01-06 01:01:00.191 D/QualcommCameraHardware(  116): loading liboemcamera at 0xb000db70
01-06 01:01:00.191 I/QualcommCameraHardware(  116): Set main cam and main cam only
01-06 01:01:00.201 I/mm-camera-mmap(  116): set sensor selection :0
01-06 01:01:00.201 I/ActivityManager(  144): No longer want com.miui.antispam (pid 405): hidden #16
01-06 01:01:00.352 I/QualcommCameraHardware(  116): Open Device node : /dev/msm_camera/control0
01-06 01:01:00.362 I/mm-camera-config(  116): cam_conf fd cfgctrl.camfd:0
01-06 01:01:00.362 I/mm-camera-config(  116): Open config device node : /dev/msm_camera/config0
01-06 01:01:00.362 I/        (  116): [AWB Calibration]:ctrlfd:22
01-06 01:01:00.402 I/        (  116): [AWB Calibration] cfg.fuse_id_word1:0x0
01-06 01:01:00.402 I/        (  116): [AWB Calibration] cfg.fuse_id_word2:0x0
01-06 01:01:00.402 I/        (  116): [AWB Calibration] cfg.fuse_id_word3:0x45002
01-06 01:01:00.402 I/        (  116): [AWB Calibration] cfg.fuse_id_word4:0xbf257
01-06 01:01:00.412 D/mm-camera-s5k3e2fx_u(  116): lcd type = 0
01-06 01:01:00.412 I/        (  116): [AWB Calibration] rg_ratio_GS_table[0]:0.733340
01-06 01:01:00.412 I/        (  116): [AWB Calibration] rg_ratio_GS_table[1]:0.733340
01-06 01:01:00.412 I/        (  116): [AWB Calibration] rg_ratio_GS_table[2]:0.716810
01-06 01:01:00.412 I/        (  116): [AWB Calibration] bg_ratio_GS_table[0]:0.601600
01-06 01:01:00.412 I/        (  116): [AWB Calibration] bg_ratio_GS_table[1]:0.601600
01-06 01:01:00.412 I/        (  116): [AWB Calibration] bg_ratio_GS_table[2]:0.590178
01-06 01:01:00.412 I/        (  116): [AWB Calibration] sfuse.fuse_id_word1:0x0
01-06 01:01:00.412 I/        (  116): [AWB Calibration] sfuse.fuse_id_word2:0x0
01-06 01:01:00.412 I/        (  116): [AWB Calibration] sfuse.fuse_id_word3:0x45002
01-06 01:01:00.412 I/        (  116): [AWB Calibration] sfuse.fuse_id_word4:0xbf257
01-06 01:01:00.412 I/        (  116): [AWB Calibration] fuse_id : 0x0, 0x0, 0x45002, 0xbf257
01-06 01:01:00.412 I/        (  116): [AWB Calibration] fail to read /data/awb_cal 
01-06 01:01:00.412 I/        (  116): [AWB Calibration] read from file OK: /sys/android_camera_awb_cal/awb_ca
01-06 01:01:00.412 I/        (  116): [AWB Calibration] read all 0 ,ok=1
01-06 01:01:00.412 I/        (  116): [AWB Calibration] read all 0 ,ok=1
01-06 01:01:00.412 I/        (  116): [AWB Calibration] read all 0 ,ok=1
01-06 01:01:00.412 I/        (  116): [AWB Calibration] read all 0 ,ok=1
01-06 01:01:00.412 I/        (  116): [AWB Calibration] read all 0 ,ok=1
01-06 01:01:00.412 I/        (  116): [AWB Calibration] read all 0 ,ok=1
01-06 01:01:00.412 I/        (  116): [AWB Calibration] read all 0 ,ok=1
01-06 01:01:00.412 I/        (  116): [AWB Calibration] read all 0 ,ok=1
01-06 01:01:00.412 I/        (  116): [AWB Calibration] check sum=0, OK
01-06 01:01:00.412 I/        (  116): [AWB Calibration] caBuff[0]:0x00000000
01-06 01:01:00.412 I/        (  116): [AWB Calibration] caBuff[1]:0x00000000
01-06 01:01:00.412 I/        (  116): [AWB Calibration] caBuff[2]:0x00000000
01-06 01:01:00.412 I/        (  116): [AWB Calibration] caBuff[3]:0x00000000
01-06 01:01:00.412 I/        (  116): [AWB Calibration] caBuff[4]:0x00000000
01-06 01:01:00.412 I/        (  116): [AWB Calibration] caBuff[5]:0x00000000
01-06 01:01:00.412 I/        (  116): [AWB Calibration] caBuff[6]:0x00000000
01-06 01:01:00.412 I/        (  116): [AWB Calibration] caBuff[7]:0x00000000
01-06 01:01:00.412 I/        (  116): [AWB Calibration] fuse_id_word1:0x00000000
01-06 01:01:00.412 I/        (  116): [AWB Calibration] fuse_id_word2:0x00000000
01-06 01:01:00.412 I/        (  116): [AWB Calibration] fuse_id_word3:0x00045002
01-06 01:01:00.412 I/        (  116): [AWB Calibration] fuse_id_word4:0x000bf257
01-06 01:01:00.412 I/        (  116): [AWB Calibration] fuse ID not same,do nothing and leave
01-06 01:01:00.422 I/mm-camera-aec(  116): Touch AEC  == numRegions:256
01-06 01:01:00.422 I/mm-camera-aec(  116): Touch AEC aecCtrl->aec_state.aec_algo:1
01-06 01:01:00.422 I/QualcommCameraHardware(  116): startCamera: camsensor name s5k3e2fx, flash 1
01-06 01:01:00.432 D/QualcommCameraHardware(  116): startCamera X
01-06 01:01:00.432 D/QualcommCameraHardware(  116): initDefaultParameters E
01-06 01:01:00.432 D/QualcommCameraHardware(  116): product 5
01-06 01:01:00.432 D/QualcommCameraHardware(  116): native_access_parm: fd 16, type 1, length 32
01-06 01:01:00.432 E/QualcommCameraHardware(  116): native_access_parm: error (No such file or directory): fd 16, type 1, length 32, status 0
01-06 01:01:00.432 D/QualcommCameraHardware(  116): native_access_parm: fd 16, type 64, length 4
01-06 01:01:00.432 D/QualcommCameraHardware(  116): native_access_parm: fd 16, type 65, length 4
01-06 01:01:00.432 D/QualcommCameraHardware(  116): native_access_parm: fd 16, type 66, length 4
01-06 01:01:00.442 D/QualcommCameraHardware(  116): requested preview size 768 x 432
01-06 01:01:00.442 D/QualcommCameraHardware(  116): requested picture size 1024 x 768
01-06 01:01:00.442 D/QualcommCameraHardware(  116): native_access_parm: fd 16, type 21, length 4
01-06 01:01:00.442 D/QualcommCameraHardware(  116): native_access_parm: fd 16, type 14, length 4
01-06 01:01:00.442 D/QualcommCameraHardware(  116): setFlash 0
01-06 01:01:00.442 D/QualcommCameraHardware(  116): native_access_parm: fd 16, type 49, length 4
01-06 01:01:00.442 D/mm-camera-ctrlcmd(  116): In config_proc_CAMERA_SET_PARM_LED_MODE: 0
01-06 01:01:00.442 I/QualcommCameraHardware(  116): Set zoom=0 20
01-06 01:01:00.442 D/QualcommCameraHardware(  116): native_access_parm: fd 16, type 2, length 4
01-06 01:01:00.442 I/QualcommCameraHardware(  116): Setting Contrast is 5
01-06 01:01:00.442 D/QualcommCameraHardware(  116): native_access_parm: fd 16, type 6, length 4
01-06 01:01:00.442 I/QualcommCameraHardware(  116): Setting Brightness is 3
01-06 01:01:00.442 D/QualcommCameraHardware(  116): native_access_parm: fd 16, type 7, length 4
01-06 01:01:00.442 D/QualcommCameraHardware(  116): native_access_parm: fd 16, type 12, length 4
01-06 01:01:00.442 I/mm-camera-ctrlcmd(  116): md.d.aec_mode.aec_mode:1
01-06 01:01:00.442 I/mm-camera-aec(  116): Touch AEC  == numRegions:256
01-06 01:01:00.442 I/mm-camera-aec(  116): Touch AEC aecCtrl->aec_state.aec_algo:1
01-06 01:01:00.442 D/QualcommCameraHardware(  116): not defined touch-focus yet, or AP without touch-focus function
01-06 01:01:00.442 I/QualcommCameraHardware(  116): Before Setting coordinate x:384 y:216
01-06 01:01:00.442 I/QualcommCameraHardware(  116): Setting coordinate x:2 y:2
01-06 01:01:00.442 D/QualcommCameraHardware(  116): native_access_parm: fd 16, type 60, length 28
01-06 01:01:00.452 I/mm-camera 8x vfe(  116): vfe_set_coordinate x:2 y:2
01-06 01:01:00.452 D/QualcommCameraHardware(  116): native_access_parm: fd 16, type 26, length 4
01-06 01:01:00.452 D/mm-camera-ctrlcmd(  116): md.d.aec_iso_mode = 0
01-06 01:01:00.452 D/QualcommCameraHardware(  116): native_access_parm: fd 16, type 62, length 4
01-06 01:01:00.452 D/QualcommCameraHardware(  116): native_access_parm: fd 16, type 8, length 4
01-06 01:01:00.452 D/QualcommCameraHardware(  116): virtual android::status_t android::QualcommCameraHardware::setParameters(const android::CameraParameters&), final_rc=0
01-06 01:01:00.452 D/MediaScanner(  348): opendir /data/media/ failed, errno: 2
01-06 01:01:00.452 D/QualcommCameraHardware(  116): initDefaultParameters X
01-06 01:01:00.452 D/QualcommCameraHardware(  116): createInstance: X created hardware=0x26db8
01-06 01:01:00.452 I/StagefrightPlayer(  116): setDataSource('/system/media/audio/ui/camera_click.ogg')
01-06 01:01:00.452 D/MediaScanner(  348):  prescan time: 2545ms
01-06 01:01:00.452 D/MediaScanner(  348):     scan time: 160ms
01-06 01:01:00.462 D/MediaScanner(  348): postscan time: 6ms
01-06 01:01:00.462 D/MediaScanner(  348):    total time: 2711ms
01-06 01:01:00.462 D/xpicture/SystemReceiver(  554): Got intent with action:android.intent.action.MEDIA_SCANNER_FINISHED
01-06 01:01:00.462 D/xpicture/MediaCache(  554): media scan is finished
01-06 01:01:00.472 D/MediaScannerService(  348): done scanning volume internal
01-06 01:01:00.482 I/ActivityManager(  144): No longer want com.miui.backup (pid 416): hidden #16
01-06 01:01:00.492 I/StagefrightPlayer(  116): setDataSource('/system/media/audio/ui/VideoRecord.ogg')
01-06 01:01:00.512 D/QualcommCameraHardware(  116): stopPreview: E
01-06 01:01:00.512 D/QualcommCameraHardware(  116): stopPreviewInternal E: 0
01-06 01:01:00.512 D/QualcommCameraHardware(  116): stopPreviewInternal X: 0
01-06 01:01:00.512 D/QualcommCameraHardware(  116): stopPreview: X
01-06 01:01:00.512 D/QualcommCameraHardware(  116): release E
01-06 01:01:00.512 D/mm-camera-ctrlcmd(  116): config_proc_CAMERA_STOP_SNAPSHOT: received CAMERA_STOP_SNAPSHOT!, ctrl->state = 0
01-06 01:01:00.512 D/mm-camera-ctrlcmd(  116): config_proc_CAMERA_STOP_SNAPSHOT: invalid state 0
01-06 01:01:00.512 D/QualcommCameraHardware(  116): deinitRaw E
01-06 01:01:00.512 D/QualcommCameraHardware(  116): deinitRaw X
01-06 01:01:00.742 D/QualcommCameraHardware(  116): dlclose(libqcamera)
01-06 01:01:00.742 D/QualcommCameraHardware(  116): release X
01-06 01:01:00.742 D/QualcommCameraHardware(  116): ~QualcommCameraHardware E
01-06 01:01:00.742 D/QualcommCameraHardware(  116): ~QualcommCameraHardware X
01-06 01:01:00.742 I/talk    (  522): supported front camera id: -1
01-06 01:01:00.742 I/talk    (  522): supported back camera id: 0
01-06 01:01:10.982 D/dalvikvm(  144): GC_CONCURRENT freed 645K, 41% free 5000K/8391K, external 0K/0K, paused 3ms+4ms
01-06 01:01:11.362 D/Vold    (  111): USB connected
01-06 01:01:11.362 D/Vold    (  111): Share method ums now available
01-06 01:01:11.372 I/StorageNotification(  209): UMS connection changed to true (media state removed)
01-06 01:01:11.402 D/Tethering(  144): sendTetherStateChangedBroadcast 1, 0, 0
01-06 01:01:11.402 D/Tethering(  144): interfaceAdded :usb0
01-06 01:01:11.533 D/Vold    (  111): USB connected
01-06 01:01:11.553 E/Tethering(  144): active iface (usb0) reported as added, ignoring
01-06 01:01:11.593 D/dalvikvm(  209): GC_CONCURRENT freed 702K, 50% free 3166K/6279K, external 2901K/3105K, paused 3ms+3ms
01-06 01:01:24.595 I/AlarmManager(  144): wakelock acquire, uid:10017 at elapsed real time: 75502
01-06 01:01:24.605 D/GTalkService(  272): [GTalkConnection.1] connect: network unavailable, set state=PENDING, err=NO_NETWORK
01-06 01:01:24.615 I/AlarmManager(  144): wakelock release, uid:10017 at elapsed real time: 75520
01-06 01:02:00.000 I/AlarmManager(  144): wakelock acquire, uid:1000 at elapsed real time: 110902
01-06 01:02:00.070 I/AlarmManager(  144): wakelock release, uid:1000 at elapsed real time: 110970
01-06 01:02:03.733 D/SntpClient(  144): request time failed: java.net.UnknownHostException: cn.pool.ntp.org
01-06 01:02:03.753 D/SntpClient(  144): request time failed: java.net.UnknownHostException: cn.pool.ntp.org
01-06 01:02:03.753 D/SntpClient(  144): request time failed: java.net.UnknownHostException: cn.pool.ntp.org
01-06 01:02:03.904 D/PowerManagerService(  144): setPowerState: mPowerState=3 newState=1 noChangeLights=false
01-06 01:02:03.904 D/PowerManagerService(  144):   oldKeyboardBright=false newKeyboardBright=false
01-06 01:02:03.904 D/PowerManagerService(  144):   oldScreenBright=true newScreenBright=false
01-06 01:02:03.904 D/PowerManagerService(  144):   oldButtonBright=false newButtonBright=false
01-06 01:02:03.904 D/PowerManagerService(  144):   oldScreenOn=true newScreenOn=true
01-06 01:02:03.904 D/PowerManagerService(  144):   oldBatteryLow=false newBatteryLow=false
01-06 01:02:03.904 I/PowerManagerService(  144): setTargetLocked mask=2 curValue=255.0 target=5 targetValue=5 delta=-11.363636 nominalCurrentValue=255
01-06 01:02:03.904 D/PowerManagerService(  144): offMask=0x0 dimMask=0x0 onMask=0x4 difference=0x6 realDifference=0x6 forceState=0x0
01-06 01:02:03.904 D/PowerManagerService(  144): jumpToTargetLocked targetValue=5: 2
01-06 01:02:59.998 I/AlarmManager(  144): wakelock acquire, uid:1000 at elapsed real time: 170903
01-06 01:03:00.048 I/AlarmManager(  144): wakelock release, uid:1000 at elapsed real time: 170953
01-06 01:03:16.645 D/AndroidRuntime(  576): 
01-06 01:03:16.645 D/AndroidRuntime(  576): >>>>>> AndroidRuntime START com.android.internal.os.RuntimeInit <<<<<<
01-06 01:03:16.645 D/AndroidRuntime(  576): CheckJNI is OFF
01-06 01:03:16.655 D/dalvikvm(  576): creating instr width table
01-06 01:03:16.835 D/AndroidRuntime(  576): Calling main entry com.android.commands.pm.Pm
01-06 01:03:16.845 I/ActivityManager(  144): Start proc com.android.defcontainer for service com.android.defcontainer/.DefaultContainerService: pid=584 uid=10010 gids={1015, 2001}
01-06 01:03:16.945 D/dalvikvm(  584): GC_EXPLICIT freed 294K, 50% free 2777K/5511K, external 0K/0K, paused 34ms
01-06 01:03:16.975 W/ActivityManager(  144): No content provider found for: 
01-06 01:03:16.995 W/ActivityManager(  144): No content provider found for: 
01-06 01:03:16.995 I/ActivityManager(  144): No longer want com.android.bluetooth (pid 424): hidden #16
01-06 01:03:17.005 D/PackageParser(  144): Scanning package: /data/app/vmdl1389596144.tmp
01-06 01:03:17.085 D/PackageManager(  144): Scanning package com.sonymobile.chkbugreport.testapp
01-06 01:03:17.095 D/installd(  118): DexInv: --- BEGIN '/data/app/com.sonymobile.chkbugreport.testapp-1.apk' ---
01-06 01:03:17.125 D/dalvikvm(  593): creating instr width table
01-06 01:03:17.195 D/dalvikvm(  593): DexOpt: load 8ms, verify+opt 53ms
01-06 01:03:17.205 D/installd(  118): DexInv: --- END '/data/app/com.sonymobile.chkbugreport.testapp-1.apk' (success) ---
01-06 01:03:17.205 I/PackageManager(  144): Unpacking native libraries for /data/app/com.sonymobile.chkbugreport.testapp-1.apk
01-06 01:03:17.235 D/installd(  118): DexInv: --- BEGIN '/data/app/com.sonymobile.chkbugreport.testapp-1.apk' ---
01-06 01:03:17.255 D/dalvikvm(  594): creating instr width table
01-06 01:03:17.295 D/dalvikvm(  594): DexOpt: load 7ms, verify+opt 30ms
01-06 01:03:17.305 D/installd(  118): DexInv: --- END '/data/app/com.sonymobile.chkbugreport.testapp-1.apk' (success) ---
01-06 01:03:17.305 D/PackageManager(  144):   Activities: com.sonymobile.chkbugreport.testapp.MainActivity com.sonymobile.chkbugreport.testapp.Deadlock
01-06 01:03:17.305 I/ActivityManager(  144): Force stopping package com.sonymobile.chkbugreport.testapp uid=10045
01-06 01:03:17.395 D/dalvikvm(  144): GC_CONCURRENT freed 385K, 40% free 5087K/8391K, external 0K/0K, paused 3ms+5ms
01-06 01:03:17.435 I/dalvikvm(  144): Jit: resizing JitTable from 4096 to 8192
01-06 01:03:17.535 D/dalvikvm(  441): GC_CONCURRENT freed 360K, 50% free 2883K/5703K, external 0K/0K, paused 3ms+4ms
01-06 01:03:17.545 I/installd(  118): move /data/dalvik-cache/data@app@com.sonymobile.chkbugreport.testapp-1.apk@classes.dex -> /data/dalvik-cache/data@app@com.sonymobile.chkbugreport.testapp-1.apk@classes.dex
01-06 01:03:17.545 D/PackageManager(  144): New package installed in /data/app/com.sonymobile.chkbugreport.testapp-1.apk
01-06 01:03:17.646 D/Launcher.Model(  242): Got action android.intent.action.PACKAGE_ADDED
01-06 01:03:17.676 D/LauncherSettings(  242): Updating home screen for package com.sonymobile.chkbugreport.testapp
01-06 01:03:17.746 D/dalvikvm(  144): GC_EXPLICIT freed 264K, 40% free 5039K/8391K, external 0K/0K, paused 61ms
01-06 01:03:17.756 D/AndroidRuntime(  576): Shutting down VM
01-06 01:03:17.756 D/dalvikvm(  576): GC_CONCURRENT freed 101K, 71% free 300K/1024K, external 0K/0K, paused 0ms+0ms
01-06 01:03:17.766 D/ScreenUtils(  242): Updating home screen for package com.sonymobile.chkbugreport.testapp
01-06 01:03:17.766 D/GTalkService(  272): handlePackageInstalled: re-initialize providers
01-06 01:03:17.766 D/GTalkService(  272): [RawStanzaProvidersMgr] ##### searchProvidersFromIntent
01-06 01:03:17.776 D/GTalkService(  272): [RawStanzaProvidersMgr] no intent receivers found
01-06 01:03:17.776 D/ScreenUtils(  242): Found existing items: []
01-06 01:03:17.776 D/jdwp    (  576): Got wake-up signal, bailing out of select
01-06 01:03:17.776 D/dalvikvm(  576): Debugger has detached; object registry had 1 entries
01-06 01:03:17.776 I/ActivityManager(  144): Start proc com.svox.pico for broadcast com.svox.pico/.VoiceDataInstallerReceiver: pid=596 uid=10029 gids={}
01-06 01:03:17.856 D/ScreenUtils(  242): Adding new app ChkBugReport-TestApp to screen 4, pos (1, 0)
01-06 01:03:18.056 D/dalvikvm(  242): GC_CONCURRENT freed 463K, 42% free 4112K/7047K, external 0K/0K, paused 2ms+34ms
01-06 01:03:18.056 D/AllAppsList(  242): Loaded application ChkBugReport-TestApp at (1, 0) of screen 4 under container -100
01-06 01:03:18.066 I/ActivityThread(  596): Pub com.svox.pico.providers.SettingsProvider: com.svox.pico.providers.SettingsProvider
01-06 01:03:18.066 W/RecognitionManagerService(  144): no available voice recognition services found
01-06 01:03:18.096 I/ActivityManager(  144): Start proc com.miui.uac for broadcast com.miui.uac/.InstallReceiver: pid=609 uid=10034 gids={1015, 3003}
01-06 01:03:18.096 I/ActivityManager(  144): No longer want com.android.email (pid 441): hidden #16
01-06 01:03:18.176 D/ApplicationContext(  242): Generate customized icon for com.sonymobile.chkbugreport.testapp.png
01-06 01:03:18.326 D/dalvikvm(  242): GC_FOR_MALLOC freed 231K, 42% free 4130K/7047K, external 0K/0K, paused 104ms
01-06 01:03:18.356 D/dalvikvm(  144): GC_CONCURRENT freed 510K, 40% free 5106K/8391K, external 0K/0K, paused 3ms+34ms
01-06 01:03:18.406 D/AndroidRuntime(  606): 
01-06 01:03:18.406 D/AndroidRuntime(  606): >>>>>> AndroidRuntime START com.android.internal.os.RuntimeInit <<<<<<
01-06 01:03:18.416 D/AndroidRuntime(  606): CheckJNI is OFF
01-06 01:03:18.416 D/dalvikvm(  606): creating instr width table
01-06 01:03:18.466 D/dalvikvm(  242): GC_FOR_MALLOC freed 141K, 43% free 4068K/7047K, external 0K/0K, paused 132ms
01-06 01:03:18.466 I/dalvikvm-heap(  242): Grow heap (frag case) to 6.344MB for 32416-byte allocation
01-06 01:03:18.466 W/Searchables(  144): No web search activity found
01-06 01:03:18.576 D/dalvikvm(  242): GC_FOR_MALLOC freed <1K, 43% free 4100K/7111K, external 0K/0K, paused 96ms
01-06 01:03:18.647 D/InstallReceiver(  609): com.sonymobile.chkbugreport.testapp
01-06 01:03:18.647 I/ActivityManager(  144): No longer want com.google.android.gm (pid 458): hidden #16
01-06 01:03:18.687 D/VoiceDialerReceiver(  539): onReceive Intent { act=android.intent.action.PACKAGE_ADDED dat=package:com.sonymobile.chkbugreport.testapp flg=0x10000000 cmp=com.android.voicedialer/.VoiceDialerReceiver (has extras) }
01-06 01:03:18.687 V/RecognizerEngine(  539): deleteCachedGrammarFiles /data/data/com.android.voicedialer/files/openentries.txt
01-06 01:03:18.777 D/dalvikvm(  242): GC_FOR_MALLOC freed 224K, 43% free 4068K/7111K, external 0K/0K, paused 118ms
01-06 01:03:18.777 D/dalvikvm(  144): GC_CONCURRENT freed 435K, 39% free 5190K/8391K, external 0K/0K, paused 3ms+9ms
01-06 01:03:18.857 D/AndroidRuntime(  606): Calling main entry com.android.commands.am.Am
01-06 01:03:18.877 I/ActivityManager(  144): Starting: Intent { act=android.intent.action.MAIN cat=[android.intent.category.LAUNCHER] flg=0x10000000 cmp=com.sonymobile.chkbugreport.testapp/.MainActivity } from pid 606
01-06 01:03:18.977 D/AndroidRuntime(  606): Shutting down VM
01-06 01:03:18.987 D/dalvikvm(  606): GC_CONCURRENT freed 103K, 69% free 327K/1024K, external 0K/0K, paused 0ms+0ms
01-06 01:03:18.987 D/jdwp    (  606): Got wake-up signal, bailing out of select
01-06 01:03:18.987 D/dalvikvm(  606): Debugger has detached; object registry had 1 entries
01-06 01:03:19.207 D/dalvikvm(  144): GC_CONCURRENT freed 629K, 40% free 5104K/8391K, external 0K/0K, paused 3ms+10ms
01-06 01:03:19.287 D/dalvikvm(  260): GC_CONCURRENT freed 456K, 48% free 3183K/6087K, external 0K/0K, paused 2ms+3ms
01-06 01:03:19.477 W/ActivityManager(  144): Activity pause timeout for HistoryRecord{40875ea8 com.android.launcher/com.android.launcher2.Launcher}
01-06 01:03:19.507 I/ActivityManager(  144): Start proc com.sonymobile.chkbugreport.testapp for activity com.sonymobile.chkbugreport.testapp/.MainActivity: pid=628 uid=10045 gids={}
01-06 01:03:19.577 E/jdwp    (  628): Failed sending reply to debugger: Broken pipe
01-06 01:03:19.577 D/dalvikvm(  628): Debugger has detached; object registry had 1 entries
01-06 01:03:19.808 D/dalvikvm(  628): GC_EXTERNAL_ALLOC freed 132K, 49% free 2785K/5379K, external 0K/0K, paused 54ms
01-06 01:03:19.968 I/ActivityManager(  144): Displayed com.sonymobile.chkbugreport.testapp/.MainActivity: +486ms (total +2m25s792ms)
01-06 01:03:20.148 D/dalvikvm(  242): GC_EXPLICIT freed 220K, 43% free 4074K/7111K, external 0K/0K, paused 65ms
01-06 01:03:22.510 D/PowerManagerService(  144): setPowerState: mPowerState=1 newState=3 noChangeLights=false
01-06 01:03:22.510 D/PowerManagerService(  144):   oldKeyboardBright=false newKeyboardBright=false
01-06 01:03:22.510 D/PowerManagerService(  144):   oldScreenBright=false newScreenBright=true
01-06 01:03:22.510 D/PowerManagerService(  144):   oldButtonBright=false newButtonBright=false
01-06 01:03:22.510 D/PowerManagerService(  144):   oldScreenOn=true newScreenOn=true
01-06 01:03:22.510 D/PowerManagerService(  144):   oldBatteryLow=false newBatteryLow=false
01-06 01:03:22.510 I/PowerManagerService(  144): setTargetLocked mask=2 curValue=5.0 target=255 targetValue=255 delta=16.666666 nominalCurrentValue=5
01-06 01:03:22.510 D/PowerManagerService(  144): offMask=0x0 dimMask=0x0 onMask=0x4 difference=0x6 realDifference=0x6 forceState=0x0
01-06 01:03:22.520 D/PowerManagerService(  144): jumpToTargetLocked targetValue=255: 2
01-06 01:03:22.580 D/dalvikvm(  628): GC_EXTERNAL_ALLOC freed 244K, 50% free 2781K/5511K, external 520K/542K, paused 44ms
01-06 01:03:22.771 I/ActivityManager(  144): Starting: Intent { cmp=com.sonymobile.chkbugreport.testapp/.Deadlock } from pid 628
01-06 01:03:22.781 D/PhoneWindow(  628): couldn't save which view has focus because the focused view android.widget.ListView@4066ef38 has no id.
01-06 01:03:23.611 D/dalvikvm(  144): GC_FOR_MALLOC freed 247K, 39% free 5156K/8391K, external 0K/0K, paused 76ms
01-06 01:03:32.780 W/ActivityManager(  144): Launch timeout has expired, giving up wake lock!
01-06 01:03:32.810 W/ActivityManager(  144): Activity idle timeout for HistoryRecord{4077fed8 com.sonymobile.chkbugreport.testapp/.Deadlock}
01-06 01:03:37.235 I/dumpstate(  639): begin
01-06 01:03:37.245 I/dalvikvm(  144): threadid=4: reacting to signal 3
01-06 01:03:37.295 I/dalvikvm(  144): Wrote stack traces to '/data/anr/traces.txt'
01-06 01:03:37.295 I/dalvikvm(  209): threadid=4: reacting to signal 3
01-06 01:03:37.305 I/dalvikvm(  209): Wrote stack traces to '/data/anr/traces.txt'
01-06 01:03:37.315 I/dalvikvm(  219): threadid=4: reacting to signal 3
01-06 01:03:37.325 I/dalvikvm(  219): Wrote stack traces to '/data/anr/traces.txt'
01-06 01:03:37.325 I/dalvikvm(  225): threadid=4: reacting to signal 3
01-06 01:03:37.345 I/dalvikvm(  225): Wrote stack traces to '/data/anr/traces.txt'
01-06 01:03:37.355 I/dalvikvm(  242): threadid=4: reacting to signal 3
01-06 01:03:37.365 I/dalvikvm(  242): Wrote stack traces to '/data/anr/traces.txt'
01-06 01:03:37.365 I/dalvikvm(  260): threadid=4: reacting to signal 3
01-06 01:03:37.375 I/dalvikvm(  260): Wrote stack traces to '/data/anr/traces.txt'
01-06 01:03:37.385 I/dalvikvm(  272): threadid=4: reacting to signal 3
01-06 01:03:37.415 I/dalvikvm(  272): Wrote stack traces to '/data/anr/traces.txt'
01-06 01:03:37.415 I/dalvikvm(  322): threadid=4: reacting to signal 3
01-06 01:03:37.435 I/dalvikvm(  322): Wrote stack traces to '/data/anr/traces.txt'
01-06 01:03:37.445 I/dalvikvm(  348): threadid=4: reacting to signal 3
01-06 01:03:37.455 I/dalvikvm(  348): Wrote stack traces to '/data/anr/traces.txt'
01-06 01:03:37.455 I/dalvikvm(  356): threadid=4: reacting to signal 3
01-06 01:03:37.465 I/dalvikvm(  356): Wrote stack traces to '/data/anr/traces.txt'
01-06 01:03:37.465 I/dalvikvm(  364): threadid=4: reacting to signal 3
01-06 01:03:37.475 I/dalvikvm(  364): Wrote stack traces to '/data/anr/traces.txt'
01-06 01:03:37.485 I/dalvikvm(  373): threadid=4: reacting to signal 3
01-06 01:03:37.495 I/dalvikvm(  373): Wrote stack traces to '/data/anr/traces.txt'
01-06 01:03:37.495 I/dalvikvm(  383): threadid=4: reacting to signal 3
01-06 01:03:37.505 I/dalvikvm(  383): Wrote stack traces to '/data/anr/traces.txt'
01-06 01:03:37.505 I/dalvikvm(  393): threadid=4: reacting to signal 3
01-06 01:03:37.515 I/dalvikvm(  393): Wrote stack traces to '/data/anr/traces.txt'
01-06 01:03:37.525 I/dalvikvm(  474): threadid=4: reacting to signal 3
01-06 01:03:37.535 I/dalvikvm(  474): Wrote stack traces to '/data/anr/traces.txt'
01-06 01:03:37.535 I/dalvikvm(  490): threadid=4: reacting to signal 3
01-06 01:03:37.545 I/dalvikvm(  490): Wrote stack traces to '/data/anr/traces.txt'
01-06 01:03:37.545 I/dalvikvm(  513): threadid=4: reacting to signal 3
01-06 01:03:37.555 I/dalvikvm(  513): Wrote stack traces to '/data/anr/traces.txt'
01-06 01:03:37.565 I/dalvikvm(  522): threadid=4: reacting to signal 3
01-06 01:03:37.575 I/dalvikvm(  522): Wrote stack traces to '/data/anr/traces.txt'
01-06 01:03:37.585 I/dalvikvm(  539): threadid=4: reacting to signal 3
01-06 01:03:37.595 I/dalvikvm(  539): Wrote stack traces to '/data/anr/traces.txt'
01-06 01:03:37.595 I/dalvikvm(  554): threadid=4: reacting to signal 3
01-06 01:03:37.605 I/dalvikvm(  554): Wrote stack traces to '/data/anr/traces.txt'
01-06 01:03:37.605 I/dalvikvm(  584): threadid=4: reacting to signal 3
01-06 01:03:37.625 I/dalvikvm(  584): Wrote stack traces to '/data/anr/traces.txt'
01-06 01:03:37.625 I/dalvikvm(  596): threadid=4: reacting to signal 3
01-06 01:03:37.635 I/dalvikvm(  596): Wrote stack traces to '/data/anr/traces.txt'
01-06 01:03:37.645 I/dalvikvm(  609): threadid=4: reacting to signal 3
01-06 01:03:37.655 I/dalvikvm(  609): Wrote stack traces to '/data/anr/traces.txt'
01-06 01:03:37.655 I/dalvikvm(  628): threadid=4: reacting to signal 3
01-06 01:03:37.665 I/dalvikvm(  628): Wrote stack traces to '/data/anr/traces.txt'
01-06 01:03:37.875 D/dalvikvm(  322): GC_EXPLICIT freed 373K, 49% free 3047K/5959K, external 0K/0K, paused 59ms
[logcat: 0.1s elapsed]

