01-06 01:00:18.681 I/boot_progress_start(  115): 9605
01-06 01:00:21.123 I/boot_progress_preload_start(  115): 12044
01-06 01:00:21.243 I/dvm_gc_info(  115): [8825198673194448062,-9064496968966244804,-4012584086963390916,0]
01-06 01:00:21.364 I/dvm_gc_info(  115): [8825198673194422863,-9216774931366635960,-4012584086963317176,0]
01-06 01:00:21.574 I/dvm_gc_info(  115): [8825198673194427474,-9134021288213637552,-4012584086963251632,0]
01-06 01:00:21.684 I/dvm_gc_info(  115): [8825198673194431555,-9142184062538127782,-4012584086963132838,0]
01-06 01:00:21.814 I/dvm_gc_info(  115): [8825198673194431588,-9111503290076588447,-4012584086963055007,0]
01-06 01:00:22.335 I/dvm_gc_info(  115): [8825198673194402914,-9116288364680534415,-4012584086962919823,0]
01-06 01:00:22.555 I/dvm_gc_info(  115): [8825198673194407310,-9044230770642082165,-4012584086962395509,0]
01-06 01:00:23.035 I/dvm_gc_info(  115): [8825198673194427972,-8973577184249436448,-4012580719724124448,0]
01-06 01:00:23.095 I/dvm_gc_info(  115): [8825198673194419288,-9108122223117113617,-4012580719724108049,0]
01-06 01:00:23.536 I/dvm_gc_info(  115): [8825198673194485061,-9067308351494035692,-4012580719724075244,0]
01-06 01:00:23.676 I/dvm_gc_info(  115): [8825198673194435776,-9065052153633700006,-4012576321677424806,0]
01-06 01:00:23.716 I/dvm_gc_info(  115): [8825198673194435683,-9109806674930690206,-4012576321677420702,0]
01-06 01:00:23.766 I/dvm_gc_info(  115): [8825198673194443892,-9096577351025289368,-4012576321677420696,0]
01-06 01:00:24.417 I/dvm_gc_info(  115): [8825198673194554425,-9153715671785916558,-4012575222165784718,0]
01-06 01:00:24.527 I/dvm_gc_info(  115): [8825198673194480757,-9093198551793121416,-4012575222165780616,0]
01-06 01:00:24.597 I/dvm_gc_info(  115): [8825198673194484843,-9094886302141745279,-4012574122654140543,0]
01-06 01:00:24.657 I/dvm_gc_info(  115): [8825198673194484893,-9066457329493964923,-4012574122654136443,0]
01-06 01:00:24.707 I/dvm_gc_info(  115): [8825198673194443939,-9065893280028915831,-4012573023142508663,0]
01-06 01:00:24.737 I/dvm_gc_info(  115): [8825198673194448091,-9105299776768403572,-4012573023142504564,0]
01-06 01:00:25.397 I/dvm_gc_info(  115): [8825198673194551340,-8864063695818647516,-4012560997233780700,0]
01-06 01:00:25.738 I/dvm_gc_info(  115): [8825198673194543143,-8886863168932149207,-4012560997233719255,0]
01-06 01:00:25.758 I/dvm_gc_info(  115): [8825198673194484768,-9170589945456494552,-4012560997233723352,0]
01-06 01:00:26.639 I/dvm_gc_info(  115): [8825198673194526143,-9036326381565495255,-4012560997233706967,0]
01-06 01:00:26.719 I/dvm_gc_info(  115): [8825198673194493223,-9052651930214701014,-4012560997233694678,0]
01-06 01:00:26.789 I/dvm_gc_info(  115): [8825198673194501268,-9069821903794051030,-4012560997233694678,0]
01-06 01:00:26.849 I/dvm_gc_info(  115): [8825198673194517629,-9098813826395244502,-4012560997233690582,0]
01-06 01:00:26.899 I/dvm_gc_info(  115): [8825198673194493084,-9068977478863910869,-4012560997233686485,0]
01-06 01:00:26.929 I/dvm_gc_info(  115): [8825198673194488904,-9179597144711198677,-4012560997233686485,0]
01-06 01:00:26.929 I/boot_progress_preload_end(  115): 17843
01-06 01:00:26.949 I/dvm_gc_info(  115): [8825198673194492120,-9221818391217797077,-4012560997233686485,0]
01-06 01:00:26.979 I/dvm_gc_info(  115): [8825198673194487856,-9222662816147929045,-4012560997233686485,0]
01-06 01:00:27.009 I/dvm_gc_info(  115): [8825198673194487856,-9222662816147929045,-4012560997233686485,0]
01-06 01:00:27.660 I/boot_progress_system_run(  144): 18572
01-06 01:00:28.160 I/boot_progress_pms_start(  144): 19074
01-06 01:00:28.290 I/dvm_gc_info(  144): [8320808730291660273,-9031822231930578895,-4008620347559737301,0]
01-06 01:00:28.601 I/boot_progress_pms_system_scan_start(  144): 19514
01-06 01:00:28.621 I/dvm_gc_info(  144): [8320808730291705460,-8938935008562886606,-4008338872583026645,0]
01-06 01:00:29.441 I/dvm_gc_info(  144): [8320808730291824188,-9019436783115446217,-4006931497699473365,0]
01-06 01:00:30.292 I/dvm_gc_info(  144): [8320808730291824203,-8994103760266409926,-4006087072769341397,0]
01-06 01:00:30.943 I/dvm_gc_info(  144): [8320808730291672660,-8985096286083356611,-4004961172862498773,0]
01-06 01:00:31.634 I/boot_progress_pms_data_scan_start(  144): 22552
01-06 01:00:31.724 I/boot_progress_pms_scan_end(  144): 22645
01-06 01:00:31.784 I/dvm_gc_info(  144): [8320808730291676749,-8980592480230369215,-4004116747932366805,0]
01-06 01:00:31.914 I/boot_progress_pms_ready(  144): 22830
01-06 01:00:32.004 I/dvm_gc_info(  144): [8320808730291983975,-8962577944315561923,-4004961172862498773,0]
01-06 01:00:32.354 I/battery_status(  144): [3,2,1,0,Li-ion]
01-06 01:00:32.354 I/battery_level(  144): [81,3840,233]
01-06 01:00:32.705 I/dvm_gc_info(  144): [8320808730291713583,-9032383738489386942,-4003835272955656149,0]
01-06 01:00:32.795 I/free_storage_left(  144): [140627968,29884416,98381824]
01-06 01:00:32.795 I/free_storage_changed(  144): 140627968
01-06 01:00:33.175 I/dvm_gc_info(  144): [8320808730291668574,-9030976157397030843,-4002990848025524181,0]
01-06 01:00:33.275 I/backup_data_changed(  144): android
01-06 01:00:33.285 I/backup_data_changed(  144): com.android.inputmethod.latin
01-06 01:00:33.285 I/backup_data_changed(  144): com.android.providers.settings
01-06 01:00:33.295 I/backup_data_changed(  144): com.android.providers.userdictionary
01-06 01:00:33.295 I/backup_data_changed(  144): com.android.vending
01-06 01:00:33.305 I/am_create_service(  144): [1081889976,com.google.android.backup/.BackupTransportService,,144]
01-06 01:00:33.305 I/backup_data_changed(  144): android
01-06 01:00:33.305 I/backup_data_changed(  144): com.android.inputmethod.latin
01-06 01:00:33.305 I/backup_data_changed(  144): com.android.providers.settings
01-06 01:00:33.305 I/backup_data_changed(  144): com.android.providers.userdictionary
01-06 01:00:33.305 I/backup_data_changed(  144): com.android.vending
01-06 01:00:33.355 I/power_screen_state(  144): [1,3,0,0]
01-06 01:00:33.355 I/power_screen_broadcast_send(  144): 1
01-06 01:00:33.375 I/screen_toggled(  144): 1
01-06 01:00:33.385 I/boot_progress_ams_ready(  144): 24307
01-06 01:00:33.395 I/am_proc_start(  144): [209,1000,com.android.systemui,service,com.android.systemui/.statusbar.StatusBarService]
01-06 01:00:33.395 I/configuration_changed(  144): 512
01-06 01:00:33.475 I/dvm_gc_madvise_info(  209): [684032,438272]
01-06 01:00:33.535 I/am_create_service(  144): [1082456704,android/com.android.internal.service.wallpaper.ImageWallpaper,act=android.service.wallpaper.WallpaperService,144]
01-06 01:00:33.555 I/am_proc_start(  144): [219,10020,com.android.inputmethod.latin,service,com.android.inputmethod.latin/.LatinIME]
01-06 01:00:33.575 I/am_proc_bound(  144): [209,com.android.systemui]
01-06 01:00:33.585 I/am_create_service(  144): [1082158728,com.android.systemui/.statusbar.StatusBarService,,209]
01-06 01:00:33.676 I/dvm_gc_madvise_info(  219): [679936,438272]
01-06 01:00:33.686 I/am_proc_start(  144): [225,1001,com.android.phone,added application,com.android.phone]
01-06 01:00:33.806 I/dvm_gc_madvise_info(  225): [679936,438272]
01-06 01:00:33.966 I/dvm_gc_info(  144): [8320808730291779170,-8991287979488782265,-4002146423095392213,0]
01-06 01:00:34.026 I/dvm_gc_info(  209): [8320808730291672675,-8996919334902372307,-4009746247466579925,0]
01-06 01:00:34.046 I/am_create_task(  144): 2
01-06 01:00:34.046 I/am_create_activity(  144): [1082613416,2,com.android.launcher/com.android.launcher2.Launcher,android.intent.action.MAIN,NULL,NULL,268435456]
01-06 01:00:34.046 I/am_proc_start(  144): [242,10021,com.android.launcher,activity,com.android.launcher/com.android.launcher2.Launcher]
01-06 01:00:34.046 I/am_proc_bound(  144): [219,com.android.inputmethod.latin]
01-06 01:00:34.056 I/am_create_service(  144): [1082482752,com.android.inputmethod.latin/.LatinIME,act=android.view.InputMethod,219]
01-06 01:00:34.056 I/notification_cancel(  144): [android,17302995,0]
01-06 01:00:34.066 I/am_proc_bound(  144): [225,com.android.phone]
01-06 01:00:34.186 I/dvm_gc_madvise_info(  242): [679936,438272]
01-06 01:00:34.286 I/am_proc_bound(  144): [242,com.android.launcher]
01-06 01:00:34.296 I/am_restart_activity(  144): [1082613416,2,com.android.launcher/com.android.launcher2.Launcher]
01-06 01:00:34.476 I/dvm_gc_info(  225): [8099846449757582949,-8992978685228423123,-4009746247466579925,0]
01-06 01:00:34.486 I/dvm_gc_info(  219): [7809651225003234914,-8996919334902372308,-4009746247466579925,0]
01-06 01:00:34.536 I/dvm_gc_info(  209): [8320808730292372635,-9069258403917006803,-4009746247466579925,0]
01-06 01:00:34.657 I/dvm_gc_info(  144): [8320808730291721852,-8954414620083943352,-4002146423095392213,0]
01-06 01:00:34.677 I/dvm_gc_info(  242): [7809652345805055590,-8992134260298291156,-4009746247466579925,0]
01-06 01:00:34.927 I/dvm_gc_info(  219): [7809651225003594930,-9065599229219768275,-4009746247466579925,0]
01-06 01:00:34.977 I/dvm_gc_info(  209): [8320808730292311392,-9125834874235844562,-4009746247466579925,6829699]
01-06 01:00:35.077 I/dvm_gc_info(  144): [8320808730291955268,-9007050372009379768,-4001864948118681557,0]
01-06 01:00:35.097 I/am_proc_start(  144): [260,10001,android.process.acore,content provider,com.android.providers.userdictionary/.UserDictionaryProvider]
01-06 01:00:35.217 I/dvm_gc_madvise_info(  260): [679936,438272]
01-06 01:00:35.297 I/am_proc_bound(  144): [260,android.process.acore]
01-06 01:00:35.477 I/dvm_gc_info(  144): [8320808730292270564,-9117951512833370040,-4001864948118681557,0]
01-06 01:00:35.487 I/binder_sample(  225): [android.app.IActivityManager,12,178,com.android.phone,35]
01-06 01:00:35.567 I/dvm_gc_info(  219): [7809651225003934848,-9108383425679779795,-4009746247466579925,6817397]
01-06 01:00:35.668 I/dvm_gc_info(  144): [8320808730291856813,-9162987509107070904,-4001864948118681557,0]
01-06 01:00:35.668 I/binder_sample(  242): [android.content.IContentService,2,71,com.android.launcher,14]
01-06 01:00:35.708 I/am_proc_start(  144): [272,10017,com.google.process.gapps,service,com.google.android.gsf/.loginservice.GoogleLoginService]
01-06 01:00:35.758 I/configuration_changed(  144): 504
01-06 01:00:35.768 I/am_relaunch_resume_activity(  144): [1082613416,2,com.android.launcher/com.android.launcher2.Launcher]
01-06 01:00:35.818 I/dvm_lock_sample(  144): [system_server,0,PowerManagerService,2448,KeyguardViewMediator.java,351,-,981,100]
01-06 01:00:35.858 I/dvm_gc_madvise_info(  272): [675840,438272]
01-06 01:00:35.978 I/dvm_gc_info(  260): [7017575181485000291,-8999452609692772308,-4009746247466579925,0]
01-06 01:00:35.988 I/am_proc_bound(  144): [272,com.google.process.gapps]
01-06 01:00:35.988 I/am_create_service(  144): [1082372312,com.google.android.gsf/.loginservice.GoogleLoginService,act=android.accounts.AccountAuthenticator,272]
01-06 01:00:36.028 I/dvm_gc_info(  209): [8320808730292303409,-9061095629592373201,-4009746247466579925,7345861]
01-06 01:00:36.178 I/dvm_gc_info(  144): [8320808730292336098,-9069819291815835575,-4001864948118681557,0]
01-06 01:00:36.218 I/binder_sample(  219): [android.app.IActivityManager,110,322,com.android.inputmethod.latin,64]
01-06 01:00:36.268 I/notification_cancel(  144): [com.android.phone,2,0]
01-06 01:00:36.378 I/am_create_service(  144): [1081645504,com.android.phone/.BluetoothHeadsetService,act=android.bluetooth.IBluetoothHeadset,225]
01-06 01:00:36.628 I/dvm_gc_info(  272): [7449358886915671634,-9009585777573836756,-4010027722443290581,0]
01-06 01:00:36.739 I/dvm_gc_info(  242): [7809652345805067824,-9046740336993486799,-4008620347559737301,0]
01-06 01:00:36.779 I/dvm_gc_info(  144): [8320808730292594219,-9063345367334717367,-4001864948118681557,0]
01-06 01:00:36.779 I/binder_sample(  260): [android.content.IContentService,1,262,android.process.acore,52]
01-06 01:00:37.099 I/dvm_gc_info(  209): [8320808730291721780,-9125834736645871568,-3996798398537889749,8550437]
01-06 01:00:37.169 I/dvm_gc_info(  225): [8099846449757656611,-9037451662762059727,-4008620347559737301,0]
01-06 01:00:37.229 I/db_sample(  260): [/data/data/com.android.providers.contacts/databases/contacts2.db,CREATE TRIGGER presence_db.presence_inserted AFTER INSERT ON pre,5,android.process.acore,2]
01-06 01:00:37.309 I/db_sample(  260): [/data/data/com.android.providers.contacts/databases/contacts2.db,SELECT _id FROM mimetypes WHERE mimetype=?,23,android.process.acore,5]
01-06 01:00:37.369 I/dvm_gc_info(  144): [8320808730291705457,-9015213077580933046,-4001301998165260245,0]
01-06 01:00:37.369 I/am_create_task(  144): 3
01-06 01:00:37.369 I/am_create_activity(  144): [1082155264,3,com.android.phone/.InCallScreen,com.android.phone.InCallScreen.CREATE_ACTIVITION_ONLY,NULL,NULL,277086208]
01-06 01:00:37.369 I/am_pause_activity(  144): [1082613416,com.android.launcher/com.android.launcher2.Launcher]
01-06 01:00:37.379 I/binder_sample(  209): [android.app.IActivityManager,12,367,com.android.systemui,73]
01-06 01:00:37.399 I/binder_sample(  225): [android.app.IActivityManager,3,540,com.android.phone,100]
01-06 01:00:37.489 I/gsm_service_state_change(  225): [1,1,3,1]
01-06 01:00:37.619 I/db_sample(  260): [:memory:,PRAGMA table_info(applications),38,,8]
01-06 01:00:37.639 I/dvm_gc_info(  144): [8320808730292024896,-9067004404576212919,-4001583473141970901,0]
01-06 01:00:37.689 I/am_create_service(  144): [1081448568,com.google.android.location/.NetworkLocationService,act=com.google.android.location.NetworkLocationProvider,272]
01-06 01:00:37.830 I/binder_sample(  225): [android.app.IActivityManager,14,330,com.android.phone,66]
01-06 01:00:37.840 I/binder_sample(  260): [android.app.IActivityManager,12,324,android.process.acore,64]
01-06 01:00:37.870 I/gsm_data_state_change(  225): [IDLE,DISCONNECTING]
01-06 01:00:37.870 I/gsm_data_state_change(  225): [DISCONNECTING,IDLE]
01-06 01:00:37.890 I/am_on_resume_called(  242): com.android.launcher2.Launcher
01-06 01:00:38.010 I/am_on_paused_called(  242): com.android.launcher2.Launcher
01-06 01:00:38.110 I/notification_cancel(  144): [com.android.phone,5,0]
01-06 01:00:38.120 I/notification_cancel(  144): [com.android.phone,6,0]
01-06 01:00:38.190 I/notification_cancel(  144): [com.android.phone,7,0]
01-06 01:00:38.190 I/notification_cancel(  144): [com.android.phone,7,0]
01-06 01:00:38.250 I/dvm_gc_info(  242): [7809652345805080120,-9032103363276240845,-4007775922629605333,0]
01-06 01:00:38.430 I/dvm_gc_info(  242): [7809652345805579435,-9063628560684627917,-4008057397606315989,0]
01-06 01:00:38.540 I/gsm_service_state_change(  225): [3,1,1,1]
01-06 01:00:38.560 I/binder_sample(  209): [android.view.IWindowSession,4,20,com.android.systemui,4]
01-06 01:00:38.761 I/dvm_gc_info(  272): [7449358886915749468,-9005926465420834770,-4009464772489869269,0]
01-06 01:00:38.931 I/dvm_gc_info(  209): [8320808730292397466,-9055465992468191184,-3996798398537889749,8550438]
01-06 01:00:39.001 I/binder_sample(  209): [android.view.IWindowSession,4,17,com.android.systemui,3]
01-06 01:00:39.021 I/db_sample(  272): [/data/data/com.google.android.gsf/databases/subscribedfeeds.db,BEGIN EXCLUSIVE;,1,com.google.process.gapps,1]
01-06 01:00:39.031 I/binder_sample(  209): [com.android.internal.statusbar.IStatusBarService,4,5,com.android.systemui,1]
01-06 01:00:39.381 I/dvm_gc_info(  144): [8320808730291766869,-9004798434723133365,-4001301998165260245,0]
01-06 01:00:39.521 I/dvm_gc_info(  260): [7017575181487261231,-9032103638204553168,-4008901822536447957,0]
01-06 01:00:39.651 I/db_sample(  219): [/data/data/com.android.inputmethod.latin/databases/auto_dict.db,SELECT _id, word, locale, freq FROM words WHERE (locale=?) ORDER,240,,49]
01-06 01:00:39.792 I/dvm_gc_info(  242): [7809652345805030961,-9041110356305360841,-4006650022722762709,0]
01-06 01:00:39.922 I/dvm_gc_info(  144): [8320808730291815998,-9051523280840320949,-4001020523188549589,0]
01-06 01:00:39.952 I/am_on_resume_called(  242): com.android.launcher2.Launcher
01-06 01:00:39.962 I/am_on_paused_called(  242): com.android.launcher2.Launcher
01-06 01:00:39.972 I/am_restart_activity(  144): [1082155264,3,com.android.phone/.InCallScreen]
01-06 01:00:40.152 I/dvm_gc_info(  225): [8099846449757972054,-9039703325136783312,-4008620347559737301,0]
01-06 01:00:40.182 I/binder_sample(  242): [android.app.IActivityManager,19,216,com.android.launcher,43]
01-06 01:00:40.252 I/db_sample(  260): [:memory:,INSERT INTO applications ('_id', 'name', 'description', 'package,593,,100]
01-06 01:00:40.382 I/dvm_gc_info(  144): [8320808730291979833,-9036886582034577332,-4000739048211838933,0]
01-06 01:00:40.562 I/dvm_gc_madvise_info(  219): [688128,438272]
01-06 01:00:40.622 I/dvm_gc_info(  225): [8099846449757488747,-9000015147228583886,-4006931497699473365,6817353]
01-06 01:00:40.652 I/am_destroy_service(  144): [1082372312,com.google.android.gsf/.loginservice.GoogleLoginService,272]
01-06 01:00:40.933 I/dvm_gc_info(  225): [8099846449757640312,-8996637378788583374,-4006368547746052053,6817379]
01-06 01:00:41.103 I/dvm_gc_info(  225): [8099846449757643876,-9128930617842587597,-4006368547746052053,6817390]
01-06 01:00:41.413 I/db_sample(  260): [:memory:,INSERT INTO applications ('_id', 'name', 'description', 'package,272,,55]
01-06 01:00:41.453 I/content_query_sample(  219): [content://com.android.contacts/contacts,_id/display_name,,,1782,,100]
01-06 01:00:41.633 I/dvm_gc_info(  225): [8099846449757701684,-9152574515886278605,-4006368547746052053,7698254]
01-06 01:00:41.643 I/dvm_gc_info(  144): [8320808730291701373,-8983687673980532659,-4000457573235128277,0]
01-06 01:00:42.044 I/dvm_gc_info(  144): [8320808730291893634,-9038856769399031731,-4000457573235128277,0]
01-06 01:00:42.134 I/dvm_gc_info(  225): [8099846449757582922,-9167774095842068429,-3999050198351574997,8239041]
01-06 01:00:42.224 I/dvm_gc_info(  225): [8099846449757631758,-9199299293233657805,-3999050198351574997,8239065]
01-06 01:00:42.744 I/dvm_gc_info(  225): [8099846449757652555,-9157922471657191373,-3999050198351574997,8546342]
01-06 01:00:42.875 I/db_sample(  260): [:memory:,INSERT INTO applications ('_id', 'name', 'description', 'package,197,,40]
01-06 01:00:42.995 I/dvm_gc_info(  225): [8099846449757587013,-9116827125057423308,-3999050198351574997,8636476]
01-06 01:00:43.035 I/dvm_gc_info(  242): [7809652345805358702,-9015495789793732551,-4006368547746052053,0]
01-06 01:00:43.135 I/dvm_gc_info(  225): [8099846449757570595,-9146944947565463500,-3999050198351574997,8702026]
01-06 01:00:43.425 I/dvm_gc_info(  225): [8099846449757582622,-9069820803946731467,-3999050198351574997,8804448]
01-06 01:00:43.475 I/am_pause_activity(  144): [1082155264,com.android.phone/.InCallScreen]
01-06 01:00:43.475 I/am_on_resume_called(  225): com.android.phone.InCallScreen
01-06 01:00:43.505 I/am_on_paused_called(  225): com.android.phone.InCallScreen
01-06 01:00:43.525 I/am_resume_activity(  144): [1082613416,2,com.android.launcher/com.android.launcher2.Launcher]
01-06 01:00:43.685 I/power_screen_broadcast_done(  144): [1,10314,1]
01-06 01:00:43.765 I/dvm_gc_madvise_info(  272): [565248,438272]
01-06 01:00:43.966 I/am_proc_start(  144): [322,10039,com.android.vending,broadcast,com.android.vending/.MarketWidgetProvider]
01-06 01:00:43.986 I/boot_progress_enable_screen(  144): 34906
01-06 01:00:44.016 I/dvm_gc_madvise_info(  209): [626688,438272]
01-06 01:00:44.086 I/dvm_gc_info(  242): [7809652345805211265,-9040546925282019270,-4006087072769341397,0]
01-06 01:00:44.116 I/dvm_gc_madvise_info(  322): [675840,438272]
01-06 01:00:44.136 I/am_proc_bound(  144): [322,com.android.vending]
01-06 01:00:44.226 I/content_query_sample(  219): [content://user_dictionary/words,_id/word/frequency,(locale IS NULL) or (locale=?),,4565,,100]
01-06 01:00:44.286 I/dvm_gc_info(  322): [8531346446660728422,-8990726885414737876,-4009746247466579925,0]
01-06 01:00:44.616 I/dvm_gc_info(  242): [7809652345805018743,-9043361675032340422,-4005805597792630741,0]
01-06 01:00:44.776 I/dvm_gc_info(  242): [7809652345805288997,-9061939023512033223,-4006368547746052053,0]
01-06 01:00:44.897 I/dvm_gc_madvise_info(  260): [528384,438272]
01-06 01:00:44.907 I/am_on_resume_called(  242): com.android.launcher2.Launcher
01-06 01:00:45.147 I/activity_launch_time(  144): [1082613416,com.android.launcher/com.android.launcher2.Launcher,11102,11102]
01-06 01:00:45.157 I/activity_launch_time(  144): [1082155264,com.android.phone/.InCallScreen,5188,5188]
01-06 01:00:45.207 I/backup_data_changed(  144): com.android.vending
01-06 01:00:45.227 I/dvm_gc_info(  322): [8531346446660822614,-9012963271085553617,-4008901822536447957,0]
01-06 01:00:45.547 I/dvm_gc_info(  242): [7809652345805100642,-9048146749653198791,-4006087072769341397,0]
01-06 01:00:45.627 I/dvm_gc_info(  144): [8320808730291721866,-8944562583498241971,-4000457573235128277,0]
01-06 01:00:45.647 I/am_proc_start(  144): [348,10012,android.process.media,content provider,com.android.providers.downloads/.DownloadProvider]
01-06 01:00:45.767 I/dvm_gc_madvise_info(  348): [675840,438272]
01-06 01:00:45.807 I/am_proc_bound(  144): [348,android.process.media]
01-06 01:00:45.877 I/dvm_gc_info(  322): [8531346446660789883,-9003955865655584720,-4008901822536447957,0]
01-06 01:00:45.958 I/am_proc_start(  144): [356,1030,com.android.updater,broadcast,com.android.updater/.Widget]
01-06 01:00:46.008 I/dvm_gc_madvise_info(  356): [671744,438272]
01-06 01:00:46.018 I/dvm_gc_info(  242): [7809652345805059698,-8996355353921669062,-4005805597792630741,0]
01-06 01:00:46.078 I/dvm_gc_info(  115): [8825198673194877998,-9137938573129119701,-4010309197420001237,0]
01-06 01:00:46.078 I/am_proc_bound(  144): [356,com.android.updater]
01-06 01:00:46.158 I/dvm_gc_info(  115): [8825198673194737712,-9222662541119027157,-4010309197420001237,0]
01-06 01:00:46.238 I/dvm_gc_info(  115): [8825198673194676272,-9222662541119027157,-4010309197420001237,0]
01-06 01:00:46.308 I/binder_sample(  322): [android.app.IActivityManager,110,45,com.android.vending,9]
01-06 01:00:46.388 I/dvm_gc_info(  356): [8462374069549999726,-8991008360391456724,-4010027722443290581,0]
01-06 01:00:46.428 I/dvm_gc_info(  242): [7809652345805067909,-9006206909387057094,-4005805597792630741,0]
01-06 01:00:46.438 I/am_proc_start(  144): [364,1000,com.android.settings,broadcast,com.android.settings/.widget.SettingsAppWidgetProvider]
01-06 01:00:46.498 I/am_proc_bound(  144): [364,com.android.settings]
01-06 01:00:46.838 I/dvm_gc_info(  364): [8315180330336224867,-8997200809879078867,-4009746247466579925,0]
01-06 01:00:47.099 I/am_proc_start(  144): [373,10027,com.miui.notes,broadcast,com.miui.notes/.widget.NoteWidgetProvider_2x]
01-06 01:00:47.179 I/am_proc_bound(  144): [373,com.miui.notes]
01-06 01:00:47.419 I/dvm_gc_info(  242): [7809652345805067859,-9038858006651910084,-4005242647839209429,0]
01-06 01:00:47.619 I/dvm_gc_info(  373): [7957707045656983142,-8993541635181844436,-4009746247466579925,0]
01-06 01:00:47.749 I/binder_sample(  322): [android.app.IActivityManager,110,186,com.android.vending,37]
01-06 01:00:47.749 I/binder_sample(  356): [android.app.IActivityManager,110,129,com.android.updater,25]
01-06 01:00:47.829 I/dvm_gc_info(  144): [8320808730291942970,-9010146253055043507,-4000457573235128277,0]
01-06 01:00:47.849 I/dvm_lock_sample(  144): [system_server,0,Binder Thread #1,10,ActivityManagerService.java,6936,-,6960,2]
01-06 01:00:47.859 I/binder_sample(  373): [android.app.IActivityManager,110,119,com.miui.notes,23]
01-06 01:00:47.899 I/am_proc_start(  144): [383,10011,com.android.deskclock,broadcast,com.android.deskclock/com.android.alarmclock.AnalogAppWidgetProvider]
01-06 01:00:47.990 I/am_proc_bound(  144): [383,com.android.deskclock]
01-06 01:00:48.090 I/binder_sample(  356): [android.app.IActivityManager,110,338,com.android.updater,67]
01-06 01:00:48.160 I/binder_sample(  322): [android.app.IActivityManager,110,415,com.android.vending,83]
01-06 01:00:48.230 I/binder_sample(  356): [android.app.IActivityManager,110,144,com.android.updater,28]
01-06 01:00:48.330 I/dvm_gc_info(  383): [7234315281500325482,-8994667535088691156,-4009746247466579925,0]
01-06 01:00:48.360 I/am_proc_start(  144): [393,10007,com.android.providers.calendar,broadcast,com.android.providers.calendar/.CalendarAppWidgetProvider]
01-06 01:00:48.370 I/binder_sample(  364): [android.app.IActivityManager,110,531,com.android.settings,100]
01-06 01:00:48.410 I/binder_sample(  348): [android.content.pm.IPackageManager,1,609,android.process.media,100]
01-06 01:00:48.420 I/am_proc_bound(  144): [393,com.android.providers.calendar]
01-06 01:00:48.450 I/dvm_gc_madvise_info(  225): [745472,438272]
01-06 01:00:48.660 I/dvm_gc_info(  393): [7161124065388951142,-8995793434995529684,-4009746247466579925,0]
01-06 01:00:48.660 I/binder_sample(  383): [android.app.IActivityManager,16,243,com.android.deskclock,48]
01-06 01:00:48.670 I/binder_sample(  373): [android.app.IActivityManager,16,779,com.miui.notes,100]
01-06 01:00:48.740 I/db_sample(  393): [/data/data/com.android.providers.calendar/databases/calendar.db,BEGIN EXCLUSIVE;,0,com.android.providers.calendar,1]
01-06 01:00:48.790 I/binder_sample(  242): [android.view.IWindowSession,8,20,com.android.launcher,4]
01-06 01:00:48.800 I/dvm_gc_info(  144): [8320808730291815975,-9045330556424394674,-4000176098258417621,0]
01-06 01:00:48.880 I/dvm_gc_info(  144): [8320808730291852458,-9219000548318615474,-4000176098258417621,0]
01-06 01:00:48.920 I/am_create_service(  144): [1082449544,com.android.providers.calendar/.CalendarAppWidgetService,,393]
01-06 01:00:48.940 I/binder_sample(  364): [android.app.IActivityManager,110,199,com.android.settings,39]
01-06 01:00:48.981 I/binder_sample(  383): [android.app.IActivityManager,110,191,com.android.deskclock,38]
01-06 01:00:49.011 I/binder_sample(  373): [android.app.IActivityManager,110,280,com.miui.notes,56]
01-06 01:00:49.021 I/binder_sample(  364): [android.app.IActivityManager,110,75,com.android.settings,15]
01-06 01:00:49.151 I/dvm_gc_info(  144): [8320808730292200660,-9065315211034601394,-4000176098258417621,0]
01-06 01:00:49.151 I/dvm_gc_info(  242): [7809652345805039177,-9032102538457782209,-4004679697885788117,0]
01-06 01:00:49.211 I/dvm_gc_info(  144): [8320808730291789864,-9222941129256314802,-3999894623281706965,0]
01-06 01:00:49.231 I/binder_sample(  242): [android.view.IWindowSession,4,117,com.android.launcher,23]
01-06 01:00:49.241 I/am_proc_start(  144): [405,1000,com.miui.antispam,broadcast,com.miui.antispam/.firewall.FirewallReceiver]
01-06 01:00:49.301 I/am_proc_bound(  144): [405,com.miui.antispam]
01-06 01:00:49.321 I/dvm_gc_info(  348): [7882817126544954981,-8996919334902372308,-4009746247466579925,0]
01-06 01:00:49.351 I/binder_sample(  383): [android.app.IActivityManager,110,369,com.android.deskclock,73]
01-06 01:00:49.391 I/content_query_sample(  393): [content://com.android.calendar/properties,key/value,,,451,,91]
01-06 01:00:49.511 I/binder_sample(  393): [android.app.IActivityManager,110,387,com.android.providers.calendar,77]
01-06 01:00:49.511 I/binder_sample(  364): [android.app.IActivityManager,110,386,com.android.settings,77]
01-06 01:00:49.651 I/binder_sample(  383): [android.app.IActivityManager,110,122,com.android.deskclock,24]
01-06 01:00:49.751 I/dvm_gc_info(  405): [7020676865367041629,-9004800634250278868,-4010027722443290581,0]
01-06 01:00:49.781 I/notification_cancel(  144): [com.miui.antispam,799,0]
01-06 01:00:49.811 I/binder_sample(  383): [android.app.IActivityManager,110,166,com.android.deskclock,33]
01-06 01:00:49.851 I/content_query_sample(  405): [content://firewall/log,count(*),type=? AND read=?,,70,com.miui.antispam,15]
01-06 01:00:49.881 I/notification_cancel(  144): [com.miui.antispam,798,0]
01-06 01:00:49.881 I/am_proc_start(  144): [416,10002,com.miui.backup,broadcast,com.miui.backup/com.miui.milk.ui.AutoBackupInitReceiver]
01-06 01:00:49.941 I/am_proc_bound(  144): [416,com.miui.backup]
01-06 01:00:50.102 I/am_proc_start(  144): [424,10003,com.android.bluetooth,broadcast,com.android.bluetooth/.opp.BluetoothOppReceiver]
01-06 01:00:50.162 I/am_proc_bound(  144): [424,com.android.bluetooth]
01-06 01:00:50.322 I/binder_sample(  416): [android.app.IActivityManager,110,132,com.miui.backup,26]
01-06 01:00:50.412 I/dvm_gc_info(  242): [7809652345805145670,-9027880276334585791,-4004116747932366805,0]
01-06 01:00:50.422 I/am_create_service(  144): [1082621968,com.android.bluetooth/.opp.BluetoothOppService,,424]
01-06 01:00:50.462 I/binder_sample(  405): [android.app.IActivityManager,16,134,com.miui.antispam,26]
01-06 01:00:50.502 I/binder_sample(  383): [android.app.IActivityManager,110,432,com.android.deskclock,86]
01-06 01:00:50.512 I/am_create_service(  144): [1082688552,com.android.providers.calendar/.EmptyService,,393]
01-06 01:00:50.512 I/binder_sample(  416): [android.app.IActivityManager,110,78,com.miui.backup,15]
01-06 01:00:50.562 I/dvm_gc_info(  424): [7092172591800104550,-8996074909972248532,-4010027722443290581,0]
01-06 01:00:50.622 I/db_sample(  393): [/data/data/com.android.providers.calendar/databases/calendar.db,SELECT key, value FROM CalendarCache WHERE key=?,0,,1]
01-06 01:00:50.642 I/content_query_sample(  393): [content://com.android.calendar/instances/when/315964848934/316569648934,allDay/begin/end/color/title/rrule/hasAlarm/eventLocation/calendar_id/event_id,selected=1 AND selfAttendeeStatus!=2,startDay ASC, allDay DESC, begin ASC,925,,100]
01-06 01:00:50.652 I/binder_sample(  416): [android.app.IActivityManager,110,103,com.miui.backup,20]
01-06 01:00:50.782 I/notification_cancel_all(  144): [com.android.bluetooth,0]
01-06 01:00:50.882 I/am_create_service(  144): [1083050136,com.android.providers.downloads/.DownloadService,,348]
01-06 01:00:50.882 I/am_proc_start(  144): [441,10013,com.android.email,broadcast,com.android.email/.service.EmailBroadcastReceiver]
01-06 01:00:51.022 I/binder_sample(  405): [android.app.IActivityManager,69,268,com.miui.antispam,53]
01-06 01:00:51.033 I/binder_sample(  416): [android.app.IActivityManager,110,364,com.miui.backup,72]
01-06 01:00:51.113 I/content_query_sample(  393): [content://com.android.calendar/calendar_alerts,alarmTime,state=0 AND alarmTime<? AND alarmTime>? AND end>=?,alarmTime ASC,366,,74]
01-06 01:00:51.113 I/dvm_gc_info(  242): [7809652345805125255,-9005080597062596544,-4004116747932366805,0]
01-06 01:00:51.123 I/dvm_gc_madvise_info(  322): [688128,438272]
01-06 01:00:51.193 I/am_proc_bound(  144): [441,com.android.email]
01-06 01:00:51.243 I/dvm_gc_info(  144): [8320808730292864638,-9001138847608297393,-3999894623281706965,0]
01-06 01:00:51.253 I/dvm_gc_madvise_info(  441): [598016,438272]
01-06 01:00:51.423 I/dvm_gc_info(  242): [7809652345805755570,-9063064442265008065,-4004398222909077461,0]
01-06 01:00:51.483 I/dvm_gc_info(  441): [7308604875703674469,-8991852785321584596,-4009746247466579925,0]
01-06 01:00:51.563 I/dvm_gc_madvise_info(  356): [757760,438272]
01-06 01:00:51.583 I/binder_sample(  348): [android.content.IContentService,1,449,android.process.media,89]
01-06 01:00:51.583 I/notification_cancel_all(  144): [com.android.providers.downloads,0]
01-06 01:00:51.603 I/binder_sample(  242): [android.app.IActivityManager,110,174,com.android.launcher,34]
01-06 01:00:51.643 I/binder_sample(  383): [android.app.IActivityManager,110,461,com.android.deskclock,92]
01-06 01:00:51.643 I/binder_sample(  405): [android.app.IActivityManager,110,567,com.miui.antispam,100]
01-06 01:00:51.673 I/content_update_sample(  424): [content://com.android.bluetooth.opp/btopp,delete,direction=0 AND status>=200 AND visibility=1,773,,100]
01-06 01:00:51.703 I/binder_sample(  424): [android.app.IActivityManager,110,468,com.android.bluetooth,93]
01-06 01:00:52.003 I/am_create_service(  144): [1082261920,com.android.email/com.android.exchange.SyncManager,,441]
01-06 01:00:52.064 I/am_create_service(  144): [1082565688,com.android.email/.service.EmailBroadcastProcessorService,,441]
01-06 01:00:52.074 I/am_proc_start(  144): [458,10016,com.google.android.gm,broadcast,com.google.android.gm/.MailIntentReceiver]
01-06 01:00:52.124 I/binder_sample(  383): [android.app.IActivityManager,110,192,com.android.deskclock,38]
01-06 01:00:52.124 I/dvm_gc_madvise_info(  458): [671744,438272]
01-06 01:00:52.134 I/content_query_sample(  424): [content://com.android.bluetooth.opp/btopp,,,_id,1006,,100]
01-06 01:00:52.144 I/binder_sample(  416): [android.app.IActivityManager,110,559,com.miui.backup,100]
01-06 01:00:52.154 I/dvm_gc_madvise_info(  416): [438272,438272]
01-06 01:00:52.174 I/dvm_gc_madvise_info(  364): [667648,438272]
01-06 01:00:52.214 I/content_update_sample(  424): [content://com.android.bluetooth.opp/btopp,delete,direction=1 AND status>200 AND visibility=1,541,,100]
01-06 01:00:52.284 I/content_query_sample(  441): [content://com.android.email.provider/account,count(*),,,78,com.android.email,16]
01-06 01:00:52.294 I/binder_sample(  405): [android.app.IActivityManager,110,265,com.miui.antispam,53]
01-06 01:00:52.314 I/am_proc_bound(  144): [458,com.google.android.gm]
01-06 01:00:52.344 I/binder_sample(  424): [android.app.IActivityManager,110,68,com.android.bluetooth,13]
01-06 01:00:52.444 I/dvm_gc_info(  458): [7594245893398791782,-8991008360391452628,-4009746247466579925,0]
01-06 01:00:52.534 I/am_destroy_service(  144): [1082565688,com.android.email/.service.EmailBroadcastProcessorService,441]
01-06 01:00:52.534 I/am_destroy_service(  144): [1082621968,com.android.bluetooth/.opp.BluetoothOppService,424]
01-06 01:00:52.594 I/binder_sample(  405): [android.app.IActivityManager,110,126,com.miui.antispam,25]
01-06 01:00:52.634 I/am_destroy_service(  144): [1082261920,com.android.email/com.android.exchange.SyncManager,441]
01-06 01:00:52.724 I/dvm_gc_info(  144): [8320808730291631732,-9007612772072642481,-3999894623281706965,0]
01-06 01:00:52.784 I/dvm_gc_info(  144): [8320808730291778745,-9068974316995569585,-3999894623281706965,0]
01-06 01:00:52.794 I/dvm_gc_madvise_info(  373): [692224,438272]
01-06 01:00:52.794 I/content_query_sample(  424): [content://com.android.bluetooth.opp/btopp,,status >= '200' AND (visibility IS NULL OR visibility == '0') AND (direction == 0),timestamp DESC,378,,76]
01-06 01:00:52.844 I/dvm_gc_info(  144): [8320808730291822592,-9223222466760501167,-3999050198351574997,0]
01-06 01:00:52.904 I/notification_cancel(  144): [com.android.bluetooth,-1000005,0]
01-06 01:00:52.914 I/am_destroy_service(  144): [1082449544,com.android.providers.calendar/.CalendarAppWidgetService,393]
01-06 01:00:52.954 I/notification_cancel(  144): [com.android.bluetooth,-1000006,0]
01-06 01:00:52.954 I/content_query_sample(  322): [content://downloads/my_downloads,_id/uri/status/lastmod/title,,,2285,,100]
01-06 01:00:52.964 I/am_create_service(  144): [1082567384,com.google.android.gm/.MailIntentService,act=android.intent.action.BOOT_COMPLETED,458]
01-06 01:00:52.964 I/content_query_sample(  348): [content://downloads/all_downloads,_id,status >= '200',lastmod,820,,100]
01-06 01:00:53.115 I/am_create_service(  144): [1082891912,com.google.android.gm/.downloadprovider.DownloadService,,458]
01-06 01:00:53.125 I/am_proc_start(  144): [474,10018,com.google.android.partnersetup,broadcast,com.google.android.partnersetup/.GooglePartnerSetup]
01-06 01:00:53.155 I/dvm_gc_madvise_info(  474): [671744,438272]
01-06 01:00:53.175 I/am_proc_bound(  144): [474,com.google.android.partnersetup]
01-06 01:00:53.265 I/am_create_service(  144): [1082630776,com.google.android.partnersetup/.AppHiderService,,474]
01-06 01:00:53.285 I/am_create_service(  144): [1082283160,com.google.android.gsf/.checkin.CheckinService,,272]
01-06 01:00:53.405 I/dvm_gc_info(  272): [7449358886915597931,-8991289629159348177,-4009183297513158613,0]
01-06 01:00:53.465 I/dvm_gc_madvise_info(  383): [548864,438272]
01-06 01:00:53.525 I/dvm_gc_info(  144): [8320808730291824191,-9031538007620523952,-3999331673328285653,0]
01-06 01:00:53.525 I/binder_sample(  458): [android.app.IActivityManager,110,69,com.google.android.gm,13]
01-06 01:00:53.575 I/dvm_gc_info(  144): [8320808730291822624,-9222940785575008173,-3998205773421443029,0]
01-06 01:00:53.615 I/binder_sample(  474): [android.app.IActivityManager,110,112,com.google.android.partnersetup,22]
01-06 01:00:53.635 I/binder_sample(  458): [android.app.IActivityManager,110,39,com.google.android.gm,7]
01-06 01:00:53.675 I/am_create_service(  144): [1082709712,com.google.android.gsf/.update.SystemUpdateService,,272]
01-06 01:00:53.825 I/dvm_gc_madvise_info(  393): [614400,438272]
01-06 01:00:53.855 I/notification_cancel(  144): [com.android.bluetooth,-1000005,0]
01-06 01:00:53.865 I/notification_cancel(  144): [com.android.bluetooth,-1000006,0]
01-06 01:00:54.005 I/am_create_task(  144): 4
01-06 01:00:54.005 I/am_create_activity(  144): [1082695784,4,com.google.android.gsf/.update.SystemUpdateInstallDialog,NULL,NULL,NULL,276824064]
01-06 01:00:54.015 I/am_pause_activity(  144): [1082613416,com.android.launcher/com.android.launcher2.Launcher]
01-06 01:00:54.146 I/binder_sample(  272): [android.app.IActivityManager,3,424,com.google.process.gapps,84]
01-06 01:00:54.156 I/am_on_paused_called(  242): com.android.launcher2.Launcher
01-06 01:00:54.176 I/am_restart_activity(  144): [1082695784,4,com.google.android.gsf/.update.SystemUpdateInstallDialog]
01-06 01:00:54.186 I/binder_sample(  474): [android.app.IActivityManager,69,349,com.google.android.partnersetup,69]
01-06 01:00:54.206 I/notification_cancel(  144): [com.google.android.gsf,2130837525,0]
01-06 01:00:54.206 I/notification_cancel(  144): [com.google.android.gsf,2130837526,0]
01-06 01:00:54.226 I/dvm_gc_info(  144): [8320808730291713758,-8995227529416095665,-3999894623281706965,0]
01-06 01:00:54.296 I/dvm_gc_info(  272): [7449358886915647098,-9004518815609014224,-4008620347559737301,0]
01-06 01:00:54.296 I/am_destroy_service(  144): [1082709712,com.google.android.gsf/.update.SystemUpdateService,272]
01-06 01:00:54.296 I/system_update(  272): [512,0,-1,NULL]
01-06 01:00:54.326 I/am_create_service(  144): [1083053480,com.android.providers.media/.MediaScannerService,,348]
01-06 01:00:54.366 I/dvm_gc_madvise_info(  348): [618496,438272]
01-06 01:00:54.376 I/am_proc_start(  144): [490,10026,com.android.mms,broadcast,com.android.mms/.transaction.MmsSystemEventReceiver]
01-06 01:00:54.476 I/dvm_gc_madvise_info(  490): [671744,438272]
01-06 01:00:54.516 I/dvm_gc_info(  115): [8825198673194972206,-9137375623175698389,-4010309197420001237,0]
01-06 01:00:54.526 I/am_proc_bound(  144): [490,com.android.mms]
01-06 01:00:54.606 I/dvm_gc_info(  272): [7449358886916256997,-9091494583412606928,-4008620347559737301,0]
01-06 01:00:54.666 I/dvm_gc_info(  115): [8825198673195028528,-9222662541119027157,-4010309197420001237,0]
01-06 01:00:54.676 I/db_sample(  272): [/data/data/com.google.android.gsf/databases/talk.db,SELECT name, value FROM providerSettings,69,,14]
01-06 01:00:54.676 I/content_query_sample(  272): [content://com.google.android.providers.talk/providerSettings,name/value,,,332,,67]
01-06 01:00:54.796 I/dvm_gc_info(  115): [8825198673194876984,-9222662541119027157,-4010309197420001237,0]
01-06 01:00:54.796 I/dvm_gc_info(  490): [7218827569569822311,-8989882460484610004,-4009746247466579925,0]
01-06 01:00:54.826 I/binder_sample(  242): [android.app.IActivityManager,19,669,com.android.launcher,100]
01-06 01:00:54.826 I/content_query_sample(  272): [content://com.google.android.gsf.gservices,,,,624,,100]
01-06 01:00:54.836 I/dvm_gc_madvise_info(  405): [708608,438272]
01-06 01:00:54.866 I/am_destroy_service(  144): [1082630776,com.google.android.partnersetup/.AppHiderService,474]
01-06 01:00:54.876 I/am_finish_activity(  144): [1082695784,4,com.google.android.gsf/.update.SystemUpdateInstallDialog,app-request]
01-06 01:00:54.876 I/am_pause_activity(  144): [1082695784,com.google.android.gsf/.update.SystemUpdateInstallDialog]
01-06 01:00:54.886 I/am_resume_activity(  144): [1082613416,2,com.android.launcher/com.android.launcher2.Launcher]
01-06 01:00:54.896 I/am_on_resume_called(  242): com.android.launcher2.Launcher
01-06 01:00:54.906 I/am_destroy_activity(  144): [1082695784,4,com.google.android.gsf/.update.SystemUpdateInstallDialog]
01-06 01:00:54.946 I/am_destroy_service(  144): [1082283160,com.google.android.gsf/.checkin.CheckinService,272]
01-06 01:00:55.026 I/am_create_service(  144): [1082504840,com.google.android.gsf/.loginservice.GoogleLoginService,act=android.accounts.AccountAuthenticator,272]
01-06 01:00:55.056 I/am_destroy_service(  144): [1082567384,com.google.android.gm/.MailIntentService,458]
01-06 01:00:55.187 I/dvm_gc_info(  474): [8097879449376388707,-9000578509616400340,-4010027722443290581,0]
01-06 01:00:55.197 I/binder_sample(  272): [android.app.IActivityManager,38,22,com.google.process.gapps,4]
01-06 01:00:55.497 I/binder_sample(  490): [android.content.IContentProvider,4,153,com.android.mms,30]
01-06 01:00:55.497 I/content_update_sample(  490): [content://mms/drm,delete,,157,com.android.mms,32]
01-06 01:00:55.577 I/content_query_sample(  490): [content://mms-sms/conversations?simple=true,_id/date/message_count/unread_count/recipient_ids/snippet/snippet_cs/read/error/has_attachment,,,302,,61]
01-06 01:00:55.587 I/google_http_request(  272): [172,-1,GoogleLoginService/1.0,0]
01-06 01:00:55.587 I/gls_authenticate(  272): [8,gaia]
01-06 01:00:55.597 I/am_destroy_service(  144): [1082504840,com.google.android.gsf/.loginservice.GoogleLoginService,272]
01-06 01:00:55.607 I/am_create_service(  144): [1082136088,com.android.mms/.transaction.SmsReceiverService,act=android.intent.action.BOOT_COMPLETED,490]
01-06 01:00:55.707 I/dvm_gc_info(  272): [7449358886915663488,-9007052021679921104,-4008338872583026645,6895137]
01-06 01:00:55.757 I/dvm_gc_info(  144): [8320808730291676788,-9000012604020168623,-3999050198351574997,0]
01-06 01:00:55.777 I/am_create_service(  144): [1083110912,com.android.stk/.StkAppService,,225]
01-06 01:00:55.807 I/am_proc_start(  144): [513,10033,com.miui.supermarket,broadcast,com.miui.supermarket/.model.StartupReceiver]
01-06 01:00:55.827 I/db_sample(  260): [/data/data/com.android.providers.contacts/databases/contacts2.db,SELECT data1, data3, display_name, contact_id, agg_presence.mode,33,,7]
01-06 01:00:55.887 I/notification_cancel(  144): [com.android.mms,123,0]
01-06 01:00:55.987 I/am_proc_bound(  144): [513,com.miui.supermarket]
01-06 01:00:56.147 I/am_proc_start(  144): [522,10035,com.google.android.talk,broadcast,com.google.android.talk/.videochat.BootCompleteReceiver]
01-06 01:00:56.218 I/am_proc_bound(  144): [522,com.google.android.talk]
01-06 01:00:56.468 I/dvm_gc_madvise_info(  242): [782336,438272]
01-06 01:00:56.468 I/dvm_gc_info(  522): [3347407541322778211,-8996637859925657555,-4009746247466579925,0]
01-06 01:00:56.718 I/am_create_service(  144): [1082332432,com.google.android.gsf/.gtalkservice.service.GTalkService,act=com.google.android.gtalkservice.IGTalkService,272]
01-06 01:00:56.738 I/gtalkservice(  272): 3
01-06 01:00:56.848 I/dvm_gc_info(  522): [3347407541323142600,-9059406779732133843,-4009746247466579925,0]
01-06 01:00:56.918 I/binder_sample(  513): [android.app.IActivityManager,16,725,com.miui.supermarket,100]
01-06 01:00:57.008 I/am_create_service(  144): [1082199456,com.google.android.talk/.videochat.RefreshCameraStateProcessorService,,522]
01-06 01:00:57.048 I/am_create_service(  144): [1082435928,com.google.android.gsf/.loginservice.GoogleLoginService,act=android.accounts.AccountAuthenticator,272]
01-06 01:00:57.138 I/dvm_gc_info(  272): [7449358886915647085,-8993822697757726671,-4008620347559737301,6815744]
01-06 01:00:57.179 I/google_http_request(  272): [8,-1,GoogleLoginService/1.0,0]
01-06 01:00:57.179 I/gls_authenticate(  272): [8,gaia]
01-06 01:00:57.219 I/binder_sample(  373): [android.app.IActivityManager,16,1576,com.miui.notes,100]
01-06 01:00:57.419 I/dvm_gc_info(  144): [8320808730291705500,-8982842630440810416,-3999613148304996309,0]
01-06 01:00:57.439 I/dvm_gc_madvise_info(  424): [741376,438272]
01-06 01:00:57.609 I/dvm_gc_madvise_info(  441): [438272,438272]
01-06 01:00:57.699 I/dvm_gc_madvise_info(  458): [462848,438272]
01-06 01:00:57.769 I/db_sample(  144): [/data/system/accounts.db,SELECT authtoken FROM authtokens WHERE accounts_id=(select _id F,580,,100]
01-06 01:00:57.789 I/db_sample(  144): [/data/system/accounts.db,SELECT value FROM extras WHERE accounts_id=(select _id FROM acco,1,,1]
01-06 01:00:57.809 I/google_http_request(  272): [4,-1,GoogleLoginService/1.0,0]
01-06 01:00:57.809 I/gls_authenticate(  272): [8,gaia]
01-06 01:00:57.809 I/am_destroy_service(  144): [1082435928,com.google.android.gsf/.loginservice.GoogleLoginService,272]
01-06 01:00:57.869 I/am_proc_start(  144): [539,10040,com.android.voicedialer,broadcast,com.android.voicedialer/.VoiceDialerReceiver]
01-06 01:00:57.869 I/am_create_service(  144): [1082819360,com.android.vending/com.google.android.finsky.billing.iab.PendingNotificationsService,act=action_restart_alarm,322]
01-06 01:00:57.949 I/am_proc_bound(  144): [539,com.android.voicedialer]
01-06 01:00:58.079 I/am_create_service(  144): [1082530280,com.android.providers.calendar/.CalendarAppWidgetService,,393]
01-06 01:00:58.260 I/binder_sample(  356): [android.app.IActivityManager,16,422,com.android.updater,84]
01-06 01:00:58.300 I/binder_sample(  322): [android.app.IActivityManager,61,411,com.android.vending,82]
01-06 01:00:58.440 I/binder_sample(  539): [android.app.IActivityManager,16,385,com.android.voicedialer,77]
01-06 01:00:58.450 I/db_sample(  393): [/data/data/com.android.providers.calendar/databases/calendar.db,DELETE FROM CalendarAlerts WHERE _id IN (SELECT ca._id FROM Cale,1384,,100]
01-06 01:00:58.590 I/screen_toggled(  144): 2
01-06 01:00:58.640 I/dvm_lock_sample(  144): [system_server,0,WindowManager,26,WindowManagerService.java,7817,-,2292,5]
01-06 01:00:58.840 I/content_query_sample(  348): [content://downloads/all_downloads/6/headers,,,,396,,80]
01-06 01:00:58.930 I/content_update_sample(  490): [content://sms/outbox,update,type = 4,1209,,100]
01-06 01:00:59.130 I/dvm_gc_info(  144): [8320808730291631734,-8976650180953175983,-3999050198351574997,0]
01-06 01:00:59.140 I/binder_sample(  322): [android.content.IContentProvider,1,798,com.android.vending,100]
01-06 01:00:59.140 I/content_query_sample(  322): [content://com.google.android.gsf.gservices,,,,802,com.android.vending,100]
01-06 01:00:59.150 I/db_sample(  393): [/data/data/com.android.providers.calendar/databases/calendar.db,SELECT alarmTime FROM CalendarAlerts, view_events WHERE (view_ev,75,,16]
01-06 01:00:59.150 I/content_query_sample(  393): [content://com.android.calendar/calendar_alerts,alarmTime,alarmTime>=?,alarmTime ASC,711,,100]
01-06 01:00:59.160 I/content_query_sample(  490): [content://sms/queued,_id/thread_id/address/body/status,,date ASC,74,,15]
01-06 01:00:59.210 I/am_destroy_service(  144): [1082199456,com.google.android.talk/.videochat.RefreshCameraStateProcessorService,522]
01-06 01:00:59.241 I/am_proc_start(  144): [554,10015,com.android.gallery,broadcast,com.android.gallery/.app.SystemReceiver]
01-06 01:00:59.261 I/am_create_service(  144): [1082709712,com.google.android.gsf/.loginservice.GoogleLoginService,act=android.accounts.AccountAuthenticator,272]
01-06 01:00:59.321 I/content_query_sample(  272): [content://com.google.android.gsf.gservices/prefix,,,,30,com.google.process.gapps,7]
01-06 01:00:59.321 I/am_proc_bound(  144): [554,com.android.gallery]
01-06 01:00:59.361 I/google_http_request(  272): [0,-1,GoogleLoginService/1.0,0]
01-06 01:00:59.361 I/gls_authenticate(  272): [8,gaia]
01-06 01:00:59.361 I/am_destroy_service(  144): [1082709712,com.google.android.gsf/.loginservice.GoogleLoginService,272]
01-06 01:00:59.461 I/content_query_sample(  490): [content://sms,thread_id/date/address/subject/body,(type = 1 AND seen = 0),date desc,276,,56]
01-06 01:00:59.501 I/dvm_lock_sample(  272): [com.google.process.gapps,0,Thread-28,129,DatabaseHelper.java,83,-,83,25]
01-06 01:00:59.531 I/content_query_sample(  458): [content://gmail-downloads/download,_id,status >= '200',lastmod,6329,,100]
01-06 01:00:59.531 I/db_sample(  348): [/data/data/com.android.providers.downloads/databases/downloads.db,SELECT * FROM downloads,60,,13]
01-06 01:00:59.531 I/content_query_sample(  348): [content://downloads/all_downloads,,,,338,,68]
01-06 01:00:59.531 I/dvm_gc_info(  554): [7449354471454467682,-8997200809879078867,-4009746247466579925,0]
01-06 01:00:59.591 I/dvm_gc_info(  272): [7449358886915614313,-8990444998037182415,-4008338872583026645,6815744]
01-06 01:00:59.591 I/google_http_request(  322): [135,-1,unused/0,0]
01-06 01:00:59.611 I/content_query_sample(  272): [content://com.google.android.providers.talk/outgoingHighestRmqId,rmq_id,,,62,,13]
01-06 01:00:59.611 I/content_query_sample(  272): [content://com.google.android.providers.talk/outgoingHighestRmqId,rmq_id,,,67,,14]
01-06 01:00:59.621 I/content_query_sample(  272): [content://com.google.android.providers.talk/outgoingHighestRmqId,rmq_id,,,5,,2]
01-06 01:00:59.641 I/binder_sample(  322): [android.app.IActivityManager,63,41,com.android.vending,8]
01-06 01:00:59.721 I/dvm_gc_info(  260): [7017575181484938862,-8974400924347893710,-4008338872583026645,0]
01-06 01:00:59.751 I/db_sample(  272): [/data/data/com.google.android.gsf/databases/talk.db,SELECT _id, name FROM providers WHERE (name=?),0,,1]
01-06 01:00:59.771 I/db_sample(  272): [/data/data/com.google.android.gsf/databases/talk.db,GETLOCK:SELECT _id, name FROM providers WHERE (name=?),10,,3]
01-06 01:00:59.771 I/content_query_sample(  272): [content://com.google.android.providers.talk/providers,_id/name,name=?,,19,,4]
01-06 01:00:59.801 I/dvm_gc_madvise_info(  490): [491520,438272]
01-06 01:00:59.821 I/gtalkservice(  272): 0
01-06 01:00:59.821 I/content_update_sample(  272): [content://com.google.android.providers.talk/chats/account/1,delete,groupchat=1,29,,6]
01-06 01:00:59.821 I/gtalkservice(  272): 1
01-06 01:00:59.831 I/gtalk_connection(  272): 65541
