01-06 01:01:00.001 I/notification_cancel(  144): [com.android.mms,123,0]
01-06 01:01:00.031 I/dvm_gc_madvise_info(  539): [487424,438272]
01-06 01:01:00.051 I/db_sample(  393): [/data/data/com.android.providers.calendar/databases/calendar.db,SELECT begin-(minutes*60000) AS myAlarmTime, Instances.event_id ,891,,100]
01-06 01:01:00.051 I/dvm_gc_madvise_info(  513): [442368,438272]
01-06 01:01:00.071 I/am_destroy_service(  144): [1082136088,com.android.mms/.transaction.SmsReceiverService,490]
01-06 01:01:00.081 I/content_query_sample(  393): [content://com.android.calendar/properties,key/value,,,1999,,100]
01-06 01:01:00.091 I/am_destroy_service(  144): [1082688552,com.android.providers.calendar/.EmptyService,393]
01-06 01:01:00.101 I/am_destroy_service(  144): [1082530280,com.android.providers.calendar/.CalendarAppWidgetService,393]
01-06 01:01:00.131 I/content_query_sample(  522): [content://com.google.android.providers.talk/providerSettings,name/value,,,1211,,100]
01-06 01:01:00.141 I/content_update_sample(  272): [content://com.google.android.providers.talk/accountStatus,insert,,260,,53]
01-06 01:01:00.161 I/dvm_gc_madvise_info(  474): [794624,438272]
01-06 01:01:00.171 I/am_destroy_service(  144): [1082891912,com.google.android.gm/.downloadprovider.DownloadService,458]
01-06 01:01:00.191 I/am_destroy_service(  144): [1083050136,com.android.providers.downloads/.DownloadService,348]
01-06 01:01:00.201 I/content_update_sample(  272): [content://com.android.contacts/status_updates,update,protocol=? AND im_account=? AND im_handle=?,54,,11]
01-06 01:01:00.201 I/am_kill (  144): [405,com.miui.antispam,14,too many background]
01-06 01:01:00.211 I/am_proc_died(  144): [405,com.miui.antispam]
01-06 01:01:00.472 I/am_destroy_service(  144): [1083053480,com.android.providers.media/.MediaScannerService,348]
01-06 01:01:00.482 I/am_kill (  144): [416,com.miui.backup,14,too many background]
01-06 01:01:00.492 I/am_proc_died(  144): [416,com.miui.backup]
01-06 01:01:00.752 I/db_sample(  272): [/data/data/com.google.android.gsf/databases/talk.db,SELECT name, value FROM providerSettings,0,,1]
01-06 01:01:00.902 I/content_update_sample(  522): [content://com.google.android.providers.talk/providerSettings,insert,,43,,9]
01-06 01:01:01.863 I/dvm_gc_madvise_info(  522): [462848,438272]
01-06 01:01:04.185 I/dvm_gc_madvise_info(  144): [724992,438272]
01-06 01:01:04.566 I/dvm_gc_madvise_info(  554): [696320,438272]
01-06 01:01:04.626 I/dvm_gc_madvise_info(  272): [552960,438272]
01-06 01:01:04.756 I/dvm_gc_madvise_info(  260): [491520,438272]
01-06 01:01:10.842 I/battery_status(  144): [2,2,1,2,Li-ion]
01-06 01:01:10.982 I/dvm_gc_info(  144): [8320808730291676833,-8978057555836741554,-4000176098258417621,0]
01-06 01:01:11.402 I/notification_enqueue(  144): [android,17040203,Notification(vibrate=null,sound=null,defaults=0x0,flags=0x2)]
01-06 01:01:11.593 I/dvm_gc_info(  209): [8320808730291668656,-8955260350902691791,-3992857748863940565,8591405]
01-06 01:01:16.027 I/dvm_gc_madvise_info(  144): [1007616,438272]
01-06 01:01:16.617 I/dvm_gc_madvise_info(  209): [933888,438272]
01-06 01:01:24.605 I/gtalk_connection(  272): 131077
01-06 01:01:24.605 I/gtalk_connection(  272): 65797
01-06 01:01:24.665 I/battery_level(  144): [80,3874,252]
01-06 01:03:16.845 I/am_proc_start(  144): [584,10010,com.android.defcontainer,service,com.android.defcontainer/.DefaultContainerService]
01-06 01:03:16.865 I/dvm_gc_madvise_info(  584): [679936,438272]
01-06 01:03:16.875 I/am_proc_bound(  144): [584,com.android.defcontainer]
01-06 01:03:16.875 I/am_create_service(  144): [1082662632,com.android.defcontainer/.DefaultContainerService,,584]
01-06 01:03:16.955 I/dvm_gc_info(  584): [7234300953690777162,-9018030095611418581,-4010027722443290581,0]
01-06 01:03:16.995 I/am_destroy_service(  144): [1082662632,com.android.defcontainer/.DefaultContainerService,584]
01-06 01:03:16.995 I/am_kill (  144): [424,com.android.bluetooth,14,too many background]
01-06 01:03:17.005 I/am_proc_died(  144): [424,com.android.bluetooth]
01-06 01:03:17.395 I/dvm_gc_info(  144): [8320808730291676768,-8989316554905155505,-3999613148304996309,0]
01-06 01:03:17.535 I/dvm_gc_info(  441): [7308604875703613018,-9003111715653732307,-4009464772489869269,0]
01-06 01:03:17.746 I/dvm_gc_info(  144): [8320808730291897922,-9027315676761102257,-3999894623281706965,0]
01-06 01:03:17.766 I/binder_sample(  272): [android.app.IActivityManager,34,94,com.google.process.gapps,18]
01-06 01:03:17.776 I/am_proc_start(  144): [596,10029,com.svox.pico,broadcast,com.svox.pico/.VoiceDataInstallerReceiver]
01-06 01:03:17.776 I/dvm_gc_info(  576): [7021235374273856919,-9061119274899368373,-4122077858557487541,0]
01-06 01:03:17.886 I/dvm_gc_madvise_info(  596): [675840,438272]
01-06 01:03:17.896 I/content_update_sample(  242): [content://com.android.launcher2.settings/packages,update,,227,com.android.launcher,46]
01-06 01:03:17.966 I/am_proc_bound(  144): [596,com.svox.pico]
01-06 01:03:18.056 I/dvm_gc_info(  242): [7809652345805137524,-8979747849158625216,-4004116747932366805,0]
01-06 01:03:18.096 I/am_proc_start(  144): [609,10034,com.miui.uac,broadcast,com.miui.uac/.InstallReceiver]
01-06 01:03:18.096 I/am_kill (  144): [441,com.android.email,14,too many background]
01-06 01:03:18.176 I/dvm_gc_madvise_info(  609): [675840,438272]
01-06 01:03:18.326 I/dvm_gc_info(  242): [7809652345805375034,-9026472695292606399,-4004116747932366805,0]
01-06 01:03:18.356 I/dvm_gc_info(  144): [8320808730291795584,-8980309355650410416,-3999331673328285653,0]
01-06 01:03:18.366 I/am_proc_bound(  144): [609,com.miui.uac]
01-06 01:03:18.466 I/dvm_gc_info(  242): [7809652345805489699,-9047583318545921984,-4004398222909077461,0]
01-06 01:03:18.516 I/binder_sample(  609): [android.app.IActivityManager,17,285,<pre-initialized>,57]
01-06 01:03:18.566 I/binder_sample(  596): [android.app.IActivityManager,16,429,com.svox.pico,85]
01-06 01:03:18.576 I/dvm_gc_info(  242): [7809652345805381672,-9222942160300406720,-4004116747932366805,0]
01-06 01:03:18.657 I/am_kill (  144): [458,com.google.android.gm,14,too many background]
01-06 01:03:18.777 I/dvm_gc_info(  242): [7809652345805432376,-9025628201626236864,-4004398222909077461,0]
01-06 01:03:18.777 I/dvm_gc_info(  144): [8320808730291693165,-9005642103554365359,-3999050198351574997,0]
01-06 01:03:18.967 I/am_create_task(  144): 5
01-06 01:03:18.967 I/am_create_activity(  144): [1082116040,5,com.sonymobile.chkbugreport.testapp/.MainActivity,android.intent.action.MAIN,NULL,NULL,268435456]
01-06 01:03:18.977 I/am_pause_activity(  144): [1082613416,com.android.launcher/com.android.launcher2.Launcher]
01-06 01:03:18.977 I/binder_sample(  242): [android.content.pm.IPackageManager,74,200,com.android.launcher,40]
01-06 01:03:18.977 I/am_proc_died(  144): [441,com.android.email]
01-06 01:03:18.977 I/am_proc_died(  144): [458,com.google.android.gm]
01-06 01:03:18.987 I/dvm_gc_info(  606): [7021235374273856925,-9060837799922567598,-4120107533720422830,0]
01-06 01:03:18.997 I/binder_sample(  596): [android.app.IActivityManager,110,101,com.svox.pico,20]
01-06 01:03:19.207 I/dvm_gc_info(  144): [8320808730291656349,-8969613306535413680,-3999613148304996309,0]
01-06 01:03:19.287 I/dvm_gc_info(  260): [7017575181484926578,-8968208406140782542,-4008338872583026645,0]
01-06 01:03:19.327 I/db_sample(  260): [:memory:,INSERT INTO applications ('_id', 'name', 'description', 'package,0,,1]
01-06 01:03:19.507 I/am_proc_start(  144): [628,10045,com.sonymobile.chkbugreport.testapp,activity,com.sonymobile.chkbugreport.testapp/.MainActivity]
01-06 01:03:19.547 I/dvm_gc_madvise_info(  628): [675840,438272]
01-06 01:03:19.577 I/am_proc_bound(  144): [628,com.sonymobile.chkbugreport.testapp]
01-06 01:03:19.577 I/am_restart_activity(  144): [1082116040,5,com.sonymobile.chkbugreport.testapp/.MainActivity]
01-06 01:03:19.808 I/dvm_gc_info(  628): [8387236824728430113,-9057155254813153236,-4010309197420001237,0]
01-06 01:03:19.878 I/am_on_resume_called(  628): com.sonymobile.chkbugreport.testapp.MainActivity
01-06 01:03:19.968 I/activity_launch_time(  144): [1082116040,com.sonymobile.chkbugreport.testapp/.MainActivity,486,145792]
01-06 01:03:20.018 I/am_on_paused_called(  242): com.android.launcher2.Launcher
01-06 01:03:20.028 I/am_failed_to_pause(  144): [1082613416,com.android.launcher/com.android.launcher2.Launcher,(none)]
01-06 01:03:20.148 I/dvm_gc_info(  242): [7809652345805215287,-9051523899483609024,-4004398222909077461,0]
01-06 01:03:21.970 I/dvm_gc_madvise_info(  584): [667648,438272]
01-06 01:03:22.580 I/dvm_gc_info(  628): [8387236824728389181,-9113168637739612117,-4010309197420001237,6850178]
01-06 01:03:22.771 I/am_create_activity(  144): [1081605848,5,com.sonymobile.chkbugreport.testapp/.Deadlock,NULL,NULL,NULL,0]
01-06 01:03:22.771 I/am_pause_activity(  144): [1082116040,com.sonymobile.chkbugreport.testapp/.MainActivity]
01-06 01:03:22.781 I/am_on_paused_called(  628): com.sonymobile.chkbugreport.testapp.MainActivity
01-06 01:03:22.801 I/am_restart_activity(  144): [1081605848,5,com.sonymobile.chkbugreport.testapp/.Deadlock]
01-06 01:03:23.611 I/dvm_gc_info(  144): [8320808730291914302,-9054337274525325231,-3999050198351574997,0]
01-06 01:03:24.302 I/dvm_gc_madvise_info(  260): [507904,438272]
01-06 01:03:25.173 I/dvm_gc_madvise_info(  242): [716800,438272]
01-06 01:03:27.595 I/dvm_gc_madvise_info(  628): [720896,438272]
01-06 01:03:28.646 I/dvm_gc_madvise_info(  144): [688128,438272]
01-06 01:03:37.815 I/force_gc(  322): bg
01-06 01:03:37.875 I/dvm_gc_info(  322): [8531346446660908637,-8996918991254595536,-4008901822536447957,0]
[logcat: 0.1s elapsed]

