01-06 04:09:45.634 I/ActivityThread(  386): Pub com.android.deskclock: com.android.deskclock.AlarmProvider
01-06 04:09:45.734 D/dalvikvm(  386): GC_CONCURRENT freed 423K, 50% free 2828K/5639K, external 0K/0K, paused 3ms+6ms
01-06 04:09:45.784 I/ActivityManager(  151): Start proc com.android.providers.calendar for broadcast com.android.providers.calendar/.CalendarAppWidgetProvider: pid=395 uid=10007 gids={3003}
01-06 04:09:45.804 D/Launcher(  241): bound widget id=8 in 219ms
01-06 04:09:45.984 I/ActivityThread(  395): Pub com.android.calendar: com.android.providers.calendar.CalendarProvider2
01-06 04:09:46.024 I/dalvikvm(  241): Total arena pages for JIT: 11
01-06 04:09:46.185 D/dalvikvm(  395): GC_CONCURRENT freed 424K, 50% free 2827K/5639K, external 0K/0K, paused 2ms+33ms
01-06 04:09:46.215 I/Database(  395): sqlite returned: error code = 0, msg = Recovered 175 frames from WAL file /data/data/com.android.providers.calendar/databases/calendar.db-wal
01-06 04:09:46.285 D/dalvikvm(  241): GC_CONCURRENT freed 415K, 41% free 4087K/6919K, external 0K/0K, paused 2ms+26ms
01-06 04:09:46.355 D/OtaStartupReceiver(  237): Not a CDMA phone, no need to process OTA
01-06 04:09:46.395 I/ActivityManager(  151): Start proc com.miui.antispam for broadcast com.miui.antispam/.firewall.FirewallReceiver: pid=407 uid=1000 gids={3002, 3001, 3003}
01-06 04:09:46.415 I/RecoverySystem(  151): No recovery log file
01-06 04:09:46.425 I/BootReceiver(  151): Copying /proc/last_kmsg to DropBox (SYSTEM_LAST_KMSG)
01-06 04:09:46.575 D/dalvikvm(  151): GC_FOR_MALLOC freed 317K, 38% free 5015K/8007K, external 0K/0K, paused 76ms
01-06 04:09:46.665 D/dalvikvm(  151): GC_FOR_MALLOC freed 89K, 38% free 5043K/8007K, external 0K/0K, paused 48ms
01-06 04:09:46.725 D/dalvikvm(  151): GC_FOR_MALLOC freed 87K, 37% free 5086K/8007K, external 0K/0K, paused 42ms
01-06 04:09:46.725 I/dalvikvm-heap(  151): Grow heap (frag case) to 7.474MB for 174776-byte allocation
01-06 04:09:46.725 D/dalvikvm(  352): GC_CONCURRENT freed 421K, 50% free 2832K/5639K, external 0K/0K, paused 3ms+780ms
01-06 04:09:46.825 D/dalvikvm(  151): GC_FOR_MALLOC freed <1K, 36% free 5257K/8199K, external 0K/0K, paused 87ms
01-06 04:09:46.895 D/dalvikvm(  151): GC_FOR_MALLOC freed 170K, 38% free 5171K/8327K, external 0K/0K, paused 60ms
01-06 04:09:47.025 D/dalvikvm(  151): GC_FOR_MALLOC freed 266K, 40% free 5065K/8327K, external 0K/0K, paused 94ms
01-06 04:09:47.075 D/dalvikvm(  241): GC_FOR_MALLOC freed 353K, 42% free 4122K/7047K, external 0K/0K, paused 104ms
01-06 04:09:47.236 D/dalvikvm(  407): GC_CONCURRENT freed 412K, 50% free 2838K/5639K, external 0K/0K, paused 2ms+6ms
01-06 04:09:47.256 I/ActivityManager(  151): Start proc com.miui.backup for broadcast com.miui.backup/com.miui.milk.ui.AutoBackupInitReceiver: pid=415 uid=10002 gids={1015, 3003}
01-06 04:09:47.276 I/ActivityThread(  352): Pub downloads: com.android.providers.downloads.DownloadProvider
01-06 04:09:47.296 I/ActivityThread(  352): Pub drm: com.android.providers.drm.DrmProvider
01-06 04:09:47.376 I/Database(  352): sqlite returned: error code = 0, msg = Recovered 14 frames from WAL file /data/data/com.android.providers.downloads/databases/downloads.db-wal
01-06 04:09:47.406 D/Launcher.Model(  241): bind workspace in 4867ms
01-06 04:09:47.576 I/AutoBackup(  415): cancle auto backup alarm 
01-06 04:09:47.576 D/dalvikvm(  241): GC_EXPLICIT freed 202K, 42% free 4098K/7047K, external 0K/0K, paused 154ms
01-06 04:09:47.586 I/ActivityManager(  151): Start proc com.android.bluetooth for broadcast com.android.bluetooth/.opp.BluetoothOppReceiver: pid=425 uid=10003 gids={3003, 3002, 3001, 1015}
01-06 04:09:47.616 D/dalvikvm(  425): Debugger has detached; object registry had 1 entries
01-06 04:09:47.826 D/dalvikvm(  425): GC_CONCURRENT freed 396K, 50% free 2792K/5575K, external 0K/0K, paused 3ms+2ms
01-06 04:09:47.836 I/ActivityThread(  425): Pub com.android.bluetooth.opp: com.android.bluetooth.opp.BluetoothOppProvider
01-06 04:09:47.836 D/Calendar(  395): missed alarms found: 0
01-06 04:09:47.866 D/dalvikvm(  151): GC_CONCURRENT freed 569K, 40% free 5024K/8327K, external 0K/0K, paused 3ms+6ms
01-06 04:09:48.056 I/Database(  386): sqlite returned: error code = 0, msg = Recovered 4 frames from WAL file /data/data/com.android.deskclock/databases/alarms.db-wal
01-06 04:09:48.147 I/ActivityManager(  151): Start proc com.android.email for broadcast com.android.email/.service.EmailBroadcastReceiver: pid=441 uid=10013 gids={3003, 1015}
01-06 04:09:48.337 D/dalvikvm(  441): GC_CONCURRENT freed 403K, 50% free 2834K/5639K, external 0K/0K, paused 2ms+3ms
01-06 04:09:48.357 I/ActivityThread(  441): Pub com.android.email.provider: com.android.email.provider.EmailProvider
01-06 04:09:48.387 I/ActivityThread(  441): Pub com.android.email.attachmentprovider: com.android.email.provider.AttachmentProvider
01-06 04:09:48.397 I/ActivityThread(  441): Pub com.android.exchange.provider: com.android.exchange.provider.ExchangeProvider
01-06 04:09:48.437 I/Database(  425): sqlite returned: error code = 0, msg = Recovered 5 frames from WAL file /data/data/com.android.bluetooth/databases/btopp.db-wal
01-06 04:09:48.517 I/Database(  441): sqlite returned: error code = 0, msg = Recovered 28 frames from WAL file /data/data/com.android.email/databases/EmailProvider.db-wal
01-06 04:09:48.527 D/EAS SyncManager(  441): !!! EAS SyncManager, onCreate
01-06 04:09:48.557 I/Database(  441): sqlite returned: error code = 0, msg = Recovered 6 frames from WAL file /data/data/com.android.email/databases/EmailProviderBody.db-wal
01-06 04:09:48.577 D/dalvikvm(  415): GC_CONCURRENT freed 414K, 51% free 2771K/5575K, external 0K/0K, paused 47ms+31ms
01-06 04:09:48.597 I/ActivityManager(  151): Start proc com.google.android.gm for broadcast com.google.android.gm/.MailIntentReceiver: pid=455 uid=10016 gids={3003, 1015}
01-06 04:09:48.657 D/Finsky  (  328): [24] DownloadRecords.initializeAndPrune: Pruned 0 old downloads from the cursor.
01-06 04:09:48.747 D/EAS SyncManager(  441): !!! EAS SyncManager, onStartCommand
01-06 04:09:48.877 D/Email   (  441): BOOT_COMPLETED
01-06 04:09:48.967 D/dalvikvm(  455): GC_CONCURRENT freed 409K, 50% free 2842K/5639K, external 0K/0K, paused 2ms+2ms
01-06 04:09:48.987 D/dalvikvm(  151): GC_CONCURRENT freed 388K, 39% free 5100K/8327K, external 0K/0K, paused 3ms+4ms
01-06 04:09:49.007 D/EAS SyncManager(  441): !!! EAS SyncManager, stopping self
01-06 04:09:49.087 I/ActivityThread(  455): Pub com.google.android.gmail.SuggestionProvider: com.google.android.gm.SuggestionsProvider
01-06 04:09:49.097 I/ActivityThread(  455): Pub gmail-downloads: com.google.android.gm.downloadprovider.DownloadProvider
01-06 04:09:49.127 I/ActivityThread(  455): Pub gmail-ls: com.google.android.gm.provider.MailProvider
01-06 04:09:49.158 I/ActivityThread(  455): Pub com.google.android.gm.attachmentspreviews: com.google.android.gm.AttachmentPreviewProvider
01-06 04:09:49.188 D/EAS SyncManager(  441): !!! EAS SyncManager, onStartCommand
01-06 04:09:49.198 D/Eas Debug(  441): Logging: 
01-06 04:09:49.218 D/EAS SyncManager(  441): !!! EAS SyncManager, stopping self
01-06 04:09:49.218 D/EAS SyncManager(  441): !!! EAS SyncManager, onDestroy
01-06 04:09:49.238 I/dalvikvm(  151): Total arena pages for JIT: 11
01-06 04:09:49.428 I/ActivityManager(  151): Start proc com.google.android.partnersetup for broadcast com.google.android.partnersetup/.GooglePartnerSetup: pid=469 uid=10018 gids={}
01-06 04:09:49.478 D/dalvikvm(  469): Debugger has detached; object registry had 1 entries
01-06 04:09:49.518 W/Searchables(  151): No web search activity found
01-06 04:09:49.718 D/dalvikvm(  278): GC_CONCURRENT freed 406K, 49% free 3001K/5831K, external 0K/0K, paused 2ms+8ms
01-06 04:09:49.798 V/update.Download(  278): deleting all update downloads
01-06 04:09:49.858 D/szipinf (  151): Initializing inflate state
01-06 04:09:49.858 I/ActivityManager(  151): Starting: Intent { flg=0x10000000 cmp=com.google.android.gsf/.update.SystemUpdateInstallDialog } from pid 278
01-06 04:09:49.988 D/dalvikvm(  151): GC_CONCURRENT freed 395K, 36% free 5352K/8327K, external 0K/0K, paused 4ms+4ms
01-06 04:09:50.199 D/dalvikvm(  151): GC_FOR_MALLOC freed 366K, 39% free 5147K/8327K, external 0K/0K, paused 48ms
01-06 04:09:50.199 I/dalvikvm-heap(  151): Grow heap (frag case) to 7.492MB for 131714-byte allocation
01-06 04:09:50.279 D/dalvikvm(  151): GC_FOR_MALLOC freed 0K, 39% free 5275K/8519K, external 0K/0K, paused 72ms
01-06 04:09:50.369 D/dalvikvm(  278): GC_CONCURRENT freed 451K, 49% free 3084K/5959K, external 0K/0K, paused 7ms+28ms
01-06 04:09:50.439 I/ActivityManager(  151): Start proc com.android.mms for broadcast com.android.mms/.transaction.MmsSystemEventReceiver: pid=485 uid=10026 gids={3003, 1015}
01-06 04:09:50.589 D/dalvikvm(  115): GC_EXPLICIT freed 11K, 49% free 2747K/5379K, external 0K/0K, paused 157ms
01-06 04:09:50.679 D/dalvikvm(  278): GC_EXTERNAL_ALLOC freed 71K, 49% free 3053K/5959K, external 0K/0K, paused 182ms
01-06 04:09:50.719 D/dalvikvm(  115): GC_EXPLICIT freed <1K, 49% free 2747K/5379K, external 0K/0K, paused 127ms
01-06 04:09:50.839 D/dalvikvm(  115): GC_EXPLICIT freed <1K, 49% free 2747K/5379K, external 0K/0K, paused 113ms
01-06 04:09:50.849 D/dalvikvm(  485): GC_CONCURRENT freed 413K, 50% free 2839K/5639K, external 0K/0K, paused 3ms+3ms
01-06 04:09:50.969 I/ActivityThread(  485): Pub com.android.mms.festival: com.android.mms.data.FestivalSmsProvider
01-06 04:09:51.179 I/Database(  237): sqlite returned: error code = 0, msg = Recovered 40 frames from WAL file /data/data/com.android.providers.telephony/databases/mmssms.db-wal
01-06 04:09:51.280 W/MessageQueue(  455): Handler{406a8ab0} sending message to a Handler on a dead thread
01-06 04:09:51.280 W/MessageQueue(  455): java.lang.RuntimeException: Handler{406a8ab0} sending message to a Handler on a dead thread
01-06 04:09:51.280 W/MessageQueue(  455): 	at android.os.MessageQueue.enqueueMessage(MessageQueue.java:196)
01-06 04:09:51.280 W/MessageQueue(  455): 	at android.os.Handler.sendMessageAtTime(Handler.java:457)
01-06 04:09:51.280 W/MessageQueue(  455): 	at android.os.Handler.sendMessageDelayed(Handler.java:430)
01-06 04:09:51.280 W/MessageQueue(  455): 	at android.os.Handler.post(Handler.java:248)
01-06 04:09:51.280 W/MessageQueue(  455): 	at android.accounts.AccountManager$BaseFutureTask.postRunnableToHandler(AccountManager.java:1327)
01-06 04:09:51.280 W/MessageQueue(  455): 	at android.accounts.AccountManager$Future2Task.done(AccountManager.java:1375)
01-06 04:09:51.280 W/MessageQueue(  455): 	at java.util.concurrent.FutureTask$Sync.innerSet(FutureTask.java:253)
01-06 04:09:51.280 W/MessageQueue(  455): 	at java.util.concurrent.FutureTask.set(FutureTask.java:113)
01-06 04:09:51.280 W/MessageQueue(  455): 	at android.accounts.AccountManager$BaseFutureTask.access$700(AccountManager.java:1307)
01-06 04:09:51.280 W/MessageQueue(  455): 	at android.accounts.AccountManager$BaseFutureTask$Response.onResult(AccountManager.java:1345)
01-06 04:09:51.280 W/MessageQueue(  455): 	at android.accounts.IAccountManagerResponse$Stub.onTransact(IAccountManagerResponse.java:59)
01-06 04:09:51.280 W/MessageQueue(  455): 	at android.os.Binder.execTransact(Binder.java:320)
01-06 04:09:51.280 W/MessageQueue(  455): 	at dalvik.system.NativeStart.run(Native Method)
01-06 04:09:51.360 D/MediaScannerService(  352): start scanning volume internal
01-06 04:09:51.450 I/Database(  455): sqlite returned: error code = 0, msg = Recovered 5 frames from WAL file /data/data/com.google.android.gm/databases/downloads.db-wal
01-06 04:09:51.640 W/YellowPageProvider(  151): Opened DB /system/etc/yellowpage.db in read-only mode
01-06 04:09:51.640 E/LockScreenRoot(  151): unrecognozed message, not a number: sms_unread_count,null
01-06 04:09:51.720 I/ActivityManager(  151): Start proc com.miui.supermarket for broadcast com.miui.supermarket/.model.StartupReceiver: pid=504 uid=10033 gids={3003, 2001}
01-06 04:09:51.880 D/dalvikvm(  151): GC_CONCURRENT freed 790K, 41% free 5091K/8519K, external 0K/0K, paused 2ms+5ms
01-06 04:09:51.930 I/ActivityManager(  151): Start proc com.google.android.talk for broadcast com.google.android.talk/.videochat.BootCompleteReceiver: pid=513 uid=10035 gids={3003, 1015, 1006}
01-06 04:09:51.970 D/dalvikvm(  513): Debugger has detached; object registry had 1 entries
01-06 04:09:52.090 D/dalvikvm(  513): GC_CONCURRENT freed 396K, 50% free 2856K/5639K, external 0K/0K, paused 3ms+4ms
01-06 04:09:52.170 D/dalvikvm(  469): GC_CONCURRENT freed 403K, 51% free 2794K/5639K, external 0K/0K, paused 4ms+51ms
01-06 04:09:52.210 I/ActivityThread(  513): Pub com.google.android.talk.SuggestionProvider: com.google.android.talk.SuggestionsProvider
01-06 04:09:52.371 D/dalvikvm(  513): GC_EXTERNAL_ALLOC freed 114K, 50% free 2860K/5639K, external 0K/0K, paused 96ms
01-06 04:09:52.441 D/dalvikvm(  278): GC_CONCURRENT freed 524K, 49% free 3098K/6023K, external 133K/586K, paused 2ms+13ms
01-06 04:09:52.511 D/GTalkService(  278): [RawStanzaProvidersMgr] ##### searchProvidersFromIntent
01-06 04:09:52.521 D/GTalkService(  278): [RawStanzaProvidersMgr] no intent receivers found
01-06 04:09:52.561 I/StartupReceiver(  360): set daily check for normal user
01-06 04:09:52.571 I/StartupReceiver(  360): set weekly check for normal user
01-06 04:09:52.571 I/StringUtils(  360): NewVersion: 1.8.12, oldVersion: 1.8.12
01-06 04:09:52.591 I/ActivityManager(  151): Start proc com.android.voicedialer for broadcast com.android.voicedialer/.VoiceDialerReceiver: pid=527 uid=10040 gids={3002}
01-06 04:09:52.931 D/dalvikvm(  278): GC_CONCURRENT freed 390K, 48% free 3144K/6023K, external 0K/512K, paused 6ms+2ms
01-06 04:09:52.941 D/dalvikvm(  151): GC_CONCURRENT freed 606K, 41% free 5076K/8519K, external 0K/0K, paused 4ms+4ms
01-06 04:09:53.011 D/VoiceDialerReceiver(  527): onReceive Intent { act=android.intent.action.BOOT_COMPLETED cmp=com.android.voicedialer/.VoiceDialerReceiver }
01-06 04:09:53.031 V/RecognizerEngine(  527): deleteCachedGrammarFiles /data/data/com.android.voicedialer/files/openentries.txt
01-06 04:09:53.041 D/GTalkService(  278): [GTalkConnection.27] init: initialized presence to UNAVAILABLE
01-06 04:09:53.051 D/GTalkService(  278): [GTalkConnection.26] init: initialized presence to UNAVAILABLE
01-06 04:09:53.272 D/Volley  (  328): [12] DiskBasedCache.clear: Cache cleared.
01-06 04:09:53.272 D/Volley  (  328): [16] DiskBasedCache.clear: Cache cleared.
01-06 04:09:53.472 I/ActivityManager(  151): Start proc com.android.gallery for broadcast com.android.gallery/.app.SystemReceiver: pid=540 uid=10015 gids={1015, 3003}
01-06 04:09:53.502 D/GTalkService(  278): createConnection(check #2): connection exists, drop newly created connection
01-06 04:09:53.672 D/dalvikvm(  540): GC_CONCURRENT freed 394K, 50% free 2836K/5639K, external 0K/0K, paused 3ms+3ms
01-06 04:09:53.682 D/xpicture/SystemReceiver(  540): Got intent with action:android.intent.action.MEDIA_SCANNER_STARTED
01-06 04:09:53.702 I/xpicture/MediaCache(  540): MIUI gallery is started
01-06 04:09:53.832 I/Database(  352): sqlite returned: error code = 0, msg = Recovered 66 frames from WAL file /data/data/com.android.providers.media/databases/internal.db-wal
01-06 04:09:53.902 E/LockScreenRoot(  151): unrecognozed message, not a number: sms_unread_count,null
01-06 04:09:53.952 E/Finsky  (  328): [1] 1.onError: Failed to load list for widget! null
01-06 04:09:53.992 I/talk    (  513): Refresh the supporeted camera state
01-06 04:09:54.252 D/dalvikvm(  151): GC_CONCURRENT freed 443K, 40% free 5118K/8519K, external 0K/0K, paused 3ms+7ms
01-06 04:09:54.272 D/QualcommCameraHardware(  116): createInstance: E
01-06 04:09:54.293 D/QualcommCameraHardware(  116):  Storing the current target type as 1 
01-06 04:09:54.293 D/QualcommCameraHardware(  116): constructor EX
01-06 04:09:54.293 D/QualcommCameraHardware(  116): startCamera E
01-06 04:09:54.323 D/QualcommCameraHardware(  116): loading liboemcamera at 0xb000db70
01-06 04:09:54.323 I/QualcommCameraHardware(  116): Set main cam and main cam only
01-06 04:09:54.323 I/mm-camera-mmap(  116): set sensor selection :0
01-06 04:09:54.393 I/ActivityManager(  151): No longer want com.miui.antispam (pid 407): hidden #16
01-06 04:09:54.593 I/QualcommCameraHardware(  116): Open Device node : /dev/msm_camera/control0
01-06 04:09:54.603 I/mm-camera-config(  116): cam_conf fd cfgctrl.camfd:0
01-06 04:09:54.603 I/mm-camera-config(  116): Open config device node : /dev/msm_camera/config0
01-06 04:09:54.603 I/        (  116): [AWB Calibration]:ctrlfd:22
01-06 04:09:54.653 I/        (  116): [AWB Calibration] cfg.fuse_id_word1:0x0
01-06 04:09:54.653 I/        (  116): [AWB Calibration] cfg.fuse_id_word2:0x0
01-06 04:09:54.653 I/        (  116): [AWB Calibration] cfg.fuse_id_word3:0x45002
01-06 04:09:54.653 I/        (  116): [AWB Calibration] cfg.fuse_id_word4:0xbf257
01-06 04:09:54.673 D/mm-camera-s5k3e2fx_u(  116): lcd type = 0
01-06 04:09:54.673 I/        (  116): [AWB Calibration] rg_ratio_GS_table[0]:0.733340
01-06 04:09:54.673 I/        (  116): [AWB Calibration] rg_ratio_GS_table[1]:0.733340
01-06 04:09:54.673 I/        (  116): [AWB Calibration] rg_ratio_GS_table[2]:0.716810
01-06 04:09:54.673 I/        (  116): [AWB Calibration] bg_ratio_GS_table[0]:0.601600
01-06 04:09:54.673 I/        (  116): [AWB Calibration] bg_ratio_GS_table[1]:0.601600
01-06 04:09:54.673 I/        (  116): [AWB Calibration] bg_ratio_GS_table[2]:0.590178
01-06 04:09:54.673 I/        (  116): [AWB Calibration] sfuse.fuse_id_word1:0x0
01-06 04:09:54.673 I/        (  116): [AWB Calibration] sfuse.fuse_id_word2:0x0
01-06 04:09:54.673 I/        (  116): [AWB Calibration] sfuse.fuse_id_word3:0x45002
01-06 04:09:54.673 I/        (  116): [AWB Calibration] sfuse.fuse_id_word4:0xbf257
01-06 04:09:54.673 I/        (  116): [AWB Calibration] fuse_id : 0x0, 0x0, 0x45002, 0xbf257
01-06 04:09:54.673 I/        (  116): [AWB Calibration] fail to read /data/awb_cal 
01-06 04:09:54.673 I/        (  116): [AWB Calibration] read from file OK: /sys/android_camera_awb_cal/awb_ca
01-06 04:09:54.673 I/        (  116): [AWB Calibration] read all 0 ,ok=1
01-06 04:09:54.673 I/        (  116): [AWB Calibration] read all 0 ,ok=1
01-06 04:09:54.673 I/        (  116): [AWB Calibration] read all 0 ,ok=1
01-06 04:09:54.673 I/        (  116): [AWB Calibration] read all 0 ,ok=1
01-06 04:09:54.673 I/        (  116): [AWB Calibration] read all 0 ,ok=1
01-06 04:09:54.673 I/        (  116): [AWB Calibration] read all 0 ,ok=1
01-06 04:09:54.673 I/        (  116): [AWB Calibration] read all 0 ,ok=1
01-06 04:09:54.673 I/        (  116): [AWB Calibration] read all 0 ,ok=1
01-06 04:09:54.673 I/        (  116): [AWB Calibration] check sum=0, OK
01-06 04:09:54.673 I/        (  116): [AWB Calibration] caBuff[0]:0x00000000
01-06 04:09:54.673 I/        (  116): [AWB Calibration] caBuff[1]:0x00000000
01-06 04:09:54.673 I/        (  116): [AWB Calibration] caBuff[2]:0x00000000
01-06 04:09:54.673 I/        (  116): [AWB Calibration] caBuff[3]:0x00000000
01-06 04:09:54.673 I/        (  116): [AWB Calibration] caBuff[4]:0x00000000
01-06 04:09:54.673 I/        (  116): [AWB Calibration] caBuff[5]:0x00000000
01-06 04:09:54.673 I/        (  116): [AWB Calibration] caBuff[6]:0x00000000
01-06 04:09:54.673 I/        (  116): [AWB Calibration] caBuff[7]:0x00000000
01-06 04:09:54.673 I/        (  116): [AWB Calibration] fuse_id_word1:0x00000000
01-06 04:09:54.673 I/        (  116): [AWB Calibration] fuse_id_word2:0x00000000
01-06 04:09:54.673 I/        (  116): [AWB Calibration] fuse_id_word3:0x00045002
01-06 04:09:54.673 I/        (  116): [AWB Calibration] fuse_id_word4:0x000bf257
01-06 04:09:54.673 I/        (  116): [AWB Calibration] fuse ID not same,do nothing and leave
01-06 04:09:54.693 I/mm-camera-aec(  116): Touch AEC  == numRegions:256
01-06 04:09:54.693 I/mm-camera-aec(  116): Touch AEC aecCtrl->aec_state.aec_algo:1
01-06 04:09:54.693 I/QualcommCameraHardware(  116): startCamera: camsensor name s5k3e2fx, flash 1
01-06 04:09:54.693 D/QualcommCameraHardware(  116): startCamera X
01-06 04:09:54.693 D/QualcommCameraHardware(  116): initDefaultParameters E
01-06 04:09:54.693 D/QualcommCameraHardware(  116): product 5
01-06 04:09:54.693 D/QualcommCameraHardware(  116): native_access_parm: fd 16, type 1, length 32
01-06 04:09:54.703 E/QualcommCameraHardware(  116): native_access_parm: error (No such file or directory): fd 16, type 1, length 32, status 0
01-06 04:09:54.703 D/QualcommCameraHardware(  116): native_access_parm: fd 16, type 64, length 4
01-06 04:09:54.703 D/QualcommCameraHardware(  116): native_access_parm: fd 16, type 65, length 4
01-06 04:09:54.703 D/QualcommCameraHardware(  116): native_access_parm: fd 16, type 66, length 4
01-06 04:09:54.703 D/MediaScanner(  352): opendir /data/media/ failed, errno: 2
01-06 04:09:54.703 D/QualcommCameraHardware(  116): requested preview size 768 x 432
01-06 04:09:54.703 D/QualcommCameraHardware(  116): requested picture size 1024 x 768
01-06 04:09:54.703 D/QualcommCameraHardware(  116): native_access_parm: fd 16, type 21, length 4
01-06 04:09:54.713 D/QualcommCameraHardware(  116): native_access_parm: fd 16, type 14, length 4
01-06 04:09:54.723 D/QualcommCameraHardware(  116): setFlash 0
01-06 04:09:54.723 D/QualcommCameraHardware(  116): native_access_parm: fd 16, type 49, length 4
01-06 04:09:54.723 D/mm-camera-ctrlcmd(  116): In config_proc_CAMERA_SET_PARM_LED_MODE: 0
01-06 04:09:54.723 I/QualcommCameraHardware(  116): Set zoom=0 20
01-06 04:09:54.723 D/QualcommCameraHardware(  116): native_access_parm: fd 16, type 2, length 4
01-06 04:09:54.723 I/QualcommCameraHardware(  116): Setting Contrast is 5
01-06 04:09:54.723 D/QualcommCameraHardware(  116): native_access_parm: fd 16, type 6, length 4
01-06 04:09:54.723 D/MediaScanner(  352):  prescan time: 2310ms
01-06 04:09:54.723 D/MediaScanner(  352):     scan time: 193ms
01-06 04:09:54.723 D/MediaScanner(  352): postscan time: 23ms
01-06 04:09:54.723 D/MediaScanner(  352):    total time: 2526ms
01-06 04:09:54.723 I/QualcommCameraHardware(  116): Setting Brightness is 3
01-06 04:09:54.723 D/QualcommCameraHardware(  116): native_access_parm: fd 16, type 7, length 4
01-06 04:09:54.723 D/QualcommCameraHardware(  116): native_access_parm: fd 16, type 12, length 4
01-06 04:09:54.723 I/mm-camera-ctrlcmd(  116): md.d.aec_mode.aec_mode:1
01-06 04:09:54.723 I/mm-camera-aec(  116): Touch AEC  == numRegions:256
01-06 04:09:54.723 I/mm-camera-aec(  116): Touch AEC aecCtrl->aec_state.aec_algo:1
01-06 04:09:54.723 D/QualcommCameraHardware(  116): not defined touch-focus yet, or AP without touch-focus function
01-06 04:09:54.723 I/QualcommCameraHardware(  116): Before Setting coordinate x:384 y:216
01-06 04:09:54.723 I/QualcommCameraHardware(  116): Setting coordinate x:2 y:2
01-06 04:09:54.723 D/QualcommCameraHardware(  116): native_access_parm: fd 16, type 60, length 28
01-06 04:09:54.733 D/xpicture/SystemReceiver(  540): Got intent with action:android.intent.action.MEDIA_SCANNER_FINISHED
01-06 04:09:54.733 D/xpicture/MediaCache(  540): media scan is finished
01-06 04:09:54.743 I/mm-camera 8x vfe(  116): vfe_set_coordinate x:2 y:2
01-06 04:09:54.743 D/QualcommCameraHardware(  116): native_access_parm: fd 16, type 26, length 4
01-06 04:09:54.743 D/mm-camera-ctrlcmd(  116): md.d.aec_iso_mode = 0
01-06 04:09:54.743 D/QualcommCameraHardware(  116): native_access_parm: fd 16, type 62, length 4
01-06 04:09:54.743 D/QualcommCameraHardware(  116): native_access_parm: fd 16, type 8, length 4
01-06 04:09:54.743 D/MediaScannerService(  352): done scanning volume internal
01-06 04:09:54.743 D/QualcommCameraHardware(  116): virtual android::status_t android::QualcommCameraHardware::setParameters(const android::CameraParameters&), final_rc=0
01-06 04:09:54.743 D/QualcommCameraHardware(  116): initDefaultParameters X
01-06 04:09:54.743 D/QualcommCameraHardware(  116): createInstance: X created hardware=0x26db8
01-06 04:09:54.743 I/ActivityManager(  151): No longer want com.miui.backup (pid 415): hidden #16
01-06 04:09:54.753 I/StagefrightPlayer(  116): setDataSource('/system/media/audio/ui/camera_click.ogg')
01-06 04:09:54.763 I/StagefrightPlayer(  116): setDataSource('/system/media/audio/ui/VideoRecord.ogg')
01-06 04:09:54.803 D/QualcommCameraHardware(  116): stopPreview: E
01-06 04:09:54.803 D/QualcommCameraHardware(  116): stopPreviewInternal E: 0
01-06 04:09:54.803 D/QualcommCameraHardware(  116): stopPreviewInternal X: 0
01-06 04:09:54.803 D/QualcommCameraHardware(  116): stopPreview: X
01-06 04:09:54.803 D/QualcommCameraHardware(  116): release E
01-06 04:09:54.803 D/mm-camera-ctrlcmd(  116): config_proc_CAMERA_STOP_SNAPSHOT: received CAMERA_STOP_SNAPSHOT!, ctrl->state = 0
01-06 04:09:54.803 D/mm-camera-ctrlcmd(  116): config_proc_CAMERA_STOP_SNAPSHOT: invalid state 0
01-06 04:09:54.803 D/QualcommCameraHardware(  116): deinitRaw E
01-06 04:09:54.803 D/QualcommCameraHardware(  116): deinitRaw X
01-06 04:09:55.023 D/QualcommCameraHardware(  116): dlclose(libqcamera)
01-06 04:09:55.023 D/QualcommCameraHardware(  116): release X
01-06 04:09:55.023 D/QualcommCameraHardware(  116): ~QualcommCameraHardware E
01-06 04:09:55.023 D/QualcommCameraHardware(  116): ~QualcommCameraHardware X
01-06 04:09:55.033 I/talk    (  513): supported front camera id: -1
01-06 04:09:55.033 I/talk    (  513): supported back camera id: 0
01-06 04:10:00.008 I/AlarmManager(  151): wakelock acquire, uid:1000 at elapsed real time: 58069
01-06 04:10:00.108 I/AlarmManager(  151): wakelock release, uid:1000 at elapsed real time: 58175
01-06 04:10:04.212 D/dalvikvm(  151): GC_CONCURRENT freed 557K, 41% free 5034K/8519K, external 0K/0K, paused 9ms+4ms
01-06 04:10:20.588 D/dalvikvm(  151): GC_CONCURRENT freed 453K, 41% free 5033K/8519K, external 0K/0K, paused 8ms+3ms
01-06 04:10:21.539 I/AlarmManager(  151): wakelock acquire, uid:10017 at elapsed real time: 79605
01-06 04:10:21.559 D/GTalkService(  278): [GTalkConnection.1] connect: network unavailable, set state=PENDING, err=NO_NETWORK
01-06 04:10:21.559 I/AlarmManager(  151): wakelock release, uid:10017 at elapsed real time: 79628
01-06 04:10:21.699 D/dalvikvm(  278): GC_CONCURRENT freed 401K, 48% free 3162K/6023K, external 0K/512K, paused 3ms+12ms
01-06 04:10:34.041 D/PowerManagerService(  151): setPowerState: mPowerState=3 newState=1 noChangeLights=false
01-06 04:10:34.041 D/PowerManagerService(  151):   oldKeyboardBright=false newKeyboardBright=false
01-06 04:10:34.041 D/PowerManagerService(  151):   oldScreenBright=true newScreenBright=false
01-06 04:10:34.041 D/PowerManagerService(  151):   oldButtonBright=false newButtonBright=false
01-06 04:10:34.041 D/PowerManagerService(  151):   oldScreenOn=true newScreenOn=true
01-06 04:10:34.041 D/PowerManagerService(  151):   oldBatteryLow=false newBatteryLow=false
01-06 04:10:34.041 I/PowerManagerService(  151): setTargetLocked mask=2 curValue=-1.0 target=5 targetValue=5 delta=-11.363636 nominalCurrentValue=255  ******************
01-06 04:10:34.041 D/PowerManagerService(  151): offMask=0x0 dimMask=0x0 onMask=0x4 difference=0x6 realDifference=0x6 forceState=0x0
01-06 04:10:34.041 D/PowerManagerService(  151): jumpToTargetLocked targetValue=5: 2
01-06 04:10:36.203 D/dalvikvm(  151): GC_CONCURRENT freed 449K, 41% free 5034K/8519K, external 0K/0K, paused 8ms+4ms
01-06 04:10:41.479 I/InputReader(  151): Device reconfigured: id=0x20002, name=synaptics-rmi-touchscreen, display size is now 480x800
01-06 04:10:41.519 D/PowerManagerService(  151): setPowerState: mPowerState=1 newState=3 noChangeLights=false
01-06 04:10:41.519 D/PowerManagerService(  151):   oldKeyboardBright=false newKeyboardBright=false
01-06 04:10:41.519 D/PowerManagerService(  151):   oldScreenBright=false newScreenBright=true
01-06 04:10:41.519 D/PowerManagerService(  151):   oldButtonBright=false newButtonBright=false
01-06 04:10:41.519 D/PowerManagerService(  151):   oldScreenOn=true newScreenOn=true
01-06 04:10:41.519 D/PowerManagerService(  151):   oldBatteryLow=false newBatteryLow=false
01-06 04:10:41.529 I/PowerManagerService(  151): setTargetLocked mask=2 curValue=5.0 target=255 targetValue=255 delta=16.666666 nominalCurrentValue=5
01-06 04:10:41.529 D/PowerManagerService(  151): offMask=0x0 dimMask=0x0 onMask=0x4 difference=0x6 realDifference=0x6 forceState=0x0
01-06 04:10:41.529 D/PowerManagerService(  151): jumpToTargetLocked targetValue=255: 2
01-06 04:10:41.999 I/LockScreen_UnlockerScreenElement(  151): unlock touch canceled due to exceeding tollerance
01-06 04:10:44.231 I/LockScreen_UnlockerScreenElement(  151): unlock touch up
01-06 04:10:44.231 W/HapticFeedbackUtil(  151): vibrate: null or empty pattern
01-06 04:10:44.542 D/dalvikvm(  266): GC_CONCURRENT freed 380K, 47% free 3181K/5959K, external 0K/0K, paused 2ms+34ms
01-06 04:10:44.772 I/dalvikvm(  266): Total arena pages for JIT: 11
01-06 04:10:44.792 I/AwesomeLockScreenView(  151): RenderThread stopped
01-06 04:10:44.892 D/dalvikvm(  218): GC_CONCURRENT freed 603K, 49% free 3249K/6279K, external 2710K/3105K, paused 3ms+3ms
01-06 04:10:44.932 D/dalvikvm(  151): GC_CONCURRENT freed 520K, 41% free 5051K/8519K, external 0K/0K, paused 2ms+5ms
01-06 04:10:47.204 D/AndroidRuntime(  562): 
01-06 04:10:47.204 D/AndroidRuntime(  562): >>>>>> AndroidRuntime START com.android.internal.os.RuntimeInit <<<<<<
01-06 04:10:47.204 D/AndroidRuntime(  562): CheckJNI is OFF
01-06 04:10:47.204 D/dalvikvm(  562): creating instr width table
01-06 04:10:47.374 D/AndroidRuntime(  562): Calling main entry com.android.commands.pm.Pm
01-06 04:10:47.384 I/ActivityManager(  151): Start proc com.android.defcontainer for service com.android.defcontainer/.DefaultContainerService: pid=570 uid=10010 gids={1015, 2001}
01-06 04:10:47.484 D/dalvikvm(  570): GC_EXPLICIT freed 294K, 50% free 2778K/5511K, external 0K/0K, paused 29ms
01-06 04:10:47.504 W/ActivityManager(  151): No content provider found for: 
01-06 04:10:47.524 W/ActivityManager(  151): No content provider found for: 
01-06 04:10:47.524 I/ActivityManager(  151): No longer want com.android.bluetooth (pid 425): hidden #16
01-06 04:10:47.534 D/PackageParser(  151): Scanning package: /data/app/vmdl-1033537547.tmp
01-06 04:10:47.564 I/dalvikvm(  151): Jit: resizing JitTable from 4096 to 8192
01-06 04:10:47.665 I/PackageManager(  151): Removing non-system package:com.sonymobile.chkbugreport.testapp
01-06 04:10:47.665 I/ActivityManager(  151): Force stopping package com.sonymobile.chkbugreport.testapp uid=10045
01-06 04:10:47.835 D/dalvikvm(  441): GC_CONCURRENT freed 389K, 50% free 2855K/5703K, external 0K/0K, paused 4ms+2ms
01-06 04:10:47.845 D/PackageManager(  151): Scanning package com.sonymobile.chkbugreport.testapp
01-06 04:10:47.845 I/PackageManager(  151): Package com.sonymobile.chkbugreport.testapp codePath changed from /data/app/com.sonymobile.chkbugreport.testapp-2.apk to /data/app/com.sonymobile.chkbugreport.testapp-1.apk; Retaining data and using new
01-06 04:10:47.855 D/installd(  118): DexInv: --- BEGIN '/data/app/com.sonymobile.chkbugreport.testapp-1.apk' ---
01-06 04:10:47.875 D/dalvikvm(  579): creating instr width table
01-06 04:10:47.935 D/dalvikvm(  579): DexOpt: load 8ms, verify+opt 40ms
01-06 04:10:47.945 D/installd(  118): DexInv: --- END '/data/app/com.sonymobile.chkbugreport.testapp-1.apk' (success) ---
01-06 04:10:47.945 I/PackageManager(  151): Unpacking native libraries for /data/app/com.sonymobile.chkbugreport.testapp-1.apk
01-06 04:10:47.965 D/installd(  118): DexInv: --- BEGIN '/data/app/com.sonymobile.chkbugreport.testapp-1.apk' ---
01-06 04:10:47.985 D/dalvikvm(  580): creating instr width table
01-06 04:10:48.045 D/dalvikvm(  580): DexOpt: load 10ms, verify+opt 41ms
01-06 04:10:48.055 D/installd(  118): DexInv: --- END '/data/app/com.sonymobile.chkbugreport.testapp-1.apk' (success) ---
01-06 04:10:48.065 D/PackageManager(  151):   Services: com.sonymobile.chkbugreport.testapp.AIDLDeadlockService com.sonymobile.chkbugreport.testapp.HybridDeadlockService
01-06 04:10:48.065 D/PackageManager(  151):   Activities: com.sonymobile.chkbugreport.testapp.MainActivity com.sonymobile.chkbugreport.testapp.Deadlock com.sonymobile.chkbugreport.testapp.AIDLDeadlock com.sonymobile.chkbugreport.testapp.HybridDeadlock
01-06 04:10:48.065 I/ActivityManager(  151): Force stopping package com.sonymobile.chkbugreport.testapp uid=10045
01-06 04:10:48.065 W/PackageManager(  151): Code path for pkg : com.sonymobile.chkbugreport.testapp changing from /data/app/com.sonymobile.chkbugreport.testapp-2.apk to /data/app/com.sonymobile.chkbugreport.testapp-1.apk
01-06 04:10:48.065 W/PackageManager(  151): Resource path for pkg : com.sonymobile.chkbugreport.testapp changing from /data/app/com.sonymobile.chkbugreport.testapp-2.apk to /data/app/com.sonymobile.chkbugreport.testapp-1.apk
01-06 04:10:48.155 D/dalvikvm(  151): GC_CONCURRENT freed 378K, 40% free 5127K/8519K, external 0K/0K, paused 3ms+6ms
01-06 04:10:48.235 I/installd(  118): move /data/dalvik-cache/data@app@com.sonymobile.chkbugreport.testapp-1.apk@classes.dex -> /data/dalvik-cache/data@app@com.sonymobile.chkbugreport.testapp-1.apk@classes.dex
01-06 04:10:48.235 D/PackageManager(  151): New package installed in /data/app/com.sonymobile.chkbugreport.testapp-1.apk
01-06 04:10:48.335 I/ActivityManager(  151): Force stopping package com.sonymobile.chkbugreport.testapp uid=10045
01-06 04:10:48.415 D/dalvikvm(  241): GC_EXPLICIT freed 249K, 42% free 4095K/7047K, external 0K/0K, paused 61ms
01-06 04:10:48.435 D/Launcher.Model(  241): Got action android.intent.action.PACKAGE_REMOVED
01-06 04:10:48.435 I/ActivityManager(  151): Start proc com.miui.uac for broadcast com.miui.uac/.UninstallReceiver: pid=581 uid=10034 gids={1015, 3003}
01-06 04:10:48.445 D/LauncherSettings(  241): Updating home screen for package com.sonymobile.chkbugreport.testapp
01-06 04:10:48.455 D/ScreenUtils(  241): Updating home screen for package com.sonymobile.chkbugreport.testapp
01-06 04:10:48.475 D/ScreenUtils(  241): Found existing items: [52]
01-06 04:10:48.475 D/ScreenUtils(  241): Updating home screen item 52
01-06 04:10:48.706 D/dalvikvm(  151): GC_EXPLICIT freed 317K, 39% free 5214K/8519K, external 0K/0K, paused 54ms
01-06 04:10:48.716 I/ActivityManager(  151): No longer want com.android.email (pid 441): hidden #16
01-06 04:10:48.726 D/VoiceDialerReceiver(  527): onReceive Intent { act=android.intent.action.PACKAGE_REMOVED dat=package:com.sonymobile.chkbugreport.testapp flg=0x10000000 cmp=com.android.voicedialer/.VoiceDialerReceiver (has extras) }
01-06 04:10:48.726 V/RecognizerEngine(  527): deleteCachedGrammarFiles /data/data/com.android.voicedialer/files/openentries.txt
01-06 04:10:48.746 W/RecognitionManagerService(  151): no available voice recognition services found
01-06 04:10:48.756 D/GTalkService(  278): handlePackageInstalled: re-initialize providers
01-06 04:10:48.756 D/GTalkService(  278): [RawStanzaProvidersMgr] ##### searchProvidersFromIntent
01-06 04:10:48.766 I/ActivityManager(  151): Start proc com.svox.pico for broadcast com.svox.pico/.VoiceDataInstallerReceiver: pid=589 uid=10029 gids={}
01-06 04:10:48.826 D/GTalkService(  278): [RawStanzaProvidersMgr] no intent receivers found
01-06 04:10:48.906 D/dalvikvm(  151): GC_CONCURRENT freed 681K, 40% free 5155K/8519K, external 0K/0K, paused 10ms+4ms
01-06 04:10:48.966 W/Searchables(  151): No web search activity found
01-06 04:10:48.976 I/ActivityThread(  589): Pub com.svox.pico.providers.SettingsProvider: com.svox.pico.providers.SettingsProvider
01-06 04:10:48.986 D/InstallReceiver(  581): com.sonymobile.chkbugreport.testapp
01-06 04:10:48.986 I/installd(  118): unlink /data/dalvik-cache/data@app@com.sonymobile.chkbugreport.testapp-2.apk@classes.dex
01-06 04:10:48.996 I/ActivityManager(  151): No longer want com.google.android.gm (pid 455): hidden #16
01-06 04:10:49.006 D/VoiceDialerReceiver(  527): onReceive Intent { act=android.intent.action.PACKAGE_ADDED dat=package:com.sonymobile.chkbugreport.testapp flg=0x10000000 cmp=com.android.voicedialer/.VoiceDialerReceiver (has extras) }
01-06 04:10:49.006 V/RecognizerEngine(  527): deleteCachedGrammarFiles /data/data/com.android.voicedialer/files/openentries.txt
01-06 04:10:49.056 D/AndroidRuntime(  562): Shutting down VM
01-06 04:10:49.066 D/dalvikvm(  562): GC_CONCURRENT freed 101K, 71% free 300K/1024K, external 0K/0K, paused 1ms+2ms
01-06 04:10:49.066 D/jdwp    (  562): Got wake-up signal, bailing out of select
01-06 04:10:49.066 D/dalvikvm(  562): Debugger has detached; object registry had 1 entries
01-06 04:10:49.136 D/dalvikvm(  241): GC_CONCURRENT freed 502K, 42% free 4104K/7047K, external 0K/0K, paused 2ms+5ms
01-06 04:10:49.236 D/dalvikvm(  241): GC_FOR_MALLOC freed 199K, 42% free 4106K/7047K, external 0K/0K, paused 53ms
01-06 04:10:49.346 D/dalvikvm(  241): GC_FOR_MALLOC freed 127K, 42% free 4110K/7047K, external 0K/0K, paused 62ms
01-06 04:10:49.366 D/Launcher.Model(  241): Got action android.intent.action.PACKAGE_ADDED
01-06 04:10:49.366 D/LauncherSettings(  241): Updating home screen for package com.sonymobile.chkbugreport.testapp
01-06 04:10:49.366 D/ScreenUtils(  241): Updating home screen for package com.sonymobile.chkbugreport.testapp
01-06 04:10:49.366 D/ScreenUtils(  241): Found existing items: [52]
01-06 04:10:49.366 D/ScreenUtils(  241): Updating home screen item 52
01-06 04:10:49.386 D/AllAppsList(  241): Loaded application ChkBugReport-TestApp at (1, 0) of screen 4 under container -100
01-06 04:10:49.396 D/AndroidRuntime(  602): 
01-06 04:10:49.396 D/AndroidRuntime(  602): >>>>>> AndroidRuntime START com.android.internal.os.RuntimeInit <<<<<<
01-06 04:10:49.396 D/AndroidRuntime(  602): CheckJNI is OFF
01-06 04:10:49.396 D/dalvikvm(  602): creating instr width table
01-06 04:10:49.556 D/ApplicationContext(  241): Generate customized icon for com.sonymobile.chkbugreport.testapp.png
01-06 04:10:49.667 D/dalvikvm(  241): GC_FOR_MALLOC freed 253K, 42% free 4139K/7047K, external 0K/0K, paused 59ms
01-06 04:10:49.817 D/AndroidRuntime(  602): Calling main entry com.android.commands.am.Am
01-06 04:10:49.857 D/dalvikvm(  151): GC_CONCURRENT freed 509K, 39% free 5253K/8519K, external 0K/0K, paused 2ms+4ms
01-06 04:10:49.857 I/ActivityManager(  151): Starting: Intent { act=android.intent.action.MAIN cat=[android.intent.category.LAUNCHER] flg=0x10000000 cmp=com.sonymobile.chkbugreport.testapp/.MainActivity } from pid 602
01-06 04:10:49.937 D/AndroidRuntime(  602): Shutting down VM
01-06 04:10:49.947 D/dalvikvm(  602): GC_CONCURRENT freed 103K, 69% free 327K/1024K, external 0K/0K, paused 1ms+1ms
01-06 04:10:49.947 D/jdwp    (  602): Got wake-up signal, bailing out of select
01-06 04:10:49.947 D/dalvikvm(  602): Debugger has detached; object registry had 1 entries
01-06 04:10:49.967 I/AndroidRuntime(  602): NOTE: attach of thread 'Binder Thread #3' failed
01-06 04:10:50.207 D/dalvikvm(  266): GC_CONCURRENT freed 456K, 48% free 3177K/6087K, external 0K/0K, paused 2ms+2ms
01-06 04:10:50.437 W/ActivityManager(  151): Activity pause timeout for HistoryRecord{40842ca0 com.android.launcher/com.android.launcher2.Launcher}
01-06 04:10:50.467 I/ActivityManager(  151): Start proc com.sonymobile.chkbugreport.testapp for activity com.sonymobile.chkbugreport.testapp/.MainActivity: pid=613 uid=10045 gids={}
01-06 04:10:50.517 D/dalvikvm(  613): Debugger has detached; object registry had 1 entries
01-06 04:10:50.748 D/dalvikvm(  613): GC_EXTERNAL_ALLOC freed 133K, 49% free 2785K/5379K, external 0K/0K, paused 43ms
01-06 04:10:50.908 I/ActivityManager(  151): Displayed com.sonymobile.chkbugreport.testapp/.MainActivity: +464ms (total +60s804ms)
01-06 04:10:51.058 D/dalvikvm(  241): GC_EXPLICIT freed 379K, 43% free 4081K/7111K, external 0K/0K, paused 62ms
01-06 04:10:51.218 D/dalvikvm(  151): GC_CONCURRENT freed 688K, 40% free 5158K/8519K, external 0K/0K, paused 5ms+4ms
01-06 04:10:54.461 D/dalvikvm(  613): GC_EXTERNAL_ALLOC freed 245K, 50% free 2784K/5511K, external 520K/542K, paused 63ms
01-06 04:10:54.701 I/ActivityManager(  151): Starting: Intent { cmp=com.sonymobile.chkbugreport.testapp/.HybridDeadlock } from pid 613
01-06 04:10:54.711 D/PhoneWindow(  613): couldn't save which view has focus because the focused view android.widget.ListView@406a34b0 has no id.
01-06 04:10:54.721 I/System.out(  613): >>> onCreate
01-06 04:10:54.731 I/ActivityManager(  151): Start proc com.sonymobile.chkbugreport.testapp:ext2 for service com.sonymobile.chkbugreport.testapp/.HybridDeadlockService: pid=622 uid=10045 gids={}
01-06 04:10:54.932 I/System.out(  613): >>> onService Connected
01-06 04:10:54.952 I/ActivityManager(  151): Displayed com.sonymobile.chkbugreport.testapp/.HybridDeadlock: +244ms
01-06 04:10:56.413 I/dumpstate(  633): begin
01-06 04:10:56.423 I/dalvikvm(  151): threadid=4: reacting to signal 3
01-06 04:10:56.463 I/dalvikvm(  151): Wrote stack traces to '/data/anr/traces.txt'
01-06 04:10:56.463 I/dalvikvm(  218): threadid=4: reacting to signal 3
01-06 04:10:56.473 I/dalvikvm(  218): Wrote stack traces to '/data/anr/traces.txt'
01-06 04:10:56.483 I/dalvikvm(  227): threadid=4: reacting to signal 3
01-06 04:10:56.493 I/dalvikvm(  227): Wrote stack traces to '/data/anr/traces.txt'
01-06 04:10:56.493 I/dalvikvm(  237): threadid=4: reacting to signal 3
01-06 04:10:56.513 I/dalvikvm(  237): Wrote stack traces to '/data/anr/traces.txt'
01-06 04:10:56.513 I/dalvikvm(  241): threadid=4: reacting to signal 3
01-06 04:10:56.523 I/dalvikvm(  241): Wrote stack traces to '/data/anr/traces.txt'
01-06 04:10:56.533 I/dalvikvm(  266): threadid=4: reacting to signal 3
01-06 04:10:56.543 I/dalvikvm(  266): Wrote stack traces to '/data/anr/traces.txt'
01-06 04:10:56.543 I/dalvikvm(  278): threadid=4: reacting to signal 3
01-06 04:10:56.573 I/dalvikvm(  278): Wrote stack traces to '/data/anr/traces.txt'
01-06 04:10:56.573 I/dalvikvm(  328): threadid=4: reacting to signal 3
01-06 04:10:56.593 I/dalvikvm(  328): Wrote stack traces to '/data/anr/traces.txt'
01-06 04:10:56.603 I/dalvikvm(  352): threadid=4: reacting to signal 3
01-06 04:10:56.613 I/dalvikvm(  352): Wrote stack traces to '/data/anr/traces.txt'
01-06 04:10:56.613 I/dalvikvm(  360): threadid=4: reacting to signal 3
01-06 04:10:56.623 I/dalvikvm(  360): Wrote stack traces to '/data/anr/traces.txt'
01-06 04:10:56.623 I/dalvikvm(  368): threadid=4: reacting to signal 3
01-06 04:10:56.633 I/dalvikvm(  368): Wrote stack traces to '/data/anr/traces.txt'
01-06 04:10:56.633 I/dalvikvm(  377): threadid=4: reacting to signal 3
01-06 04:10:56.643 I/dalvikvm(  377): Wrote stack traces to '/data/anr/traces.txt'
01-06 04:10:56.643 I/dalvikvm(  386): threadid=4: reacting to signal 3
01-06 04:10:56.653 I/dalvikvm(  386): Wrote stack traces to '/data/anr/traces.txt'
01-06 04:10:56.663 I/dalvikvm(  395): threadid=4: reacting to signal 3
01-06 04:10:56.663 I/dalvikvm(  395): Wrote stack traces to '/data/anr/traces.txt'
01-06 04:10:56.673 I/dalvikvm(  469): threadid=4: reacting to signal 3
01-06 04:10:56.683 I/dalvikvm(  469): Wrote stack traces to '/data/anr/traces.txt'
01-06 04:10:56.683 I/dalvikvm(  485): threadid=4: reacting to signal 3
01-06 04:10:56.693 I/dalvikvm(  485): Wrote stack traces to '/data/anr/traces.txt'
01-06 04:10:56.693 I/dalvikvm(  504): threadid=4: reacting to signal 3
01-06 04:10:56.703 I/dalvikvm(  504): Wrote stack traces to '/data/anr/traces.txt'
01-06 04:10:56.703 I/dalvikvm(  513): threadid=4: reacting to signal 3
01-06 04:10:56.723 I/dalvikvm(  513): Wrote stack traces to '/data/anr/traces.txt'
01-06 04:10:56.723 I/dalvikvm(  527): threadid=4: reacting to signal 3
01-06 04:10:56.733 I/dalvikvm(  527): Wrote stack traces to '/data/anr/traces.txt'
01-06 04:10:56.733 I/dalvikvm(  540): threadid=4: reacting to signal 3
01-06 04:10:56.743 I/dalvikvm(  540): Wrote stack traces to '/data/anr/traces.txt'
01-06 04:10:56.743 I/dalvikvm(  570): threadid=4: reacting to signal 3
01-06 04:10:56.753 I/dalvikvm(  570): Wrote stack traces to '/data/anr/traces.txt'
01-06 04:10:56.753 I/dalvikvm(  581): threadid=4: reacting to signal 3
01-06 04:10:56.763 I/dalvikvm(  581): Wrote stack traces to '/data/anr/traces.txt'
01-06 04:10:56.763 I/dalvikvm(  589): threadid=4: reacting to signal 3
01-06 04:10:56.773 I/dalvikvm(  589): Wrote stack traces to '/data/anr/traces.txt'
01-06 04:10:56.783 I/dalvikvm(  613): threadid=4: reacting to signal 3
01-06 04:10:56.793 I/dalvikvm(  613): Wrote stack traces to '/data/anr/traces.txt'
01-06 04:10:56.793 I/dalvikvm(  622): threadid=4: reacting to signal 3
01-06 04:10:56.804 I/dalvikvm(  622): Wrote stack traces to '/data/anr/traces.txt'
[logcat: 0.1s elapsed]

