--------- beginning of /dev/log/main
01-06 04:09:15.675 I//system/xbin/run-parts(   71): /sys/block/mmcblk0/device/type: No such file or directory
01-06 04:09:15.685 I//system/xbin/run-parts(   71): /sys/block/mmcblk1/device/type: No such file or directory
01-06 04:09:15.695 I//system/xbin/run-parts(   71): /sys/block/mmcblk2/device/type: No such file or directory
01-06 04:09:15.695 I//system/xbin/run-parts(   71): /sys/block/mmcblk3/device/type: No such file or directory
01-06 04:09:15.705 I//system/xbin/run-parts(   71): /sys/block/mmcblk4/device/type: No such file or directory
01-06 04:09:15.715 I//system/xbin/run-parts(   71): /sys/block/mmcblk5/device/type: No such file or directory
01-06 04:09:15.725 I//system/xbin/run-parts(   71): /sys/block/mmcblk6/device/type: No such file or directory
01-06 04:09:15.725 I//system/xbin/run-parts(   71): /sys/block/mmcblk7/device/type: No such file or directory
01-06 04:09:15.735 I//system/xbin/run-parts(   71): /sys/block/mmcblk8/device/type: No such file or directory
01-06 04:09:15.745 I//system/xbin/run-parts(   71): /sys/block/mmcblk9/device/type: No such file or directory
01-06 04:09:15.795 I//system/xbin/run-parts(   71): modprobe: module 'ipv6' not found
01-06 04:09:15.815 I//system/xbin/run-parts(   71): dealing with default theme
01-06 04:09:15.915 I//system/xbin/run-parts(   71): make sure internal sdcard folder exists
01-06 04:09:15.915 I/logwrapper(   71): /system/xbin/run-parts terminated by exit(0)
01-06 04:09:15.985 D/AK8973  (  120): AK8973 daemon 1.2.3 Start
01-06 04:09:15.985 D/AK8973  (  120): (Library version : 1.2.1.620)
01-06 04:09:15.985 I/DEBUG   (  113): debuggerd: Aug 12 2011 12:19:03
--------- beginning of /dev/log/system
01-06 04:09:16.075 I/Vold    (  111): Vold 2.1 (the revenge) firing up
01-06 04:09:16.105 D/Vold    (  111): Volume sdcard state changing -1 (Initializing) -> 0 (No-Media)
01-06 04:09:16.225 I/Netd    (  112): Netd 1.0 starting
01-06 04:09:16.255 D/Vold    (  111): USB connected
01-06 04:09:16.426 D/Vold    (  111): USB connected
01-06 04:09:16.896 D/AndroidRuntime(  115): 
01-06 04:09:16.896 D/AndroidRuntime(  115): >>>>>> AndroidRuntime START com.android.internal.os.ZygoteInit <<<<<<
01-06 04:09:16.896 D/AndroidRuntime(  115): CheckJNI is OFF
01-06 04:09:16.906 D/dalvikvm(  115): creating instr width table
01-06 04:09:16.926 I/        (  122): Main_fmradioserver::ServiceManager: 0xaf80
01-06 04:09:16.926 I/FMRadioStackService(  122): FMRadioStackService created
01-06 04:09:16.926 I/FMRadioStackService(  122): onFirstRef:: run thread to power on bt device
01-06 04:09:17.266 I/        (  116): ServiceManager: 0xad50
01-06 04:09:17.266 D/AudioHardwareQSD(  116): open /system/etc/vpimg success
01-06 04:09:17.266 D/AudioHardwareQSD(  116): Firmware /system/etc/vpimg size 27612
01-06 04:09:17.276 D/AudioHardwareQSD(  116): Total 27612 bytes put to user space buffer.
01-06 04:09:18.498 I/SamplingProfilerIntegration(  115): Profiler is disabled.
01-06 04:09:18.558 I/Zygote  (  115): Preloading classes...
01-06 04:09:18.558 E/Zygote  (  115): setreuid() failed. errno: 2
01-06 04:09:18.558 D/dalvikvm(  115): GC_EXPLICIT freed 47K, 77% free 238K/1024K, external 0K/0K, paused 8ms
01-06 04:09:18.628 D/dalvikvm(  115): GC_EXPLICIT freed 1K, 72% free 288K/1024K, external 0K/0K, paused 4ms
01-06 04:09:18.728 D/dalvikvm(  115): GC_EXPLICIT freed 20K, 69% free 321K/1024K, external 0K/0K, paused 4ms
01-06 04:09:18.748 I/bluetooth_ScoSocket.cpp(  115): Entry name = MY-CAR ScoTypes = 0x7f
01-06 04:09:18.748 I/bluetooth_ScoSocket.cpp(  115): Entry name = Motorola HF850 ScoTypes = 0x7
01-06 04:09:18.788 D/dalvikvm(  115): GC_EXPLICIT freed 16K, 65% free 359K/1024K, external 0K/0K, paused 5ms
01-06 04:09:18.848 D/dalvikvm(  115): GC_EXPLICIT freed 24K, 62% free 389K/1024K, external 0K/0K, paused 6ms
01-06 04:09:19.198 D/dalvikvm(  115): GC_EXPLICIT freed 24K, 57% free 450K/1024K, external 0K/0K, paused 3ms
01-06 04:09:19.429 D/dalvikvm(  115): GC_EXPLICIT freed 99K, 46% free 556K/1024K, external 0K/0K, paused 4ms
01-06 04:09:19.839 D/dalvikvm(  115): GC_EXPLICIT freed 272K, 27% free 894K/1219K, external 0K/0K, paused 10ms
01-06 04:09:19.889 D/dalvikvm(  115): GC_EXPLICIT freed 21K, 22% free 957K/1219K, external 0K/0K, paused 10ms
01-06 04:09:20.169 D/dalvikvm(  115): GC_EXPLICIT freed 81K, 10% free 1102K/1219K, external 0K/0K, paused 20ms
01-06 04:09:20.269 D/dalvikvm(  115): GC_EXPLICIT freed 48K, 7% free 1384K/1475K, external 0K/0K, paused 15ms
01-06 04:09:20.319 D/dalvikvm(  115): GC_EXPLICIT freed 24K, 5% free 1414K/1475K, external 0K/0K, paused 15ms
01-06 04:09:20.369 D/dalvikvm(  115): GC_EXPLICIT freed 29K, 3% free 1439K/1475K, external 0K/0K, paused 14ms
01-06 04:09:20.510 D/AudioHardwareQSD(  116): audience_a1026 init OK
01-06 04:09:20.510 D/AudioHardwareQSD(  116): set_tpa2018d1_parameters() not present
01-06 04:09:20.510 I/HTC Acoustic(  116): libhtc_acoustic.so version 2.0.1.2.
01-06 04:09:20.510 I/HTC Acoustic(  116): open /system/etc/AdieHWCodecSetting.csv success.
01-06 04:09:20.520 I/HTC Acoustic(  116): ADIE table version: PASSION_HTC_20091019
01-06 04:09:20.520 E/HTC Acoustic(  116): Update ADIE table ID 0
01-06 04:09:20.520 E/HTC Acoustic(  116): Update ADIE table ID 2
01-06 04:09:20.520 E/HTC Acoustic(  116): Update ADIE table ID 5
01-06 04:09:20.520 E/HTC Acoustic(  116): Update ADIE table ID 7
01-06 04:09:20.520 E/HTC Acoustic(  116): Update ADIE table ID 8
01-06 04:09:20.520 E/HTC Acoustic(  116): Update ADIE table ID 10
01-06 04:09:20.520 E/HTC Acoustic(  116): Update ADIE table ID 51
01-06 04:09:20.520 E/HTC Acoustic(  116): Update ADIE table ID 53
01-06 04:09:20.520 I/HTC Acoustic(  116): read_adie_para_from_file success.
01-06 04:09:20.530 D/HTC Acoustic(  116): ioctl ACOUSTIC_UPDATE_ADIE success
01-06 04:09:20.540 I/HTC Acoustic(  116): open /system/etc/AudioBTID.csv success.
01-06 04:09:20.540 I/HTC Acoustic(  116): BT ID table version: PASSION_HTC_20091105
01-06 04:09:20.540 D/AudioHardwareInterface(  116): setMode(NORMAL)
01-06 04:09:20.540 I/AudioHardwareQSD(  116): Set master volume to 1.000000
01-06 04:09:20.550 I/CameraService(  116): CameraService started (pid=116)
01-06 04:09:20.570 I/AudioFlinger(  116): AudioFlinger's thread 0xea40 ready to run
01-06 04:09:20.580 I/AudioHardwareQSD(  116): Routing audio to Speakerphone
01-06 04:09:20.580 D/AudioHardwareQSD(  116): Switching audio device to 
01-06 04:09:20.580 D/AudioHardwareQSD(  116): Speakerphone
01-06 04:09:20.870 D/dalvikvm(  115): GC_EXPLICIT freed 14K, 4% free 1479K/1539K, external 0K/0K, paused 35ms
01-06 04:09:21.080 D/dalvikvm(  115): GC_EXPLICIT freed 29K, 3% free 1504K/1539K, external 0K/0K, paused 38ms
01-06 04:09:21.130 D/dalvikvm(  115): GC_EXPLICIT freed 26K, 4% free 1540K/1603K, external 0K/0K, paused 13ms
01-06 04:09:21.160 D/dalvikvm(  115): GC_EXPLICIT freed 39K, 3% free 1558K/1603K, external 0K/0K, paused 14ms
01-06 04:09:21.210 D/dalvikvm(  115): GC_EXPLICIT freed 40K, 6% free 1572K/1667K, external 0K/0K, paused 19ms
01-06 04:09:21.250 I/AudioHardwareQSD(  116): voice volume 5 (range is 0 to 5)
01-06 04:09:21.250 D/AudioHardwareQSD(  116): Setting in-call volume to 100
01-06 04:09:21.260 D/dalvikvm(  115): GC_EXPLICIT freed 54K, 5% free 1585K/1667K, external 0K/0K, paused 17ms
01-06 04:09:21.921 D/dalvikvm(  115): GC_FOR_MALLOC freed 2795K, 55% free 2327K/5123K, external 0K/0K, paused 41ms
01-06 04:09:22.251 D/dalvikvm(  115): GC_FOR_MALLOC freed 2526K, 50% free 2593K/5123K, external 0K/0K, paused 38ms
01-06 04:09:22.271 D/dalvikvm(  115): GC_EXPLICIT freed 8K, 50% free 2589K/5123K, external 0K/0K, paused 23ms
01-06 04:09:23.122 D/dalvikvm(  115): GC_EXPLICIT freed 111K, 49% free 2647K/5123K, external 0K/0K, paused 26ms
01-06 04:09:23.202 D/dalvikvm(  115): GC_EXPLICIT freed 73K, 48% free 2673K/5123K, external 0K/0K, paused 26ms
01-06 04:09:23.272 D/dalvikvm(  115): GC_EXPLICIT freed 36K, 48% free 2690K/5123K, external 0K/0K, paused 27ms
01-06 04:09:23.332 D/dalvikvm(  115): GC_EXPLICIT freed 31K, 48% free 2714K/5123K, external 0K/0K, paused 30ms
01-06 04:09:23.382 D/dalvikvm(  115): GC_EXPLICIT freed 38K, 47% free 2736K/5123K, external 0K/0K, paused 31ms
01-06 04:09:23.392 I/Zygote  (  115): ...preloaded 1829 classes in 4842ms.
01-06 04:09:23.392 E/Zygote  (  115): setreuid() failed. errno: 17
01-06 04:09:23.422 D/dalvikvm(  115): GC_EXPLICIT freed 18K, 47% free 2735K/5123K, external 0K/0K, paused 31ms
01-06 04:09:23.422 I/Zygote  (  115): Preload resources disabled, skipped.
01-06 04:09:23.452 D/dalvikvm(  115): GC_EXPLICIT freed <1K, 47% free 2735K/5123K, external 0K/0K, paused 30ms
01-06 04:09:23.472 D/dalvikvm(  115): GC_EXPLICIT freed <1K, 47% free 2735K/5123K, external 0K/0K, paused 25ms
01-06 04:09:23.502 D/dalvikvm(  115): GC_EXPLICIT freed <1K, 47% free 2735K/5123K, external 0K/0K, paused 26ms
01-06 04:09:23.502 I/dalvikvm(  115): System server process 151 has been created
01-06 04:09:23.502 I/Zygote  (  115): Accepting command socket connections
01-06 04:09:23.673 I/sysproc (  151): Entered system_init()
01-06 04:09:23.673 I/sysproc (  151): ServiceManager: 0x15d0f8
01-06 04:09:23.683 I/SurfaceFlinger(  151): SurfaceFlinger is starting
01-06 04:09:23.683 I/SurfaceFlinger(  151): SurfaceFlinger's main thread ready to run. Initializing graphics H/W...
01-06 04:09:23.693 I/qsd8k.gralloc(  151): using (fd=30)
01-06 04:09:23.693 I/qsd8k.gralloc(  151): id           = msmfb
01-06 04:09:23.693 I/qsd8k.gralloc(  151): xres         = 480 px
01-06 04:09:23.693 I/qsd8k.gralloc(  151): yres         = 800 px
01-06 04:09:23.693 I/qsd8k.gralloc(  151): xres_virtual = 480 px
01-06 04:09:23.693 I/qsd8k.gralloc(  151): yres_virtual = 1600 px
01-06 04:09:23.693 I/qsd8k.gralloc(  151): bpp          = 32
01-06 04:09:23.693 I/qsd8k.gralloc(  151): r            =  0:8
01-06 04:09:23.693 I/qsd8k.gralloc(  151): g            =  8:8
01-06 04:09:23.693 I/qsd8k.gralloc(  151): b            = 16:8
01-06 04:09:23.693 I/qsd8k.gralloc(  151): width        = 48 mm (254.000000 dpi)
01-06 04:09:23.693 I/qsd8k.gralloc(  151): height       = 80 mm (254.000000 dpi)
01-06 04:09:23.693 I/qsd8k.gralloc(  151): refresh rate = 60.00 Hz
01-06 04:09:23.703 D/libEGL  (  151): loaded /system/lib/egl/libGLES_android.so
01-06 04:09:23.753 D/libEGL  (  151): loaded /system/lib/egl/libEGL_adreno200.so
01-06 04:09:23.853 D/libEGL  (  151): loaded /system/lib/egl/libGLESv1_CM_adreno200.so
01-06 04:09:23.853 D/libEGL  (  151): loaded /system/lib/egl/libGLESv2_adreno200.so
01-06 04:09:24.023 E/libEGL  (  151): eglSetSwapRectangleANDROID:1844 error 3008 (EGL_BAD_DISPLAY)
01-06 04:09:24.023 I/SurfaceFlinger(  151): EGL informations:
01-06 04:09:24.023 I/SurfaceFlinger(  151): # of configs : 53
01-06 04:09:24.023 I/SurfaceFlinger(  151): vendor    : Android
01-06 04:09:24.023 I/SurfaceFlinger(  151): version   : 1.4 Android META-EGL
01-06 04:09:24.023 I/SurfaceFlinger(  151): extensions: EGL_KHR_image EGL_KHR_image_base EGL_KHR_image_pixmap EGL_ANDROID_image_native_buffer EGL_ANDROID_swap_rectangle 
01-06 04:09:24.023 I/SurfaceFlinger(  151): Client API: OpenGL ES
01-06 04:09:24.023 I/SurfaceFlinger(  151): EGLSurface: 8-8-8-8, config=0x9
01-06 04:09:24.023 I/SurfaceFlinger(  151): OpenGL informations:
01-06 04:09:24.023 I/SurfaceFlinger(  151): vendor    : Qualcomm
01-06 04:09:24.023 I/SurfaceFlinger(  151): renderer  : Adreno 200
01-06 04:09:24.023 I/SurfaceFlinger(  151): version   : OpenGL ES-CM 1.1
01-06 04:09:24.023 I/SurfaceFlinger(  151): extensions: GL_AMD_compressed_3DC_texture GL_AMD_compressed_ATC_texture GL_OES_EGL_image GL_OES_blend_equation_separate GL_OES_blend_func_separate GL_OES_blend_subtract GL_OES_compressed_ETC1_RGB8_texture GL_OES_compressed_paletted_texture GL_OES_draw_texture GL_OES_framebuffer_object GL_OES_matrix_palette GL_OES_point_size_array GL_OES_point_sprite GL_OES_read_format GL_OES_stencil_wrap GL_OES_texture_cube_map GL_OES_texture_env_crossbar GL_OES_texture_mirrored_repeat 
01-06 04:09:24.023 I/SurfaceFlinger(  151): GL_MAX_TEXTURE_SIZE = 4096
01-06 04:09:24.023 I/SurfaceFlinger(  151): GL_MAX_VIEWPORT_DIMS = 4096
01-06 04:09:24.023 I/SurfaceFlinger(  151): flags = 00000000
01-06 04:09:24.023 D/SensorService(  151): nuSensorService starting...
01-06 04:09:24.043 D/AK8973  (  120): Compass Start
01-06 04:09:24.053 I/SensorService(  151): BMA150 3-axis Accelerometer
01-06 04:09:24.073 I/SensorService(  151): AK8973 3-axis Magnetic field sensor
01-06 04:09:24.073 I/SensorService(  151): AK8973 Orientation sensor
01-06 04:09:24.073 I/SensorService(  151): CM3602 Proximity sensor
01-06 04:09:24.073 I/SensorService(  151): CM3602 Light sensor
01-06 04:09:24.073 I/sysproc (  151): System server: starting Android runtime.
01-06 04:09:24.073 I/sysproc (  151): System server: starting Android services.
01-06 04:09:24.083 I/SystemServer(  151): Entered the Android system server!
01-06 04:09:24.093 D/SensorService(  151): nuSensorService thread starting...
01-06 04:09:24.103 I/sysproc (  151): System server: entering thread pool.
01-06 04:09:24.103 I/SystemServer(  151): Entropy Service
01-06 04:09:24.133 I/SystemServer(  151): Power Manager
01-06 04:09:24.153 I/SystemServer(  151): Activity Manager
01-06 04:09:24.203 I/ActivityManager(  151): Memory class: 32
01-06 04:09:24.323 E/ConfirmedPackageBehaviors(  151): /data/system/confirmed_package_behavior.authz doen't exist.
01-06 04:09:24.343 D/libEGL  (  164): loaded /system/lib/egl/libGLES_android.so
01-06 04:09:24.373 D/libEGL  (  164): loaded /system/lib/egl/libEGL_adreno200.so
01-06 04:09:24.383 D/libEGL  (  164): loaded /system/lib/egl/libGLESv1_CM_adreno200.so
01-06 04:09:24.383 D/libEGL  (  164): loaded /system/lib/egl/libGLESv2_adreno200.so
01-06 04:09:24.413 D/AK8973  (  120): Compass CLOSE 
01-06 04:09:24.453 W/zipro   (  164): Unable to open zip '/data/system/theme/boots/bootanimation.zip': No such file or directory
01-06 04:09:24.614 I/SystemServer(  151): Telephony Registry
01-06 04:09:24.624 E/SurfaceFlinger(  151): eglSwapBuffers: EGL error 0x3008 (EGL_BAD_DISPLAY)
01-06 04:09:24.624 I/SystemServer(  151): Package Manager
01-06 04:09:24.694 I/Installer(  151): connecting...
01-06 04:09:24.704 I/installd(  118): new connection
01-06 04:09:24.794 D/dalvikvm(  151): GC_CONCURRENT freed 126K, 45% free 3127K/5639K, external 0K/0K, paused 2ms+3ms
01-06 04:09:25.134 D/dalvikvm(  151): GC_CONCURRENT freed 444K, 48% free 3224K/6087K, external 0K/0K, paused 2ms+3ms
01-06 04:09:25.544 W/PackageParser(  151): No actions in intent filter at /system/app/Bluetooth.apk Binary XML file line #111
01-06 04:09:25.935 D/dalvikvm(  151): GC_CONCURRENT freed 256K, 44% free 3494K/6151K, external 0K/0K, paused 3ms+18ms
01-06 04:09:26.485 D/szipinf (  151): Initializing inflate state
01-06 04:09:26.806 D/dalvikvm(  151): GC_CONCURRENT freed 283K, 42% free 3725K/6407K, external 0K/0K, paused 3ms+17ms
01-06 04:09:27.286 D/szipinf (  151): Initializing inflate state
01-06 04:09:27.446 D/dalvikvm(  151): GC_CONCURRENT freed 347K, 42% free 3914K/6663K, external 0K/0K, paused 2ms+6ms
01-06 04:09:28.137 D/PackageManager(  151): No files in app dir /vendor/app
01-06 04:09:28.187 W/PackageManager(  151): Package com.se.mini desires unavailable shared library com.sony.android.plusone; ignoring!
01-06 04:09:28.207 I/PackageParser(  151): com.sony.android.plusoneservice: compat added android.permission.WRITE_EXTERNAL_STORAGE android.permission.READ_PHONE_STATE
01-06 04:09:28.207 W/PackageManager(  151): Package com.sony.android.plusoneservice desires unavailable shared library com.sony.android.plusone; ignoring!
01-06 04:09:28.247 I/PackageManager(  151): Time to scan packages: 3.133 seconds
01-06 04:09:28.297 W/PackageManager(  151): Unknown permission com.android.vending.permission.UPDATE_MARKET_FAILURE in package com.android.vending.updater
01-06 04:09:28.297 W/PackageManager(  151): Not granting permission android.permission.SEND_DOWNLOAD_COMPLETED_INTENTS to package com.android.contacts (protectionLevel=2 flags=0x8be45)
01-06 04:09:28.297 W/PackageManager(  151): Unknown permission android.permission.ADD_SYSTEM_SERVICE in package com.android.phone
01-06 04:09:28.297 W/PackageManager(  151): Unknown permission android.permission.WRITE_INTERNAL_STORAGE in package com.miui.player
01-06 04:09:28.297 W/PackageManager(  151): Not granting permission android.permission.MANAGE_APP_TOKENS to package com.sony.android.plusoneservice (protectionLevel=2 flags=0x1000ac46)
01-06 04:09:28.307 D/dalvikvm(  151): GC_CONCURRENT freed 315K, 40% free 4141K/6855K, external 0K/0K, paused 2ms+14ms
01-06 04:09:28.317 W/PackageManager(  151): Unknown permission android.permission.READ_EXTERNAL_STORAGE in package com.android.vending
01-06 04:09:28.317 W/PackageManager(  151): Unknown permission com.google.android.voicesearch.AUDIO_FILE_ACCESS in package com.google.android.gm
01-06 04:09:28.317 W/PackageManager(  151): Unknown permission android.permission.READ_OWNER_DATA in package com.android.email
01-06 04:09:28.317 W/PackageManager(  151): Not granting permission android.permission.DEVICE_POWER to package com.android.deskclock (protectionLevel=2 flags=0x8be45)
01-06 04:09:28.537 D/dalvikvm(  151): GC_EXPLICIT freed 421K, 44% free 3924K/6983K, external 0K/0K, paused 95ms
01-06 04:09:28.537 I/SystemServer(  151): Account Manager
01-06 04:09:28.547 D/szipinf (  151): Initializing inflate state
01-06 04:09:28.738 I/SystemServer(  151): Content Manager
01-06 04:09:28.838 I/ActivityThread(  151): Pub settings: com.android.providers.settings.SettingsProvider
01-06 04:09:28.838 I/SystemServer(  151): System Content Providers
01-06 04:09:28.868 I/ActivityThread(  151): Pub telocation: com.android.providers.telocation.TelocationProvider
01-06 04:09:28.878 I/ActivityThread(  151): Pub yellowpage: com.android.providers.telocation.YellowPageProvider
01-06 04:09:28.878 D/SettingsProvider(  151): cache for settings table 'secure' rows=36; fullycached=true
01-06 04:09:28.878 I/SystemServer(  151): Battery Service
01-06 04:09:28.888 D/SettingsProvider(  151): cache for settings table 'system' rows=61; fullycached=true
01-06 04:09:28.888 I/SystemServer(  151): Lights Service
01-06 04:09:28.898 I/SystemServer(  151): Vibrator Service
01-06 04:09:28.958 I/SystemServer(  151): Alarm Manager
01-06 04:09:28.958 I/SystemServer(  151): Init Watchdog
01-06 04:09:28.958 I/SystemServer(  151): Window Manager
01-06 04:09:28.988 I/InputManager(  151): Initializing input manager
01-06 04:09:29.078 I/InputManager(  151): Starting input manager
01-06 04:09:29.078 I/SystemServer(  151): Bluetooth Service
01-06 04:09:29.088 I/EventHub(  151): New device: path=/dev/input/event6 name=mahimahi-nav id=0x10000 (of 0x1) index=1 fd=114 classes=0x8
01-06 04:09:29.098 I/EventHub(  151): New keyboard: device->id=0x10001 devname='mahimahi-keypad' propName='hw.keyboards.65537.devname' keylayout='/system/usr/keylayout/mahimahi-keypad.kl'
01-06 04:09:29.098 I/EventHub(  151): New device: path=/dev/input/event5 name=mahimahi-keypad id=0x10001 (of 0x2) index=2 fd=115 classes=0x1
01-06 04:09:29.098 I/EventHub(  151): New device: path=/dev/input/event3 name=synaptics-rmi-touchscreen id=0x20002 (of 0x3) index=3 fd=117 classes=0x14
01-06 04:09:29.098 I/EventHub(  151): New keyboard: device->id=0x20003 devname='h2w headset' propName='hw.keyboards.131075.devname' keylayout='/system/usr/keylayout/h2w_headset.kl'
01-06 04:09:29.098 I/EventHub(  151): New device: path=/dev/input/event1 name=h2w headset id=0x20003 (of 0x4) index=4 fd=118 classes=0x1
01-06 04:09:29.098 I/InputReader(  151): Device added: id=0x20003, name=h2w headset, sources=00000101
01-06 04:09:29.098 I/InputManager-Callbacks(  151): No input device calibration properties found for device h2w headset.
01-06 04:09:29.108 I/InputReader(  151): Device added: id=0x20002, name=synaptics-rmi-touchscreen, sources=00001002
01-06 04:09:29.118 I/InputReader(  151): Device added: id=0x0, name=mahimahi-keypad, sources=00000101
01-06 04:09:29.118 I/InputReader(  151): Device added: id=0x10000, name=mahimahi-nav, sources=00010004
01-06 04:09:29.118 I/InputManager-Callbacks(  151): No input device calibration properties found for device mahimahi-keypad.
01-06 04:09:29.118 I/InputManager-Callbacks(  151): No input device calibration properties found for device mahimahi-nav.
01-06 04:09:29.168 I/BluetoothProfileState(  151): Message:Entering Stable State
01-06 04:09:29.168 I/BluetoothProfileState(  151): Message:Entering Stable State
01-06 04:09:29.168 I/SystemServer(  151): Device Policy
01-06 04:09:29.168 I/SystemServer(  151): Status Bar
01-06 04:09:29.178 I/SystemServer(  151): Clipboard Service
01-06 04:09:29.178 I/SystemServer(  151): Input Method Service
01-06 04:09:29.188 I/InputManagerService(  151): Enabled input methods: com.android.inputmethod.latin/.LatinIME
01-06 04:09:29.188 I/SystemServer(  151): NetStat Service
01-06 04:09:29.188 I/SystemServer(  151): NetworkManagement Service
01-06 04:09:29.198 I/SystemServer(  151): Connectivity Service
01-06 04:09:29.218 D/dalvikvm(  151): GC_CONCURRENT freed 192K, 40% free 4233K/6983K, external 0K/0K, paused 3ms+4ms
01-06 04:09:29.278 I/WifiService(  151): WifiService starting up with Wi-Fi disabled
01-06 04:09:29.278 D/NetworkManagmentService(  151): Registering observer
01-06 04:09:29.298 I/SystemServer(  151): Throttle Service
01-06 04:09:29.298 I/SystemServer(  151): Accessibility Manager
01-06 04:09:29.298 I/SystemServer(  151): Mount Service
01-06 04:09:29.308 I/SystemServer(  151): Notification Manager
01-06 04:09:29.308 I/SystemServer(  151): Device Storage Monitor
01-06 04:09:29.308 I/SystemServer(  151): Location Manager
01-06 04:09:29.318 I/SystemServer(  151): Search Service
01-06 04:09:29.318 I/SystemServer(  151): DropBox Service
01-06 04:09:29.318 D/VoldCmdListener(  111): volume list
01-06 04:09:29.318 I/SystemServer(  151): Wallpaper Service
01-06 04:09:29.318 W/MountService(  151): Duplicate state transition (removed -> removed)
01-06 04:09:29.318 D/VoldCmdListener(  111): share status ums
01-06 04:09:29.328 I/SystemServer(  151): Audio Service
01-06 04:09:29.428 I/AudioHardwareQSD(  116): voice volume 4 (range is 0 to 5)
01-06 04:09:29.428 D/AudioHardwareQSD(  116): Setting in-call volume to 80
01-06 04:09:29.468 D/AudioHardwareInterface(  116): setMode(NORMAL)
01-06 04:09:29.468 W/AudioPolicyManagerBase(  116): setPhoneState() setting same state 0
01-06 04:09:29.508 W/UsbDeviceSettingsManager(  151): settings file not found
01-06 04:09:29.508 I/SystemServer(  151): Headset Observer
01-06 04:09:29.508 I/SystemServer(  151): Dock Observer
01-06 04:09:29.508 I/SystemServer(  151): USB Service
01-06 04:09:29.538 I/SystemServer(  151): UI Mode Manager Service
01-06 04:09:29.548 I/SystemServer(  151): Backup Service
01-06 04:09:29.568 V/BackupManagerService(  151): No ancestral data
01-06 04:09:29.699 D/dalvikvm(  151): GC_CONCURRENT freed 364K, 39% free 4407K/7175K, external 0K/0K, paused 3ms+10ms
01-06 04:09:29.829 I/BackupManagerService(  151): Found stale backup journal, scheduling
01-06 04:09:29.829 I/BackupManagerService(  151):   android
01-06 04:09:29.829 I/BackupManagerService(  151):   com.android.inputmethod.latin
01-06 04:09:29.839 I/BackupManagerService(  151):   com.android.providers.settings
01-06 04:09:29.839 I/BackupManagerService(  151):   com.android.providers.userdictionary
01-06 04:09:29.839 I/BackupManagerService(  151):   com.android.vending
01-06 04:09:29.849 I/BackupManagerService(  151): Backup enabled => false
01-06 04:09:29.849 I/SystemServer(  151): AppWidget Service
01-06 04:09:29.849 I/SystemServer(  151): Recognition Service
01-06 04:09:29.849 I/SystemServer(  151): DiskStats Service
01-06 04:09:29.869 I/WindowManager(  151): SAFE MODE not enabled
01-06 04:09:29.869 D/dalvikvm(  151): JIT started for system_server
01-06 04:09:29.899 I/power   (  151): *** set_screen_state 1
01-06 04:09:29.899 D/PowerManagerService(  151): setPowerState: mPowerState=0 newState=3 noChangeLights=false
01-06 04:09:29.899 D/PowerManagerService(  151):   oldKeyboardBright=false newKeyboardBright=false
01-06 04:09:29.899 D/PowerManagerService(  151):   oldScreenBright=false newScreenBright=true
01-06 04:09:29.899 D/PowerManagerService(  151):   oldButtonBright=false newButtonBright=false
01-06 04:09:29.899 D/PowerManagerService(  151):   oldScreenOn=false newScreenOn=true
01-06 04:09:29.899 D/PowerManagerService(  151):   oldBatteryLow=false newBatteryLow=false
01-06 04:09:29.899 I/PowerManagerService(  151): setTargetLocked mask=2 curValue=255.0 target=255 targetValue=255 delta=17.0 nominalCurrentValue=0  ******************
01-06 04:09:29.899 D/PowerManagerService(  151): offMask=0x0 dimMask=0x0 onMask=0x0 difference=0x3 realDifference=0x3 forceState=0x0
01-06 04:09:29.899 D/PowerManagerService(  151): system ready!
01-06 04:09:29.909 D/PowerManagerService(  151): jumpToTargetLocked targetValue=255: 2
01-06 04:09:29.919 I/ActivityManager(  151): System now ready
01-06 04:09:29.919 I/SystemServer(  151): Making services ready
01-06 04:09:29.919 I/StatusBarManagerService(  151): Starting service: ComponentInfo{com.android.systemui/com.android.systemui.statusbar.StatusBarService}
01-06 04:09:29.929 I/Zygote  (  151): Process: zygote socket opened
01-06 04:09:29.939 I/ActivityManager(  151): Start proc com.android.systemui for service com.android.systemui/.statusbar.StatusBarService: pid=218 uid=1000 gids={3002, 3001, 3003}
01-06 04:09:29.939 I/ActivityManager(  151): Config changed: { scale=1.0 fontSize=2 themeChanged=0 themeChangedFlags=0 imsi=0/0 loc=en_US touch=0 keys=0/0/0 nav=0/0 orien=0 layout=0 uiMode=17 seq=2}
01-06 04:09:29.939 W/RecognitionManagerService(  151): no available voice recognition services found
01-06 04:09:30.139 I/ActivityManager(  151): Start proc com.android.inputmethod.latin for service com.android.inputmethod.latin/.LatinIME: pid=227 uid=10020 gids={}
01-06 04:09:30.189 I/LockScreenResourceLoader(  151): root:Lockscreen
01-06 04:09:30.189 D/NetworkManagmentService(  151): Registering observer
01-06 04:09:30.259 D/SntpClient(  151): request time failed: java.net.UnknownHostException: cn.pool.ntp.org
01-06 04:09:30.269 D/SntpClient(  151): request time failed: java.net.UnknownHostException: cn.pool.ntp.org
01-06 04:09:30.459 D/dalvikvm(  151): GC_CONCURRENT freed 386K, 38% free 4578K/7367K, external 0K/0K, paused 3ms+14ms
01-06 04:09:30.489 I/ActivityManager(  151): Start proc com.android.phone for added application com.android.phone: pid=237 uid=1001 gids={1015, 3002, 3001, 3003}
01-06 04:09:30.499 I/ActivityManager(  151): Starting: Intent { act=android.intent.action.MAIN cat=[android.intent.category.HOME] flg=0x10000000 cmp=com.android.launcher/com.android.launcher2.Launcher } from pid 0
01-06 04:09:30.529 D/dalvikvm(  218): GC_CONCURRENT freed 398K, 50% free 2855K/5639K, external 0K/0K, paused 4ms+64ms
01-06 04:09:30.589 I/ActivityManager(  151): Start proc com.android.launcher for activity com.android.launcher/com.android.launcher2.Launcher: pid=241 uid=10021 gids={1015, 3003}
01-06 04:09:30.589 I/SystemServer(  151): Enabled StrictMode for system server main thread.
01-06 04:09:30.599 D/PowerManagerService(  151): setPowerState: mPowerState=3 newState=0 noChangeLights=false
01-06 04:09:30.599 D/PowerManagerService(  151):   oldKeyboardBright=false newKeyboardBright=false
01-06 04:09:30.599 D/PowerManagerService(  151):   oldScreenBright=true newScreenBright=false
01-06 04:09:30.599 D/PowerManagerService(  151):   oldButtonBright=false newButtonBright=false
01-06 04:09:30.599 D/PowerManagerService(  151):   oldScreenOn=true newScreenOn=false
01-06 04:09:30.599 D/PowerManagerService(  151):   oldBatteryLow=false newBatteryLow=false
01-06 04:09:30.609 I/PowerManagerService(  151): setTargetLocked mask=2 curValue=255.0 target=0 targetValue=0 delta=-17.0 nominalCurrentValue=255
01-06 04:09:30.619 I/power   (  151): *** set_screen_state 1
01-06 04:09:30.619 D/PowerManagerService(  151): offMask=0x0 dimMask=0x0 onMask=0x0 difference=0x3 realDifference=0x3 forceState=0x0
01-06 04:09:30.619 D/PowerManagerService(  151): setPowerState: mPowerState=0 newState=3 noChangeLights=false
01-06 04:09:30.619 D/PowerManagerService(  151):   oldKeyboardBright=false newKeyboardBright=false
01-06 04:09:30.619 D/PowerManagerService(  151):   oldScreenBright=false newScreenBright=true
01-06 04:09:30.619 D/PowerManagerService(  151):   oldButtonBright=false newButtonBright=false
01-06 04:09:30.619 D/PowerManagerService(  151):   oldScreenOn=false newScreenOn=true
01-06 04:09:30.619 D/PowerManagerService(  151):   oldBatteryLow=false newBatteryLow=false
01-06 04:09:30.619 I/PowerManagerService(  151): setTargetLocked mask=2 curValue=255.0 target=255 targetValue=255 delta=17.0 nominalCurrentValue=0  ******************
01-06 04:09:30.619 D/PowerManagerService(  151): offMask=0x0 dimMask=0x0 onMask=0x4 difference=0x7 realDifference=0x7 forceState=0x0
01-06 04:09:30.619 D/PowerManagerService(  151): jumpToTargetLocked targetValue=255: 2
01-06 04:09:30.619 D/PowerManagerService(  151): jumpToTargetLocked targetValue=-1: 2
01-06 04:09:30.659 I//system/bin/tc(  112): RTNETLINK answers: No such file or directory
01-06 04:09:30.659 I/logwrapper(  112): /system/bin/tc terminated by exit(2)
01-06 04:09:30.730 I//system/bin/tc(  112): RTNETLINK answers: No such file or directory
01-06 04:09:30.730 I/logwrapper(  112): /system/bin/tc terminated by exit(2)
01-06 04:09:30.800 I//system/bin/tc(  112): RTNETLINK answers: No such file or directory
01-06 04:09:30.800 I/logwrapper(  112): /system/bin/tc terminated by exit(2)
01-06 04:09:30.810 D/SntpClient(  151): request time failed: java.net.UnknownHostException: cn.pool.ntp.org
01-06 04:09:30.810 D/SntpClient(  151): request time failed: java.net.UnknownHostException: cn.pool.ntp.org
01-06 04:09:31.020 D/dalvikvm(  218): GC_EXTERNAL_ALLOC freed 39K, 50% free 2866K/5639K, external 0K/0K, paused 214ms
01-06 04:09:31.020 D/dalvikvm(  227): GC_CONCURRENT freed 403K, 50% free 2833K/5639K, external 0K/0K, paused 3ms+38ms
01-06 04:09:31.080 D/dalvikvm(  151): GC_CONCURRENT freed 486K, 39% free 4609K/7495K, external 0K/0K, paused 3ms+23ms
01-06 04:09:31.110 D/dalvikvm(  237): GC_CONCURRENT freed 405K, 50% free 2848K/5639K, external 0K/0K, paused 6ms+7ms
01-06 04:09:31.250 I/ActivityThread(  237): Pub mms: com.android.providers.telephony.MmsProvider
01-06 04:09:31.360 I/ActivityThread(  237): Pub sms: com.android.providers.telephony.SmsProvider
01-06 04:09:31.360 I/ActivityThread(  237): Pub telephony: com.android.providers.telephony.TelephonyProvider
01-06 04:09:31.370 I/ActivityThread(  237): Pub firewall: com.android.providers.telephony.FirewallProvider
01-06 04:09:31.390 I/ActivityThread(  237): Pub traffic: com.android.providers.telephony.TrafficProvider
01-06 04:09:31.390 I/ActivityThread(  237): Pub icc: com.android.phone.IccProvider
01-06 04:09:31.400 I/ActivityThread(  237): Pub mms-sms: com.android.providers.telephony.MmsSmsProvider
01-06 04:09:31.440 D/dalvikvm(  241): GC_CONCURRENT freed 408K, 50% free 2846K/5639K, external 0K/0K, paused 2ms+20ms
01-06 04:09:31.460 D/dalvikvm(  218): GC_EXTERNAL_ALLOC freed 87K, 49% free 2916K/5639K, external 523K/524K, paused 230ms
01-06 04:09:31.530 I/ActivityThread(  241): Pub com.android.launcher2.settings: com.android.launcher2.LauncherProvider
01-06 04:09:31.610 D/dalvikvm(  227): GC_EXTERNAL_ALLOC freed 36K, 49% free 2881K/5639K, external 0K/0K, paused 168ms
01-06 04:09:31.630 D/dalvikvm(  151): GC_FOR_MALLOC freed 345K, 39% free 4619K/7559K, external 0K/0K, paused 90ms
01-06 04:09:31.801 D/dalvikvm(  151): GC_FOR_MALLOC freed 126K, 39% free 4614K/7559K, external 0K/0K, paused 96ms
01-06 04:09:31.831 I/ActivityManager(  151): Start proc android.process.acore for content provider com.android.providers.userdictionary/.UserDictionaryProvider: pid=266 uid=10001 gids={3003, 1015}
01-06 04:09:32.001 D/Launcher(  241): onCreate
01-06 04:09:32.081 I/ActivityThread(  266): Pub com.android.social: com.android.providers.contacts.SocialProvider
01-06 04:09:32.111 D/dalvikvm(  218): GC_EXTERNAL_ALLOC freed 194K, 47% free 3038K/5639K, external 787K/1028K, paused 160ms
01-06 04:09:32.211 I/ActivityManager(  151): Start proc com.google.process.gapps for service com.google.android.gsf/.loginservice.GoogleLoginService: pid=278 uid=10017 gids={3003, 1015, 2001, 1007}
01-06 04:09:32.241 I/ActivityManager(  151): Config changed: { scale=1.0 fontSize=2 themeChanged=0 themeChangedFlags=0 imsi=0/0 loc=en_US touch=3 keys=1/1/2 nav=3/1 orien=1 layout=34 uiMode=17 seq=3}
01-06 04:09:32.331 D/dalvikvm(  227): GC_EXTERNAL_ALLOC freed 32K, 49% free 2913K/5639K, external 469K/512K, paused 164ms
01-06 04:09:32.371 I/Database(  241): sqlite returned: error code = 0, msg = Recovered 17 frames from WAL file /data/data/com.android.launcher/databases/launcher.db-wal
01-06 04:09:32.401 D/AK8973  (  120): Compass Start
01-06 04:09:32.421 D/Launcher.Workspace(  241): Screens loaded [6, 1, 2, 3, 8, 5, 9, 4]
01-06 04:09:32.451 I/AwesomeLockScreenView(  151): RenderThread started
01-06 04:09:32.621 D/dalvikvm(  266): GC_CONCURRENT freed 400K, 51% free 2812K/5639K, external 0K/0K, paused 4ms+3ms
01-06 04:09:32.631 D/dalvikvm(  278): GC_CONCURRENT freed 326K, 50% free 2805K/5575K, external 0K/0K, paused 2ms+3ms
01-06 04:09:32.681 I/ActivityThread(  266): Pub applications: com.android.providers.applications.ApplicationsProvider
01-06 04:09:32.802 D/dalvikvm(  151): GC_FOR_MALLOC freed 128K, 38% free 4689K/7559K, external 0K/0K, paused 105ms
01-06 04:09:32.822 D/szipinf (  278): Initializing inflate state
01-06 04:09:32.932 D/dalvikvm(  218): GC_CONCURRENT freed 202K, 48% free 3047K/5767K, external 2286K/2476K, paused 2ms+8ms
01-06 04:09:32.982 D/dalvikvm(  241): GC_CONCURRENT freed 191K, 46% free 3113K/5703K, external 0K/0K, paused 2ms+3ms
01-06 04:09:33.062 D/CallManager(  237): registerPhone(GSM Handler{406cad70})
01-06 04:09:33.112 I/StatusBarManagerService(  151): registerStatusBar bar=com.android.internal.statusbar.IStatusBar$Stub$Proxy@40859b58
01-06 04:09:33.232 D/VoldCmdListener(  111): share status ums
01-06 04:09:33.242 I/ActivityThread(  266): Pub contacts;com.android.contacts: com.android.providers.contacts.ContactsProvider2
01-06 04:09:33.252 D/StorageNotification(  218): Startup with UMS connection false (media state removed)
01-06 04:09:33.282 I/StorageNotification(  218): UMS connection changed to true (media state removed)
01-06 04:09:33.412 W/ActivityManager(  151): Unable to start service Intent { act=com.android.ussd.IExtendedNetworkService }: not found
01-06 04:09:33.432 I/ActivityThread(  278): Pub com.google.settings: com.google.android.gsf.settings.GoogleSettingsProvider
01-06 04:09:33.502 I/ActivityManager(  151): Starting: Intent { act=com.android.phone.InCallScreen.CREATE_ACTIVITION_ONLY flg=0x10840000 cmp=com.android.phone/.InCallScreen } from pid 237
01-06 04:09:33.532 I/ActivityThread(  278): Pub com.google.android.gsf.gservices: com.google.android.gsf.gservices.GservicesProvider
01-06 04:09:33.582 I/GservicesProvider(  278): Gservices pushing to system: true; secure: true
01-06 04:09:33.582 I/ActivityThread(  278): Pub subscribedfeeds: com.google.android.gsf.subscribedfeeds.SubscribedFeedsProvider
01-06 04:09:33.592 I/Database(  266): sqlite returned: error code = 0, msg = Recovered 120 frames from WAL file /data/data/com.android.providers.contacts/databases/contacts2.db-wal
01-06 04:09:33.682 D/dalvikvm(  237): GC_CONCURRENT freed 139K, 46% free 3109K/5703K, external 0K/0K, paused 3ms+6ms
01-06 04:09:33.843 D/dalvikvm(  151): GC_CONCURRENT freed 458K, 38% free 4761K/7623K, external 0K/0K, paused 4ms+11ms
01-06 04:09:33.973 I/ActivityThread(  278): Pub com.google.android.providers.talk: com.google.android.gsf.talk.TalkProvider
01-06 04:09:34.033 I/TelephonyRegistry(  151): notifyServiceState: 3 home null null null  Unknown CSS not supported -1 -1RoamInd: -1DefRoamInd: -1EmergOnly: false
01-06 04:09:34.143 D/Launcher.Model(  241): startLoader isLaunching=true
01-06 04:09:34.143 I/TelephonyRegistry(  151): notifyDataConnection: state=0 isDataConnectivityPossible=false reason=radioTurnedOff interfaceName=null networkType=0
01-06 04:09:34.153 I/TelephonyRegistry(  151): notifyDataConnection: state=0 isDataConnectivityPossible=false reason=gprsDetached interfaceName=null networkType=0
01-06 04:09:34.213 D/Launcher.Model(  241): step 1: loading workspace
01-06 04:09:34.213 D/Launcher.Model(  241): loadAndBindWorkspace loaded=false
01-06 04:09:34.323 D/BT HSHFP(  237): Starting BluetoothHeadsetService
01-06 04:09:34.423 I/ActivityThread(  266): Pub call_log: com.android.providers.contacts.CallLogProvider
01-06 04:09:34.443 I/ActivityThread(  266): Pub user_dictionary: com.android.providers.userdictionary.UserDictionaryProvider
01-06 04:09:34.443 I/TelephonyRegistry(  151): notifyServiceState: 1 home null null null  Unknown CSS not supported -1 -1RoamInd: -1DefRoamInd: -1EmergOnly: false
01-06 04:09:34.563 D/dalvikvm(  241): GC_EXPLICIT freed 179K, 45% free 3262K/5895K, external 0K/0K, paused 215ms
01-06 04:09:34.633 D/dalvikvm(  151): GC_CONCURRENT freed 499K, 38% free 4786K/7687K, external 0K/0K, paused 3ms+4ms
01-06 04:09:34.703 D/SyncManager(  151): setSyncAutomatically: , provider subscribedfeeds -> true
01-06 04:09:34.703 D/SyncManager(  151): setSyncAutomatically: already set to true, doing nothing
01-06 04:09:34.854 D/Launcher.Model(  241): step 2: loading missing icons
01-06 04:09:34.904 D/dalvikvm(  278): GC_CONCURRENT freed 364K, 50% free 2899K/5703K, external 0K/0K, paused 3ms+9ms
01-06 04:09:34.944 D/dalvikvm(  218): GC_EXTERNAL_ALLOC freed 108K, 47% free 3097K/5767K, external 2454K/2476K, paused 98ms
01-06 04:09:35.024 D/Launcher(  241): onCreate
01-06 04:09:35.214 D/Launcher.Workspace(  241): Screens loaded [6, 1, 2, 3, 8, 5, 9, 4]
01-06 04:09:35.314 D/NetworkLocationService(  278): onCreate
01-06 04:09:35.454 D/dalvikvm(  278): GC_CONCURRENT freed 442K, 50% free 2906K/5767K, external 0K/0K, paused 3ms+2ms
01-06 04:09:35.664 D/NetworkLocationService(  278): onBind com.google.android.location.NetworkLocationProvider
01-06 04:09:35.664 D/NetworkLocationService(  278): onBind com.google.android.location.GeocodeProvider
01-06 04:09:35.855 I/TelephonyRegistry(  151): notifyServiceState: 1 home null null null  Unknown CSS not supported -1 -1RoamInd: -1DefRoamInd: -1EmergOnly: true
01-06 04:09:35.945 D/GpsLocationProvider(  151): set_capabilities_callback: 7
01-06 04:09:36.025 D/lib_locapi(  151): loc_eng_init called, client id = 0
01-06 04:09:36.025 D/lib_locapi(  151): loc_eng_ni_init: entered.
01-06 04:09:36.105 D/dalvikvm(  151): GC_CONCURRENT freed 457K, 38% free 4824K/7751K, external 0K/0K, paused 3ms+4ms
01-06 04:09:36.215 D/dalvikvm(  266): GC_CONCURRENT freed 198K, 47% free 3046K/5703K, external 0K/0K, paused 2ms+25ms
01-06 04:09:36.285 D/dalvikvm(  151): GC_FOR_MALLOC freed 16K, 38% free 4807K/7751K, external 0K/0K, paused 161ms
01-06 04:09:36.285 I/dalvikvm-heap(  151): Grow heap (frag case) to 7.117MB for 86518-byte allocation
01-06 04:09:36.285 D/dalvikvm(  241): GC_CONCURRENT freed 227K, 44% free 3501K/6151K, external 0K/0K, paused 2ms+7ms
01-06 04:09:36.365 D/dalvikvm(  151): GC_FOR_MALLOC freed <1K, 38% free 4891K/7879K, external 0K/0K, paused 71ms
01-06 04:09:36.375 I/lib_locapi(  151): Starting Loc NI thread...
01-06 04:09:36.375 D/lib_locapi(  151): loc_eng_process_deferred_action started
01-06 04:09:36.375 D/lib_locapi(  151): Setting GPS privacy lock to RPC_LOC_LOCK_NONE
01-06 04:09:36.375 D/lib_locapi(  151): loc_eng_set_gps_lock mode, client = 0, lock_type = 1
01-06 04:09:36.415 D/lib_locapi(  151): loc_eng_set_default_agps_server, type = 1, hostname = supl.google.com, port = 7276
01-06 04:09:36.455 D/Launcher.Model(  241): startLoader isLaunching=true
01-06 04:09:36.465 D/Launcher.Model(  241): step 1: loading workspace
01-06 04:09:36.465 D/Launcher.Model(  241): loadAndBindWorkspace loaded=false
01-06 04:09:36.645 I/InCallScreen(  237): onCreate()...  this = com.android.phone.InCallScreen@4072a078
01-06 04:09:36.675 D/Launcher.Model(  241): load workspace in 2452ms
01-06 04:09:36.735 D/dalvikvm(  237): GC_EXTERNAL_ALLOC freed 345K, 48% free 3085K/5831K, external 0K/0K, paused 47ms
01-06 04:09:36.886 D/LocationProviderProxy(  151): LocationProviderProxy.onServiceConnected ComponentInfo{com.google.android.location/com.google.android.location.NetworkLocationService}
01-06 04:09:36.886 D/GeocoderProxy(  151): onServiceConnected ComponentInfo{com.google.android.location/com.google.android.location.NetworkLocationService}
01-06 04:09:37.056 D/dalvikvm(  151): GC_CONCURRENT freed 408K, 38% free 4915K/7879K, external 0K/0K, paused 3ms+5ms
01-06 04:09:37.156 D/dalvikvm(  151): GC_FOR_MALLOC freed 34K, 38% free 4887K/7879K, external 0K/0K, paused 59ms
01-06 04:09:37.156 I/dalvikvm-heap(  151): Grow heap (frag case) to 7.237MB for 129772-byte allocation
01-06 04:09:37.276 D/dalvikvm(  151): GC_FOR_MALLOC freed 40K, 38% free 4973K/8007K, external 0K/0K, paused 100ms
01-06 04:09:37.426 D/dalvikvm(  237): GC_CONCURRENT freed 425K, 47% free 3199K/6023K, external 291K/513K, paused 2ms+30ms
01-06 04:09:37.836 D/dalvikvm(  237): GC_CONCURRENT freed 470K, 48% free 3177K/6087K, external 390K/513K, paused 2ms+4ms
01-06 04:09:37.987 D/lib_locapi(  151): loc_eng_set_gps_lock mode failed
01-06 04:09:38.057 D/dalvikvm(  237): GC_EXTERNAL_ALLOC freed 30K, 47% free 3239K/6087K, external 438K/513K, paused 68ms
01-06 04:09:38.077 D/dalvikvm(  151): GC_FOR_MALLOC freed 302K, 39% free 4886K/8007K, external 0K/0K, paused 88ms
01-06 04:09:38.077 W/Surface (  151): Surface.finalize() has work. You should have called release() (0, 2916608)
01-06 04:09:38.077 W/Surface (  151): Surface.finalize() has work. You should have called release() (0, 2384536)
01-06 04:09:38.407 I/Database(  266): sqlite returned: error code = 0, msg = Recovered 4 frames from WAL file /data/data/com.android.providers.userdictionary/databases/user_dict.db-wal
01-06 04:09:38.707 D/dalvikvm(  151): GC_EXPLICIT freed 296K, 38% free 5001K/8007K, external 0K/0K, paused 74ms
01-06 04:09:38.988 D/dalvikvm(  237): GC_EXTERNAL_ALLOC freed 208K, 47% free 3260K/6087K, external 1335K/1372K, paused 69ms
01-06 04:09:39.108 D/dalvikvm(  237): GC_FOR_MALLOC freed 263K, 47% free 3254K/6087K, external 1743K/1899K, paused 41ms
01-06 04:09:39.188 D/dalvikvm(  237): GC_EXTERNAL_ALLOC freed 99K, 47% free 3273K/6087K, external 1893K/1899K, paused 51ms
01-06 04:09:39.348 D/dalvikvm(  237): GC_EXTERNAL_ALLOC freed 300K, 48% free 3252K/6151K, external 2433K/2452K, paused 39ms
01-06 04:09:39.628 D/dalvikvm(  237): GC_EXTERNAL_ALLOC freed 276K, 46% free 3324K/6151K, external 3836K/3849K, paused 60ms
01-06 04:09:39.898 D/dalvikvm(  237): GC_EXTERNAL_ALLOC freed 141K, 46% free 3337K/6151K, external 4734K/4893K, paused 120ms
01-06 04:09:40.309 D/dalvikvm(  237): GC_EXTERNAL_ALLOC freed 71K, 46% free 3369K/6151K, external 6141K/6469K, paused 44ms
01-06 04:09:40.369 W/InCallScreen(  237): onCreate: status CREATE_ONLY from internalResolveIntent()
01-06 04:09:40.369 I/ActivityManager(  151): moveTaskToBack: 3
01-06 04:09:40.559 D/dalvikvm(  241): GC_CONCURRENT freed 449K, 45% free 3624K/6471K, external 0K/0K, paused 11ms+33ms
01-06 04:09:40.949 D/PowerManagerService(  151): bootCompleted
01-06 04:09:40.960 I/SurfaceFlinger(  151): Boot is finished (17271 ms)
01-06 04:09:41.020 V/SipBroadcastReceiver(  237): start auto registration
01-06 04:09:41.030 D/Tethering(  151): sendTetherStateChangedBroadcast 1, 0, 0
01-06 04:09:41.030 D/Tethering(  151): interfaceAdded :usb0
01-06 04:09:41.030 I/ActivityManager(  151): Start proc com.android.vending for broadcast com.android.vending/.MarketWidgetProvider: pid=328 uid=10039 gids={3003, 1015}
01-06 04:09:41.090 W/ActivityManager(  151): Activity idle timeout for HistoryRecord{40842ca0 com.android.launcher/com.android.launcher2.Launcher}
01-06 04:09:41.180 D/dalvikvm(  241): GC_CONCURRENT freed 421K, 44% free 3685K/6535K, external 0K/0K, paused 2ms+37ms
01-06 04:09:41.530 D/dalvikvm(  328): GC_CONCURRENT freed 410K, 50% free 2843K/5639K, external 0K/0K, paused 2ms+19ms
01-06 04:09:41.640 D/dalvikvm(  241): GC_CONCURRENT freed 478K, 44% free 3716K/6599K, external 0K/0K, paused 2ms+4ms
01-06 04:09:41.740 D/dalvikvm(  241): GC_EXPLICIT freed 77K, 45% free 3670K/6599K, external 0K/0K, paused 98ms
01-06 04:09:41.810 I/ActivityThread(  328): Pub com.google.android.finsky.RecentSuggestionsProvider: com.google.android.finsky.providers.RecentSuggestionsProvider
01-06 04:09:41.960 I/SearchManagerService(  151): Building list of searchable activities
01-06 04:09:42.011 I/ActivityManager(  151): Displayed com.android.launcher/com.android.launcher2.Launcher: +11s435ms
01-06 04:09:42.031 I/ActivityManager(  151): Displayed com.android.phone/.InCallScreen: +5s397ms
01-06 04:09:42.321 D/dalvikvm(  241): GC_CONCURRENT freed 429K, 45% free 3695K/6599K, external 0K/0K, paused 2ms+3ms
01-06 04:09:42.541 D/dalvikvm(  328): GC_CONCURRENT freed 343K, 48% free 3015K/5767K, external 0K/0K, paused 3ms+6ms
01-06 04:09:42.591 D/Launcher.Model(  241): step 2: loading missing icons
01-06 04:09:42.741 D/Finsky  (  328): [1] SanityChecker.run: # LocalAssets corrected : 0
01-06 04:09:42.741 D/Finsky  (  328): Sanity check took : 13 ms
01-06 04:09:42.761 D/dalvikvm(  241): GC_CONCURRENT freed 560K, 45% free 3704K/6663K, external 0K/0K, paused 3ms+3ms
01-06 04:09:42.991 D/dalvikvm(  241): GC_CONCURRENT freed 453K, 44% free 3749K/6663K, external 0K/0K, paused 2ms+5ms
01-06 04:09:43.072 I/ActivityManager(  151): Start proc android.process.media for content provider com.android.providers.downloads/.DownloadProvider: pid=352 uid=10012 gids={1015, 2001, 3003}
01-06 04:09:43.092 D/dalvikvm(  151): GC_CONCURRENT freed 544K, 39% free 4922K/8007K, external 0K/0K, paused 2ms+4ms
01-06 04:09:43.402 I/ActivityThread(  352): Pub media: com.android.providers.media.MediaProvider
01-06 04:09:43.412 D/dalvikvm(  328): GC_CONCURRENT freed 488K, 49% free 3073K/5959K, external 0K/0K, paused 2ms+11ms
01-06 04:09:43.512 I/ActivityManager(  151): Start proc com.android.updater for broadcast com.android.updater/.Widget: pid=360 uid=1030 gids={1015, 2001, 3003, 1007}
01-06 04:09:43.652 D/dalvikvm(  115): GC_EXPLICIT freed 11K, 49% free 2747K/5379K, external 0K/0K, paused 140ms
01-06 04:09:43.772 D/dalvikvm(  115): GC_EXPLICIT freed <1K, 49% free 2747K/5379K, external 0K/0K, paused 116ms
01-06 04:09:43.832 D/dalvikvm(  241): GC_CONCURRENT freed 341K, 43% free 3806K/6663K, external 0K/0K, paused 2ms+16ms
01-06 04:09:43.842 D/dalvikvm(  115): GC_EXPLICIT freed <1K, 49% free 2747K/5379K, external 0K/0K, paused 70ms
01-06 04:09:43.992 D/dalvikvm(  360): GC_CONCURRENT freed 438K, 51% free 2812K/5639K, external 0K/0K, paused 2ms+12ms
01-06 04:09:44.093 D/Launcher.Model(  241): Going to start binding widgets soon.
01-06 04:09:44.123 I/ActivityManager(  151): Start proc com.android.settings for broadcast com.android.settings/.widget.SettingsAppWidgetProvider: pid=368 uid=1000 gids={3002, 3001, 3003}
01-06 04:09:44.423 D/dalvikvm(  368): GC_CONCURRENT freed 396K, 50% free 2856K/5639K, external 0K/0K, paused 3ms+6ms
01-06 04:09:44.433 D/Launcher(  241): bindAppWidget: AppWidget(id=1)
01-06 04:09:44.443 D/Launcher(  241): bindAppWidget: id=1 belongs to component ComponentInfo{com.android.deskclock/com.android.alarmclock.AnalogAppWidgetProvider}
01-06 04:09:44.443 I/ActivityThread(  368): Pub com.android.settings.Provider: com.android.settings.Provider
01-06 04:09:44.573 D/Launcher(  241): bound widget id=1 in 144ms
01-06 04:09:44.573 D/Launcher(  241): bindAppWidget: AppWidget(id=2)
01-06 04:09:44.573 D/Launcher(  241): bindAppWidget: id=2 belongs to component ComponentInfo{com.android.updater/com.android.updater.Widget}
01-06 04:09:44.643 D/Launcher(  241): bound widget id=2 in 68ms
01-06 04:09:44.643 I/ActivityManager(  151): Start proc com.miui.notes for broadcast com.miui.notes/.widget.NoteWidgetProvider_2x: pid=377 uid=10027 gids={1015, 3003}
01-06 04:09:44.903 D/Launcher(  241): bindAppWidget: AppWidget(id=5)
01-06 04:09:44.903 D/Launcher(  241): bindAppWidget: id=5 belongs to component ComponentInfo{com.android.settings/com.android.settings.widget.SettingsAppWidgetProvider}
01-06 04:09:44.923 V/MediaProvider(  352): Attached volume: internal
01-06 04:09:44.983 I/ActivityThread(  377): Pub notes: com.miui.notes.data.NotesProvider
01-06 04:09:45.294 D/dalvikvm(  377): GC_CONCURRENT freed 412K, 50% free 2839K/5639K, external 0K/0K, paused 3ms+6ms
01-06 04:09:45.334 D/dalvikvm(  241): GC_CONCURRENT freed 333K, 42% free 3957K/6727K, external 0K/0K, paused 3ms+20ms
01-06 04:09:45.354 D/Launcher(  241): bound widget id=5 in 450ms
01-06 04:09:45.364 D/Launcher(  241): bindAppWidget: AppWidget(id=6)
01-06 04:09:45.374 D/Launcher(  241): bindAppWidget: id=6 belongs to component ComponentInfo{com.android.providers.calendar/com.android.providers.calendar.CalendarAppWidgetProvider}
01-06 04:09:45.374 D/dalvikvm(  151): GC_CONCURRENT freed 416K, 38% free 5031K/8007K, external 0K/0K, paused 2ms+21ms
01-06 04:09:45.394 I/ActivityManager(  151): Start proc com.android.deskclock for broadcast com.android.deskclock/com.android.alarmclock.AnalogAppWidgetProvider: pid=386 uid=10011 gids={}
01-06 04:09:45.434 D/Launcher(  241): bound widget id=6 in 74ms
01-06 04:09:45.484 D/Launcher(  241): bindAppWidget: AppWidget(id=7)
01-06 04:09:45.484 D/Launcher(  241): bindAppWidget: id=7 belongs to component ComponentInfo{com.miui.notes/com.miui.notes.widget.NoteWidgetProvider_2x}
01-06 04:09:45.584 D/Launcher(  241): bound widget id=7 in 101ms
01-06 04:09:45.584 D/Launcher(  241): bindAppWidget: AppWidget(id=8)
01-06 04:09:45.584 D/Launcher(  241): bindAppWidget: id=8 belongs to component ComponentInfo{com.android.vending/com.android.vending.MarketWidgetProvider}
