01-06 19:37:00.422 I/installd(  117): move /data/dalvik-cache/data@app@com.sonymobile.chkbugreport.testapp-2.apk@classes.dex -> /data/dalvik-cache/data@app@com.sonymobile.chkbugreport.testapp-2.apk@classes.dex
01-06 19:37:00.422 D/PackageManager(  151): New package installed in /data/app/com.sonymobile.chkbugreport.testapp-2.apk
01-06 19:37:00.512 I/ActivityManager(  151): Force stopping package com.sonymobile.chkbugreport.testapp uid=10045
01-06 19:37:00.583 D/Launcher.Model(  242): Got action android.intent.action.PACKAGE_REMOVED
01-06 19:37:00.593 D/LauncherSettings(  242): Updating home screen for package com.sonymobile.chkbugreport.testapp
01-06 19:37:00.593 D/ScreenUtils(  242): Updating home screen for package com.sonymobile.chkbugreport.testapp
01-06 19:37:00.593 D/ScreenUtils(  242): Found existing items: [52]
01-06 19:37:00.593 D/ScreenUtils(  242): Updating home screen item 52
01-06 19:37:00.623 D/dalvikvm(  267): GC_EXPLICIT freed 317K, 47% free 3236K/6023K, external 0K/0K, paused 100ms
01-06 19:37:00.683 D/dalvikvm(  242): GC_CONCURRENT freed 534K, 43% free 4155K/7175K, external 0K/0K, paused 2ms+4ms
01-06 19:37:00.733 D/VoiceDialerReceiver(  550): onReceive Intent { act=android.intent.action.PACKAGE_REMOVED dat=package:com.sonymobile.chkbugreport.testapp flg=0x10000000 cmp=com.android.voicedialer/.VoiceDialerReceiver (has extras) }
01-06 19:37:00.733 V/RecognizerEngine(  550): deleteCachedGrammarFiles /data/data/com.android.voicedialer/files/openentries.txt
01-06 19:37:00.773 D/GTalkService(  264): handlePackageInstalled: re-initialize providers
01-06 19:37:00.773 D/GTalkService(  264): [RawStanzaProvidersMgr] ##### searchProvidersFromIntent
01-06 19:37:00.773 D/GTalkService(  264): [RawStanzaProvidersMgr] no intent receivers found
01-06 19:37:00.833 D/dalvikvm(  151): GC_CONCURRENT freed 519K, 38% free 5213K/8391K, external 0K/0K, paused 3ms+6ms
01-06 19:37:00.853 D/InstallReceiver(  603): com.sonymobile.chkbugreport.testapp
01-06 19:37:00.883 D/VoiceDialerReceiver(  550): onReceive Intent { act=android.intent.action.PACKAGE_ADDED dat=package:com.sonymobile.chkbugreport.testapp flg=0x10000000 cmp=com.android.voicedialer/.VoiceDialerReceiver (has extras) }
01-06 19:37:00.883 V/RecognizerEngine(  550): deleteCachedGrammarFiles /data/data/com.android.voicedialer/files/openentries.txt
01-06 19:37:00.963 D/dalvikvm(  151): GC_EXPLICIT freed 107K, 38% free 5217K/8391K, external 0K/0K, paused 58ms
01-06 19:37:00.973 W/RecognitionManagerService(  151): no available voice recognition services found
01-06 19:37:01.043 I/dalvikvm(  151): Total arena pages for JIT: 11
01-06 19:37:01.063 I/installd(  117): unlink /data/dalvik-cache/data@app@com.sonymobile.chkbugreport.testapp-1.apk@classes.dex
01-06 19:37:01.133 D/dalvikvm(  151): GC_CONCURRENT freed 645K, 39% free 5194K/8391K, external 0K/0K, paused 3ms+4ms
01-06 19:37:01.143 W/Searchables(  151): No web search activity found
01-06 19:37:01.153 D/AndroidRuntime(  776): Shutting down VM
01-06 19:37:01.153 D/dalvikvm(  776): GC_CONCURRENT freed 101K, 71% free 300K/1024K, external 0K/0K, paused 0ms+1ms
01-06 19:37:01.163 D/jdwp    (  776): Got wake-up signal, bailing out of select
01-06 19:37:01.163 D/dalvikvm(  776): Debugger has detached; object registry had 1 entries
01-06 19:37:01.353 D/Launcher.Model(  242): Got action android.intent.action.PACKAGE_ADDED
01-06 19:37:01.353 D/LauncherSettings(  242): Updating home screen for package com.sonymobile.chkbugreport.testapp
01-06 19:37:01.353 D/ScreenUtils(  242): Updating home screen for package com.sonymobile.chkbugreport.testapp
01-06 19:37:01.353 D/ScreenUtils(  242): Found existing items: [52]
01-06 19:37:01.363 D/ScreenUtils(  242): Updating home screen item 52
01-06 19:37:01.373 D/AllAppsList(  242): Loaded application ChkBugReport-TestApp at (1, 0) of screen 4 under container -100
01-06 19:37:01.423 D/dalvikvm(  242): GC_CONCURRENT freed 494K, 42% free 4167K/7175K, external 0K/0K, paused 3ms+15ms
01-06 19:37:01.533 D/ApplicationContext(  242): Generate customized icon for com.sonymobile.chkbugreport.testapp.png
01-06 19:37:01.543 D/AndroidRuntime(  791): 
01-06 19:37:01.543 D/AndroidRuntime(  791): >>>>>> AndroidRuntime START com.android.internal.os.RuntimeInit <<<<<<
01-06 19:37:01.554 D/AndroidRuntime(  791): CheckJNI is OFF
01-06 19:37:01.554 D/dalvikvm(  791): creating instr width table
01-06 19:37:01.624 D/dalvikvm(  242): GC_FOR_MALLOC freed 230K, 42% free 4176K/7175K, external 0K/0K, paused 71ms
01-06 19:37:01.704 D/dalvikvm(  242): GC_FOR_MALLOC freed 87K, 43% free 4153K/7175K, external 0K/0K, paused 67ms
01-06 19:37:01.854 D/AndroidRuntime(  791): Calling main entry com.android.commands.am.Am
01-06 19:37:01.874 I/ActivityManager(  151): Starting: Intent { act=android.intent.action.MAIN cat=[android.intent.category.LAUNCHER] flg=0x10000000 cmp=com.sonymobile.chkbugreport.testapp/.MainActivity } from pid 791
01-06 19:37:01.974 D/AndroidRuntime(  791): Shutting down VM
01-06 19:37:01.974 D/dalvikvm(  791): GC_CONCURRENT freed 103K, 69% free 327K/1024K, external 0K/0K, paused 0ms+0ms
01-06 19:37:02.004 D/jdwp    (  791): Got wake-up signal, bailing out of select
01-06 19:37:02.004 D/dalvikvm(  791): Debugger has detached; object registry had 1 entries
01-06 19:37:02.044 D/dalvikvm(  151): GC_CONCURRENT freed 627K, 40% free 5106K/8391K, external 0K/0K, paused 3ms+6ms
01-06 19:37:02.454 I/ActivityManager(  151): Start proc com.sonymobile.chkbugreport.testapp for activity com.sonymobile.chkbugreport.testapp/.MainActivity: pid=800 uid=10045 gids={}
01-06 19:37:02.504 D/dalvikvm(  800): Debugger has detached; object registry had 1 entries
01-06 19:37:02.665 D/dalvikvm(  800): GC_EXTERNAL_ALLOC freed 129K, 49% free 2785K/5379K, external 0K/0K, paused 48ms
01-06 19:37:02.845 I/ActivityManager(  151): Displayed com.sonymobile.chkbugreport.testapp/.MainActivity: +397ms
01-06 19:37:02.935 D/dalvikvm(  242): GC_EXPLICIT freed 356K, 44% free 4042K/7175K, external 0K/0K, paused 72ms
01-06 19:37:03.535 D/PowerManagerService(  151): setPowerState: mPowerState=1 newState=3 noChangeLights=false
01-06 19:37:03.535 D/PowerManagerService(  151):   oldKeyboardBright=false newKeyboardBright=false
01-06 19:37:03.535 D/PowerManagerService(  151):   oldScreenBright=false newScreenBright=true
01-06 19:37:03.535 D/PowerManagerService(  151):   oldButtonBright=false newButtonBright=false
01-06 19:37:03.535 D/PowerManagerService(  151):   oldScreenOn=true newScreenOn=true
01-06 19:37:03.535 D/PowerManagerService(  151):   oldBatteryLow=false newBatteryLow=false
01-06 19:37:03.535 I/PowerManagerService(  151): setTargetLocked mask=2 curValue=5.0 target=255 targetValue=255 delta=16.666666 nominalCurrentValue=5
01-06 19:37:03.535 D/PowerManagerService(  151): offMask=0x0 dimMask=0x0 onMask=0x4 difference=0x6 realDifference=0x6 forceState=0x0
01-06 19:37:03.545 D/PowerManagerService(  151): jumpToTargetLocked targetValue=255: 2
01-06 19:37:03.606 D/dalvikvm(  800): GC_EXTERNAL_ALLOC freed 245K, 50% free 2782K/5511K, external 520K/542K, paused 70ms
01-06 19:37:03.826 I/ActivityManager(  151): Starting: Intent { cmp=com.sonymobile.chkbugreport.testapp/.AIDLDeadlock } from pid 800
01-06 19:37:03.836 D/PhoneWindow(  800): couldn't save which view has focus because the focused view android.widget.ListView@406c6248 has no id.
01-06 19:37:03.866 I/ActivityManager(  151): Start proc com.sonymobile.chkbugreport.testapp:ext1 for service com.sonymobile.chkbugreport.testapp/.AIDLDeadlockService: pid=808 uid=10045 gids={}
01-06 19:37:04.066 I/System.out(  800): >>> onService Connected
01-06 19:37:04.076 I/System.out(  808): >>> [SRV] doStep1
01-06 19:37:04.086 I/System.out(  800): >>> [ACT] doStep1
01-06 19:37:04.096 I/ActivityManager(  151): Displayed com.sonymobile.chkbugreport.testapp/.AIDLDeadlock: +251ms
01-06 19:37:09.181 D/dalvikvm(  603): GC_EXPLICIT freed 71K, 51% free 2753K/5575K, external 0K/0K, paused 70ms
01-06 19:37:14.166 D/dalvikvm(  611): GC_EXPLICIT freed 17K, 51% free 2749K/5511K, external 0K/0K, paused 53ms
01-06 19:37:19.191 D/dalvikvm(  341): GC_EXPLICIT freed 26K, 50% free 3038K/5959K, external 0K/0K, paused 68ms
01-06 19:37:24.176 D/dalvikvm(  485): GC_EXPLICIT freed 5K, 52% free 2758K/5639K, external 0K/0K, paused 55ms
01-06 19:37:26.508 I/dumpstate(  819): begin
01-06 19:37:26.518 I/dalvikvm(  151): threadid=4: reacting to signal 3
01-06 19:37:26.568 I/dalvikvm(  151): Wrote stack traces to '/data/anr/traces.txt'
01-06 19:37:26.578 I/dalvikvm(  218): threadid=4: reacting to signal 3
01-06 19:37:26.588 I/dalvikvm(  218): Wrote stack traces to '/data/anr/traces.txt'
01-06 19:37:26.588 I/dalvikvm(  225): threadid=4: reacting to signal 3
01-06 19:37:26.598 I/dalvikvm(  225): Wrote stack traces to '/data/anr/traces.txt'
01-06 19:37:26.608 I/dalvikvm(  240): threadid=4: reacting to signal 3
01-06 19:37:26.628 I/dalvikvm(  240): Wrote stack traces to '/data/anr/traces.txt'
01-06 19:37:26.628 I/dalvikvm(  242): threadid=4: reacting to signal 3
01-06 19:37:26.638 I/dalvikvm(  242): Wrote stack traces to '/data/anr/traces.txt'
01-06 19:37:26.638 I/dalvikvm(  264): threadid=4: reacting to signal 3
01-06 19:37:26.668 I/dalvikvm(  264): Wrote stack traces to '/data/anr/traces.txt'
01-06 19:37:26.668 I/dalvikvm(  267): threadid=4: reacting to signal 3
01-06 19:37:26.678 I/dalvikvm(  267): Wrote stack traces to '/data/anr/traces.txt'
01-06 19:37:26.678 I/dalvikvm(  341): threadid=4: reacting to signal 3
01-06 19:37:26.708 I/dalvikvm(  341): Wrote stack traces to '/data/anr/traces.txt'
01-06 19:37:26.708 I/dalvikvm(  368): threadid=4: reacting to signal 3
01-06 19:37:26.718 I/dalvikvm(  368): Wrote stack traces to '/data/anr/traces.txt'
01-06 19:37:26.728 I/dalvikvm(  376): threadid=4: reacting to signal 3
01-06 19:37:26.738 I/dalvikvm(  376): Wrote stack traces to '/data/anr/traces.txt'
01-06 19:37:26.738 I/dalvikvm(  384): threadid=4: reacting to signal 3
01-06 19:37:26.748 I/dalvikvm(  384): Wrote stack traces to '/data/anr/traces.txt'
01-06 19:37:26.758 I/dalvikvm(  393): threadid=4: reacting to signal 3
01-06 19:37:26.768 I/dalvikvm(  393): Wrote stack traces to '/data/anr/traces.txt'
01-06 19:37:26.768 I/dalvikvm(  402): threadid=4: reacting to signal 3
01-06 19:37:26.778 I/dalvikvm(  402): Wrote stack traces to '/data/anr/traces.txt'
01-06 19:37:26.788 I/dalvikvm(  411): threadid=4: reacting to signal 3
01-06 19:37:26.798 I/dalvikvm(  411): Wrote stack traces to '/data/anr/traces.txt'
01-06 19:37:26.798 I/dalvikvm(  470): threadid=4: reacting to signal 3
01-06 19:37:26.808 I/dalvikvm(  470): Wrote stack traces to '/data/anr/traces.txt'
01-06 19:37:26.818 I/dalvikvm(  485): threadid=4: reacting to signal 3
01-06 19:37:26.828 I/dalvikvm(  485): Wrote stack traces to '/data/anr/traces.txt'
01-06 19:37:26.828 I/dalvikvm(  504): threadid=4: reacting to signal 3
01-06 19:37:26.838 I/dalvikvm(  504): Wrote stack traces to '/data/anr/traces.txt'
01-06 19:37:26.838 I/dalvikvm(  525): threadid=4: reacting to signal 3
01-06 19:37:26.848 I/dalvikvm(  525): Wrote stack traces to '/data/anr/traces.txt'
01-06 19:37:26.858 I/dalvikvm(  534): threadid=4: reacting to signal 3
01-06 19:37:26.868 I/dalvikvm(  534): Wrote stack traces to '/data/anr/traces.txt'
01-06 19:37:26.878 I/dalvikvm(  550): threadid=4: reacting to signal 3
01-06 19:37:26.878 I/dalvikvm(  550): Wrote stack traces to '/data/anr/traces.txt'
01-06 19:37:26.888 I/dalvikvm(  562): threadid=4: reacting to signal 3
01-06 19:37:26.898 I/dalvikvm(  562): Wrote stack traces to '/data/anr/traces.txt'
01-06 19:37:26.898 I/dalvikvm(  592): threadid=4: reacting to signal 3
01-06 19:37:26.908 I/dalvikvm(  592): Wrote stack traces to '/data/anr/traces.txt'
01-06 19:37:26.918 I/dalvikvm(  603): threadid=4: reacting to signal 3
01-06 19:37:26.928 I/dalvikvm(  603): Wrote stack traces to '/data/anr/traces.txt'
01-06 19:37:26.928 I/dalvikvm(  611): threadid=4: reacting to signal 3
01-06 19:37:26.938 I/dalvikvm(  611): Wrote stack traces to '/data/anr/traces.txt'
01-06 19:37:26.938 I/dalvikvm(  800): threadid=4: reacting to signal 3
01-06 19:37:26.948 I/dalvikvm(  800): Wrote stack traces to '/data/anr/traces.txt'
01-06 19:37:26.948 I/dalvikvm(  808): threadid=4: reacting to signal 3
01-06 19:37:26.968 I/dalvikvm(  808): Wrote stack traces to '/data/anr/traces.txt'
01-06 19:37:29.451 D/dalvikvm(  550): GC_EXPLICIT freed 20K, 51% free 2748K/5511K, external 0K/0K, paused 322ms
[logcat: 0.1s elapsed]

