--------- beginning of /dev/log/system
01-06 19:22:26.600 I/Vold    (  110): Vold 2.1 (the revenge) firing up
01-06 19:22:26.650 D/Vold    (  110): Volume sdcard state changing -1 (Initializing) -> 0 (No-Media)
01-06 19:22:28.572 D/Vold    (  110): USB connected
01-06 19:22:28.572 D/Vold    (  110): Share method ums now available
01-06 19:22:28.742 D/Vold    (  110): USB connected
01-06 19:22:35.018 I/SystemServer(  151): Entered the Android system server!
01-06 19:22:35.038 I/SystemServer(  151): Entropy Service
01-06 19:22:35.078 I/SystemServer(  151): Power Manager
01-06 19:22:35.088 I/SystemServer(  151): Activity Manager
01-06 19:22:35.138 I/ActivityManager(  151): Memory class: 32
01-06 19:22:35.208 E/ConfirmedPackageBehaviors(  151): /data/system/confirmed_package_behavior.authz doen't exist.
01-06 19:22:35.499 I/SystemServer(  151): Telephony Registry
01-06 19:22:35.509 I/SystemServer(  151): Package Manager
01-06 19:22:35.589 I/Installer(  151): connecting...
01-06 19:22:39.042 W/PackageManager(  151): Package com.sony.android.plusoneservice desires unavailable shared library com.sony.android.plusone; ignoring!
01-06 19:22:39.092 W/PackageManager(  151): Package com.se.mini desires unavailable shared library com.sony.android.plusone; ignoring!
01-06 19:22:39.172 I/PackageManager(  151): Time to scan packages: 3.156 seconds
01-06 19:22:39.192 W/PackageManager(  151): Unknown permission com.android.vending.permission.UPDATE_MARKET_FAILURE in package com.android.vending.updater
01-06 19:22:39.192 W/PackageManager(  151): Not granting permission android.permission.SEND_DOWNLOAD_COMPLETED_INTENTS to package com.android.contacts (protectionLevel=2 flags=0x8be45)
01-06 19:22:39.192 W/PackageManager(  151): Unknown permission android.permission.ADD_SYSTEM_SERVICE in package com.android.phone
01-06 19:22:39.192 W/PackageManager(  151): Unknown permission android.permission.WRITE_INTERNAL_STORAGE in package com.miui.player
01-06 19:22:39.192 W/PackageManager(  151): Not granting permission android.permission.MANAGE_APP_TOKENS to package com.sony.android.plusoneservice (protectionLevel=2 flags=0x1000ac46)
01-06 19:22:39.202 W/PackageManager(  151): Unknown permission android.permission.READ_EXTERNAL_STORAGE in package com.android.vending
01-06 19:22:39.202 W/PackageManager(  151): Unknown permission com.google.android.voicesearch.AUDIO_FILE_ACCESS in package com.google.android.gm
01-06 19:22:39.202 W/PackageManager(  151): Unknown permission android.permission.READ_OWNER_DATA in package com.android.email
01-06 19:22:39.262 W/PackageManager(  151): Not granting permission android.permission.DEVICE_POWER to package com.android.deskclock (protectionLevel=2 flags=0x8be45)
01-06 19:22:39.492 I/SystemServer(  151): Account Manager
01-06 19:22:39.703 I/SystemServer(  151): Content Manager
01-06 19:22:39.763 I/SystemServer(  151): System Content Providers
01-06 19:22:39.843 I/SystemServer(  151): Battery Service
01-06 19:22:39.853 I/SystemServer(  151): Lights Service
01-06 19:22:39.863 I/SystemServer(  151): Vibrator Service
01-06 19:22:39.893 I/SystemServer(  151): Alarm Manager
01-06 19:22:39.923 I/SystemServer(  151): Init Watchdog
01-06 19:22:39.923 I/SystemServer(  151): Window Manager
01-06 19:22:39.953 I/InputManager(  151): Initializing input manager
01-06 19:22:40.013 I/InputManager(  151): Starting input manager
01-06 19:22:40.023 I/SystemServer(  151): Bluetooth Service
01-06 19:22:40.053 I/InputManager-Callbacks(  151): No input device calibration properties found for device h2w headset.
01-06 19:22:40.053 I/InputManager-Callbacks(  151): No input device calibration properties found for device mahimahi-keypad.
01-06 19:22:40.053 I/InputManager-Callbacks(  151): No input device calibration properties found for device mahimahi-nav.
01-06 19:22:40.083 I/SystemServer(  151): Device Policy
01-06 19:22:40.083 I/SystemServer(  151): Status Bar
01-06 19:22:40.093 I/SystemServer(  151): Clipboard Service
01-06 19:22:40.093 I/SystemServer(  151): Input Method Service
01-06 19:22:40.103 I/InputManagerService(  151): Enabled input methods: com.android.inputmethod.latin/.LatinIME
01-06 19:22:40.103 I/SystemServer(  151): NetStat Service
01-06 19:22:40.103 I/SystemServer(  151): NetworkManagement Service
01-06 19:22:40.113 I/SystemServer(  151): Connectivity Service
01-06 19:22:40.203 I/WifiService(  151): WifiService starting up with Wi-Fi disabled
01-06 19:22:40.203 D/NetworkManagmentService(  151): Registering observer
01-06 19:22:40.213 I/SystemServer(  151): Throttle Service
01-06 19:22:40.213 I/SystemServer(  151): Accessibility Manager
01-06 19:22:40.223 I/SystemServer(  151): Mount Service
01-06 19:22:40.223 I/SystemServer(  151): Notification Manager
01-06 19:22:40.223 I/SystemServer(  151): Device Storage Monitor
01-06 19:22:40.223 I/SystemServer(  151): Location Manager
01-06 19:22:40.233 I/SystemServer(  151): Search Service
01-06 19:22:40.233 I/SystemServer(  151): DropBox Service
01-06 19:22:40.233 D/VoldCmdListener(  110): volume list
01-06 19:22:40.233 I/SystemServer(  151): Wallpaper Service
01-06 19:22:40.233 W/MountService(  151): Duplicate state transition (removed -> removed)
01-06 19:22:40.233 D/VoldCmdListener(  110): share status ums
01-06 19:22:40.243 I/SystemServer(  151): Audio Service
01-06 19:22:40.413 I/SystemServer(  151): Headset Observer
01-06 19:22:40.413 I/SystemServer(  151): Dock Observer
01-06 19:22:40.413 I/SystemServer(  151): USB Service
01-06 19:22:40.423 I/SystemServer(  151): UI Mode Manager Service
01-06 19:22:40.453 I/SystemServer(  151): Backup Service
01-06 19:22:40.463 V/BackupManagerService(  151): No ancestral data
01-06 19:22:40.754 I/BackupManagerService(  151): Found stale backup journal, scheduling
01-06 19:22:40.754 I/BackupManagerService(  151):   android
01-06 19:22:40.754 I/BackupManagerService(  151):   com.android.inputmethod.latin
01-06 19:22:40.754 I/BackupManagerService(  151):   com.android.providers.settings
01-06 19:22:40.754 I/BackupManagerService(  151):   com.android.providers.userdictionary
01-06 19:22:40.754 I/BackupManagerService(  151):   com.android.vending
01-06 19:22:40.764 I/BackupManagerService(  151): Backup enabled => false
01-06 19:22:40.764 I/SystemServer(  151): AppWidget Service
01-06 19:22:40.764 I/SystemServer(  151): Recognition Service
01-06 19:22:40.764 I/SystemServer(  151): DiskStats Service
01-06 19:22:40.814 D/PowerManagerService(  151): setPowerState: mPowerState=0 newState=3 noChangeLights=false
01-06 19:22:40.814 D/PowerManagerService(  151):   oldKeyboardBright=false newKeyboardBright=false
01-06 19:22:40.814 D/PowerManagerService(  151):   oldScreenBright=false newScreenBright=true
01-06 19:22:40.814 D/PowerManagerService(  151):   oldButtonBright=false newButtonBright=false
01-06 19:22:40.814 D/PowerManagerService(  151):   oldScreenOn=false newScreenOn=true
01-06 19:22:40.814 D/PowerManagerService(  151):   oldBatteryLow=false newBatteryLow=false
01-06 19:22:40.824 I/PowerManagerService(  151): setTargetLocked mask=2 curValue=255.0 target=255 targetValue=255 delta=17.0 nominalCurrentValue=0  ******************
01-06 19:22:40.824 D/PowerManagerService(  151): offMask=0x0 dimMask=0x0 onMask=0x0 difference=0x3 realDifference=0x3 forceState=0x0
01-06 19:22:40.824 D/PowerManagerService(  151): system ready!
01-06 19:22:40.824 D/PowerManagerService(  151): jumpToTargetLocked targetValue=255: 2
01-06 19:22:40.844 I/ActivityManager(  151): System now ready
01-06 19:22:40.844 I/SystemServer(  151): Making services ready
01-06 19:22:40.844 I/StatusBarManagerService(  151): Starting service: ComponentInfo{com.android.systemui/com.android.systemui.statusbar.StatusBarService}
01-06 19:22:40.854 I/ActivityManager(  151): Start proc com.android.systemui for service com.android.systemui/.statusbar.StatusBarService: pid=218 uid=1000 gids={3002, 3001, 3003}
01-06 19:22:40.864 I/ActivityManager(  151): Config changed: { scale=1.0 fontSize=2 themeChanged=0 themeChangedFlags=0 imsi=0/0 loc=en_US touch=0 keys=0/0/0 nav=0/0 orien=0 layout=0 uiMode=17 seq=2}
01-06 19:22:40.864 W/RecognitionManagerService(  151): no available voice recognition services found
01-06 19:22:41.004 I/ActivityManager(  151): Start proc com.android.inputmethod.latin for service com.android.inputmethod.latin/.LatinIME: pid=225 uid=10020 gids={}
01-06 19:22:41.044 D/NetworkManagmentService(  151): Registering observer
01-06 19:22:41.444 I/ActivityManager(  151): Start proc com.android.phone for added application com.android.phone: pid=240 uid=1001 gids={1015, 3002, 3001, 3003}
01-06 19:22:41.504 I/ActivityManager(  151): Starting: Intent { act=android.intent.action.MAIN cat=[android.intent.category.HOME] flg=0x10000000 cmp=com.android.launcher/com.android.launcher2.Launcher } from pid 0
01-06 19:22:41.554 I/ActivityManager(  151): Start proc com.android.launcher for activity com.android.launcher/com.android.launcher2.Launcher: pid=242 uid=10021 gids={1015, 3003}
01-06 19:22:41.554 I/SystemServer(  151): Enabled StrictMode for system server main thread.
01-06 19:22:41.554 D/PowerManagerService(  151): setPowerState: mPowerState=3 newState=0 noChangeLights=false
01-06 19:22:41.554 D/PowerManagerService(  151):   oldKeyboardBright=false newKeyboardBright=false
01-06 19:22:41.554 D/PowerManagerService(  151):   oldScreenBright=true newScreenBright=false
01-06 19:22:41.554 D/PowerManagerService(  151):   oldButtonBright=false newButtonBright=false
01-06 19:22:41.554 D/PowerManagerService(  151):   oldScreenOn=true newScreenOn=false
01-06 19:22:41.554 D/PowerManagerService(  151):   oldBatteryLow=false newBatteryLow=false
01-06 19:22:41.554 I/PowerManagerService(  151): setTargetLocked mask=2 curValue=255.0 target=0 targetValue=0 delta=-17.0 nominalCurrentValue=255
01-06 19:22:41.554 D/PowerManagerService(  151): offMask=0x0 dimMask=0x0 onMask=0x0 difference=0x3 realDifference=0x3 forceState=0x0
01-06 19:22:41.554 D/PowerManagerService(  151): setPowerState: mPowerState=0 newState=3 noChangeLights=false
01-06 19:22:41.554 D/PowerManagerService(  151):   oldKeyboardBright=false newKeyboardBright=false
01-06 19:22:41.554 D/PowerManagerService(  151):   oldScreenBright=false newScreenBright=true
01-06 19:22:41.554 D/PowerManagerService(  151):   oldButtonBright=false newButtonBright=false
01-06 19:22:41.554 D/PowerManagerService(  151):   oldScreenOn=false newScreenOn=true
01-06 19:22:41.554 D/PowerManagerService(  151):   oldBatteryLow=false newBatteryLow=false
01-06 19:22:41.554 I/PowerManagerService(  151): setTargetLocked mask=2 curValue=255.0 target=255 targetValue=255 delta=17.0 nominalCurrentValue=0  ******************
01-06 19:22:41.554 D/PowerManagerService(  151): offMask=0x0 dimMask=0x0 onMask=0x4 difference=0x7 realDifference=0x7 forceState=0x0
01-06 19:22:41.564 D/PowerManagerService(  151): jumpToTargetLocked targetValue=255: 2
01-06 19:22:41.564 D/PowerManagerService(  151): jumpToTargetLocked targetValue=-1: 2
01-06 19:22:42.686 I/ActivityManager(  151): Start proc com.google.process.gapps for service com.google.android.gsf/.loginservice.GoogleLoginService: pid=264 uid=10017 gids={3003, 1015, 2001, 1007}
01-06 19:22:42.736 I/ActivityManager(  151): Start proc android.process.acore for content provider com.android.providers.userdictionary/.UserDictionaryProvider: pid=267 uid=10001 gids={3003, 1015}
01-06 19:22:42.736 I/ActivityManager(  151): Config changed: { scale=1.0 fontSize=2 themeChanged=0 themeChangedFlags=0 imsi=0/0 loc=en_US touch=3 keys=1/1/2 nav=3/1 orien=1 layout=34 uiMode=17 seq=3}
01-06 19:22:43.997 W/ActivityManager(  151): Unable to start service Intent { act=com.android.ussd.IExtendedNetworkService }: not found
01-06 19:22:44.417 I/ActivityManager(  151): Starting: Intent { act=com.android.phone.InCallScreen.CREATE_ACTIVITION_ONLY flg=0x10840000 cmp=com.android.phone/.InCallScreen } from pid 240
01-06 19:22:44.668 I/StatusBarManagerService(  151): registerStatusBar bar=com.android.internal.statusbar.IStatusBar$Stub$Proxy@40858a00
01-06 19:22:44.848 D/VoldCmdListener(  110): share status ums
01-06 19:22:44.848 D/StorageNotification(  218): Startup with UMS connection false (media state removed)
01-06 19:22:44.888 I/StorageNotification(  218): UMS connection changed to true (media state removed)
01-06 19:22:45.048 I/TelephonyRegistry(  151): notifyServiceState: 3 home null null null  Unknown CSS not supported -1 -1RoamInd: -1DefRoamInd: -1EmergOnly: false
01-06 19:22:45.108 I/TelephonyRegistry(  151): notifyDataConnection: state=0 isDataConnectivityPossible=false reason=radioTurnedOff interfaceName=null networkType=0
01-06 19:22:45.118 I/TelephonyRegistry(  151): notifyDataConnection: state=0 isDataConnectivityPossible=false reason=gprsDetached interfaceName=null networkType=0
01-06 19:22:45.568 I/TelephonyRegistry(  151): notifyServiceState: 1 home null null null  Unknown CSS not supported -1 -1RoamInd: -1DefRoamInd: -1EmergOnly: false
01-06 19:22:46.139 I/TelephonyRegistry(  151): notifyServiceState: 1 home null null null  Unknown CSS not supported -1 -1RoamInd: -1DefRoamInd: -1EmergOnly: true
01-06 19:22:46.920 W/ActivityManager(  151): Activity pause timeout for HistoryRecord{4075c440 com.android.launcher/com.android.launcher2.Launcher}
01-06 19:22:50.443 I/ActivityManager(  151): moveTaskToBack: 3
01-06 19:22:50.824 I/ActivityManager(  151): Start proc com.android.vending for broadcast com.android.vending/.MarketWidgetProvider: pid=341 uid=10039 gids={3003, 1015}
01-06 19:22:50.844 D/PowerManagerService(  151): bootCompleted
01-06 19:22:51.784 W/ActivityManager(  151): Activity idle timeout for HistoryRecord{4075c440 com.android.launcher/com.android.launcher2.Launcher}
01-06 19:22:52.845 I/ActivityManager(  151): Start proc android.process.media for content provider com.android.providers.downloads/.DownloadProvider: pid=368 uid=10012 gids={1015, 2001, 3003}
01-06 19:22:53.516 I/ActivityManager(  151): Start proc com.android.updater for broadcast com.android.updater/.Widget: pid=376 uid=1030 gids={1015, 2001, 3003, 1007}
01-06 19:22:53.917 I/ActivityManager(  151): Start proc com.android.settings for broadcast com.android.settings/.widget.SettingsAppWidgetProvider: pid=384 uid=1000 gids={3002, 3001, 3003}
01-06 19:22:54.317 I/ActivityManager(  151): Start proc com.miui.notes for broadcast com.miui.notes/.widget.NoteWidgetProvider_2x: pid=393 uid=10027 gids={1015, 3003}
01-06 19:22:54.677 I/ActivityManager(  151): Start proc com.android.deskclock for broadcast com.android.deskclock/com.android.alarmclock.AnalogAppWidgetProvider: pid=402 uid=10011 gids={}
01-06 19:22:54.887 I/ActivityManager(  151): Start proc com.android.providers.calendar for broadcast com.android.providers.calendar/.CalendarAppWidgetProvider: pid=411 uid=10007 gids={3003}
01-06 19:22:55.488 I/ActivityManager(  151): Start proc com.miui.antispam for broadcast com.miui.antispam/.firewall.FirewallReceiver: pid=423 uid=1000 gids={3002, 3001, 3003}
01-06 19:22:56.149 I/ActivityManager(  151): Start proc com.miui.backup for broadcast com.miui.backup/com.miui.milk.ui.AutoBackupInitReceiver: pid=433 uid=10002 gids={1015, 3003}
01-06 19:22:56.429 I/ActivityManager(  151): Start proc com.android.bluetooth for broadcast com.android.bluetooth/.opp.BluetoothOppReceiver: pid=441 uid=10003 gids={3003, 3002, 3001, 1015}
01-06 19:22:57.350 I/ActivityManager(  151): Start proc com.android.email for broadcast com.android.email/.service.EmailBroadcastReceiver: pid=457 uid=10013 gids={3003, 1015}
--------- beginning of /dev/log/main
01-06 19:22:57.950 D/Launcher(  242): bound widget id=6 in 299ms
01-06 19:22:58.011 D/Launcher(  242): bindAppWidget: AppWidget(id=7)
01-06 19:22:58.021 D/Launcher(  242): bindAppWidget: id=7 belongs to component ComponentInfo{com.miui.notes/com.miui.notes.widget.NoteWidgetProvider_2x}
01-06 19:22:58.061 I/ActivityManager(  151): Start proc com.google.android.gm for broadcast com.google.android.gm/.MailIntentReceiver: pid=470 uid=10016 gids={3003, 1015}
01-06 19:22:58.111 D/Launcher(  242): bound widget id=7 in 95ms
01-06 19:22:58.111 D/Launcher(  242): bindAppWidget: AppWidget(id=8)
01-06 19:22:58.121 D/Launcher(  242): bindAppWidget: id=8 belongs to component ComponentInfo{com.android.vending/com.android.vending.MarketWidgetProvider}
01-06 19:22:58.171 D/dalvikvm(  242): GC_CONCURRENT freed 289K, 41% free 4017K/6791K, external 0K/0K, paused 2ms+42ms
01-06 19:22:58.181 I/Database(  457): sqlite returned: error code = 0, msg = Recovered 28 frames from WAL file /data/data/com.android.email/databases/EmailProvider.db-wal
01-06 19:22:58.191 D/EAS SyncManager(  457): !!! EAS SyncManager, onCreate
01-06 19:22:58.251 D/dalvikvm(  151): GC_CONCURRENT freed 578K, 38% free 4995K/8007K, external 0K/0K, paused 7ms+4ms
01-06 19:22:58.251 I/Database(  441): sqlite returned: error code = 0, msg = Recovered 5 frames from WAL file /data/data/com.android.bluetooth/databases/btopp.db-wal
01-06 19:22:58.271 D/EAS SyncManager(  457): !!! EAS SyncManager, onStartCommand
01-06 19:22:58.281 I/Database(  457): sqlite returned: error code = 0, msg = Recovered 6 frames from WAL file /data/data/com.android.email/databases/EmailProviderBody.db-wal
01-06 19:22:58.401 D/Email   (  457): BOOT_COMPLETED
01-06 19:22:58.531 D/EAS SyncManager(  457): !!! EAS SyncManager, stopping self
01-06 19:22:58.531 D/EAS SyncManager(  457): !!! EAS SyncManager, onStartCommand
01-06 19:22:58.541 D/Eas Debug(  457): Logging: 
01-06 19:22:58.551 D/dalvikvm(  470): GC_CONCURRENT freed 409K, 50% free 2841K/5639K, external 0K/0K, paused 3ms+32ms
01-06 19:22:58.641 D/EAS SyncManager(  457): !!! EAS SyncManager, stopping self
01-06 19:22:58.641 D/EAS SyncManager(  457): !!! EAS SyncManager, onDestroy
01-06 19:22:58.671 D/Launcher(  242): bound widget id=8 in 569ms
01-06 19:22:58.821 I/dalvikvm(  242): Total arena pages for JIT: 11
01-06 19:22:58.831 I/ActivityThread(  470): Pub com.google.android.gmail.SuggestionProvider: com.google.android.gm.SuggestionsProvider
01-06 19:22:58.851 I/ActivityThread(  470): Pub gmail-downloads: com.google.android.gm.downloadprovider.DownloadProvider
01-06 19:22:58.891 I/ActivityThread(  470): Pub gmail-ls: com.google.android.gm.provider.MailProvider
01-06 19:22:58.951 I/ActivityThread(  470): Pub com.google.android.gm.attachmentspreviews: com.google.android.gm.AttachmentPreviewProvider
01-06 19:22:59.242 D/dalvikvm(  242): GC_CONCURRENT freed 342K, 41% free 4126K/6919K, external 0K/0K, paused 2ms+20ms
01-06 19:22:59.462 I/ActivityManager(  151): Start proc com.google.android.partnersetup for broadcast com.google.android.partnersetup/.GooglePartnerSetup: pid=485 uid=10018 gids={}
01-06 19:22:59.552 D/dalvikvm(  433): GC_CONCURRENT freed 384K, 50% free 2801K/5575K, external 0K/0K, paused 50ms+20ms
01-06 19:22:59.742 D/dalvikvm(  242): GC_CONCURRENT freed 430K, 41% free 4160K/7047K, external 0K/0K, paused 3ms+7ms
01-06 19:22:59.812 D/Launcher.Model(  242): bind workspace in 5398ms
01-06 19:22:59.902 D/dalvikvm(  264): GC_CONCURRENT freed 345K, 49% free 2965K/5767K, external 0K/0K, paused 2ms+17ms
01-06 19:22:59.922 D/dalvikvm(  242): GC_EXPLICIT freed 94K, 43% free 4072K/7047K, external 0K/0K, paused 95ms
01-06 19:22:59.962 D/dalvikvm(  151): GC_FOR_MALLOC freed 283K, 38% free 5031K/8007K, external 0K/0K, paused 41ms
01-06 19:22:59.962 I/dalvikvm-heap(  151): Grow heap (frag case) to 7.333MB for 82970-byte allocation
01-06 19:22:59.972 D/Calendar(  411): missed alarms found: 0
01-06 19:23:00.022 D/dalvikvm(  151): GC_FOR_MALLOC freed 4K, 38% free 5107K/8135K, external 0K/0K, paused 45ms
01-06 19:23:00.022 I/AlarmManager(  151): wakelock acquire, uid:1000 at elapsed real time: 41794
01-06 19:23:00.083 D/Finsky  (  341): [24] DownloadRecords.initializeAndPrune: Pruned 0 old downloads from the cursor.
01-06 19:23:00.153 D/dalvikvm(  151): GC_FOR_MALLOC freed 114K, 38% free 5045K/8135K, external 0K/0K, paused 51ms
01-06 19:23:00.463 I/EventLogService(  264): Aggregate from 315966653491 (log), 315966653491 (data)
01-06 19:23:00.633 I/Database(  470): sqlite returned: error code = 0, msg = Recovered 5 frames from WAL file /data/data/com.google.android.gm/databases/downloads.db-wal
01-06 19:23:00.723 D/dalvikvm(  264): GC_CONCURRENT freed 376K, 48% free 3054K/5831K, external 0K/0K, paused 2ms+3ms
01-06 19:23:00.723 V/update.Download(  264): deleting all update downloads
01-06 19:23:00.763 D/dalvikvm(  485): GC_CONCURRENT freed 402K, 51% free 2794K/5639K, external 0K/0K, paused 2ms+3ms
01-06 19:23:00.783 D/szipinf (  151): Initializing inflate state
01-06 19:23:00.783 I/ActivityManager(  151): Starting: Intent { flg=0x10000000 cmp=com.google.android.gsf/.update.SystemUpdateInstallDialog } from pid 264
01-06 19:23:01.013 D/dalvikvm(  151): GC_CONCURRENT freed 461K, 37% free 5163K/8135K, external 0K/0K, paused 2ms+4ms
01-06 19:23:01.194 I/ActivityManager(  151): Start proc com.android.mms for broadcast com.android.mms/.transaction.MmsSystemEventReceiver: pid=504 uid=10026 gids={3003, 1015}
01-06 19:23:01.354 D/dalvikvm(  114): GC_EXPLICIT freed 11K, 49% free 2746K/5379K, external 0K/0K, paused 169ms
01-06 19:23:01.484 D/dalvikvm(  114): GC_EXPLICIT freed <1K, 49% free 2746K/5379K, external 0K/0K, paused 125ms
01-06 19:23:01.554 D/dalvikvm(  264): GC_CONCURRENT freed 420K, 49% free 3084K/5959K, external 0K/0K, paused 3ms+31ms
01-06 19:23:01.574 D/dalvikvm(  114): GC_EXPLICIT freed <1K, 49% free 2746K/5379K, external 0K/0K, paused 92ms
01-06 19:23:01.584 D/dalvikvm(  504): GC_CONCURRENT freed 413K, 50% free 2839K/5639K, external 0K/0K, paused 3ms+4ms
01-06 19:23:01.634 D/MediaScannerService(  368): start scanning volume internal
01-06 19:23:01.704 W/MessageQueue(  470): Handler{406cb0c8} sending message to a Handler on a dead thread
01-06 19:23:01.704 W/MessageQueue(  470): java.lang.RuntimeException: Handler{406cb0c8} sending message to a Handler on a dead thread
01-06 19:23:01.704 W/MessageQueue(  470): 	at android.os.MessageQueue.enqueueMessage(MessageQueue.java:196)
01-06 19:23:01.704 W/MessageQueue(  470): 	at android.os.Handler.sendMessageAtTime(Handler.java:457)
01-06 19:23:01.704 W/MessageQueue(  470): 	at android.os.Handler.sendMessageDelayed(Handler.java:430)
01-06 19:23:01.704 W/MessageQueue(  470): 	at android.os.Handler.post(Handler.java:248)
01-06 19:23:01.704 W/MessageQueue(  470): 	at android.accounts.AccountManager$BaseFutureTask.postRunnableToHandler(AccountManager.java:1327)
01-06 19:23:01.704 W/MessageQueue(  470): 	at android.accounts.AccountManager$Future2Task.done(AccountManager.java:1375)
01-06 19:23:01.704 W/MessageQueue(  470): 	at java.util.concurrent.FutureTask$Sync.innerSet(FutureTask.java:253)
01-06 19:23:01.704 W/MessageQueue(  470): 	at java.util.concurrent.FutureTask.set(FutureTask.java:113)
01-06 19:23:01.704 W/MessageQueue(  470): 	at android.accounts.AccountManager$BaseFutureTask.access$700(AccountManager.java:1307)
01-06 19:23:01.704 W/MessageQueue(  470): 	at android.accounts.AccountManager$BaseFutureTask$Response.onResult(AccountManager.java:1345)
01-06 19:23:01.704 W/MessageQueue(  470): 	at android.accounts.IAccountManagerResponse$Stub.onTransact(IAccountManagerResponse.java:59)
01-06 19:23:01.704 W/MessageQueue(  470): 	at android.os.Binder.execTransact(Binder.java:320)
01-06 19:23:01.704 W/MessageQueue(  470): 	at dalvik.system.NativeStart.run(Native Method)
01-06 19:23:01.714 D/dalvikvm(  264): GC_EXTERNAL_ALLOC freed 56K, 49% free 3071K/5959K, external 0K/0K, paused 57ms
01-06 19:23:01.794 D/dalvikvm(  264): GC_FOR_MALLOC freed 134K, 49% free 3095K/6023K, external 114K/586K, paused 27ms
01-06 19:23:01.854 I/ActivityThread(  504): Pub com.android.mms.festival: com.android.mms.data.FestivalSmsProvider
01-06 19:23:01.994 D/dalvikvm(  151): GC_FOR_MALLOC freed 293K, 37% free 5134K/8135K, external 0K/0K, paused 45ms
01-06 19:23:01.994 I/dalvikvm-heap(  151): Grow heap (frag case) to 7.533MB for 186670-byte allocation
01-06 19:23:02.054 D/dalvikvm(  151): GC_FOR_MALLOC freed 0K, 37% free 5316K/8327K, external 0K/0K, paused 43ms
01-06 19:23:02.115 W/Searchables(  151): No web search activity found
01-06 19:23:02.175 I/Database(  368): sqlite returned: error code = 0, msg = Recovered 66 frames from WAL file /data/data/com.android.providers.media/databases/internal.db-wal
01-06 19:23:02.325 I/Database(  240): sqlite returned: error code = 0, msg = Recovered 40 frames from WAL file /data/data/com.android.providers.telephony/databases/mmssms.db-wal
01-06 19:23:02.605 W/YellowPageProvider(  151): Opened DB /system/etc/yellowpage.db in read-only mode
01-06 19:23:02.705 E/LockScreenRoot(  151): unrecognozed message, not a number: sms_unread_count,null
01-06 19:23:02.775 I/ActivityManager(  151): Start proc com.miui.supermarket for broadcast com.miui.supermarket/.model.StartupReceiver: pid=525 uid=10033 gids={3003, 2001}
01-06 19:23:02.955 D/dalvikvm(  151): GC_FOR_MALLOC freed 758K, 40% free 5035K/8391K, external 0K/0K, paused 50ms
01-06 19:23:02.975 I/AlarmManager(  151): wakelock acquire, uid:10033 at elapsed real time: 44740
01-06 19:23:02.985 I/AlarmManager(  151): wakelock release, uid:10033 at elapsed real time: 44749
01-06 19:23:03.015 I/ActivityManager(  151): Start proc com.google.android.talk for broadcast com.google.android.talk/.videochat.BootCompleteReceiver: pid=534 uid=10035 gids={3003, 1015, 1006}
01-06 19:23:03.166 D/dalvikvm(  534): GC_CONCURRENT freed 397K, 50% free 2855K/5639K, external 0K/0K, paused 4ms+2ms
01-06 19:23:03.276 I/ActivityThread(  534): Pub com.google.android.talk.SuggestionProvider: com.google.android.talk.SuggestionsProvider
01-06 19:23:03.436 D/dalvikvm(  534): GC_EXTERNAL_ALLOC freed 114K, 50% free 2860K/5639K, external 0K/0K, paused 89ms
01-06 19:23:03.496 D/GTalkService(  264): [RawStanzaProvidersMgr] ##### searchProvidersFromIntent
01-06 19:23:03.506 D/GTalkService(  264): [RawStanzaProvidersMgr] no intent receivers found
01-06 19:23:03.686 D/dalvikvm(  264): GC_CONCURRENT freed 467K, 48% free 3133K/6023K, external 133K/586K, paused 3ms+8ms
01-06 19:23:04.006 D/dalvikvm(  151): GC_CONCURRENT freed 426K, 39% free 5147K/8391K, external 0K/0K, paused 3ms+4ms
01-06 19:23:04.016 D/GTalkService(  264): [GTalkConnection.28] init: initialized presence to UNAVAILABLE
01-06 19:23:04.016 D/GTalkService(  264): [GTalkConnection.27] init: initialized presence to UNAVAILABLE
01-06 19:23:04.056 I/AlarmManager(  151): wakelock acquire, uid:1030 at elapsed real time: 45821
01-06 19:23:04.056 I/AlarmManager(  151): wakelock release, uid:1030 at elapsed real time: 45821
01-06 19:23:04.066 I/StartupReceiver(  376): set daily check for normal user
01-06 19:23:04.076 I/StartupReceiver(  376): set weekly check for normal user
01-06 19:23:04.076 I/StringUtils(  376): NewVersion: 1.8.12, oldVersion: 1.8.12
01-06 19:23:04.086 D/Volley  (  341): [12] DiskBasedCache.clear: Cache cleared.
01-06 19:23:04.086 D/Volley  (  341): [16] DiskBasedCache.clear: Cache cleared.
01-06 19:23:04.106 I/ActivityManager(  151): Start proc com.android.voicedialer for broadcast com.android.voicedialer/.VoiceDialerReceiver: pid=550 uid=10040 gids={3002}
01-06 19:23:04.327 D/GTalkService(  264): createConnection(check #2): connection exists, drop newly created connection
01-06 19:23:04.367 D/VoiceDialerReceiver(  550): onReceive Intent { act=android.intent.action.BOOT_COMPLETED cmp=com.android.voicedialer/.VoiceDialerReceiver }
01-06 19:23:04.377 V/RecognizerEngine(  550): deleteCachedGrammarFiles /data/data/com.android.voicedialer/files/openentries.txt
01-06 19:23:04.797 D/dalvikvm(  264): GC_CONCURRENT freed 398K, 48% free 3186K/6023K, external 0K/512K, paused 2ms+3ms
01-06 19:23:04.887 I/talk    (  534): Refresh the supporeted camera state
01-06 19:23:04.997 I/AlarmManager(  151): wakelock release, uid:1000 at elapsed real time: 46762
01-06 19:23:04.997 I/ActivityManager(  151): Start proc com.android.gallery for broadcast com.android.gallery/.app.SystemReceiver: pid=562 uid=10015 gids={1015, 3003}
01-06 19:23:05.188 D/xpicture/SystemReceiver(  562): Got intent with action:android.intent.action.MEDIA_SCANNER_STARTED
01-06 19:23:05.208 I/xpicture/MediaCache(  562): MIUI gallery is started
01-06 19:23:05.328 D/dalvikvm(  151): GC_CONCURRENT freed 504K, 38% free 5221K/8391K, external 0K/0K, paused 3ms+4ms
01-06 19:23:05.468 D/dalvikvm(  562): GC_CONCURRENT freed 408K, 50% free 2843K/5639K, external 0K/0K, paused 3ms+29ms
01-06 19:23:05.478 E/Finsky  (  341): [1] 1.onError: Failed to load list for widget! null
01-06 19:23:05.508 D/QualcommCameraHardware(  115): createInstance: E
01-06 19:23:05.528 D/QualcommCameraHardware(  115):  Storing the current target type as 1 
01-06 19:23:05.528 D/QualcommCameraHardware(  115): constructor EX
01-06 19:23:05.538 E/LockScreenRoot(  151): unrecognozed message, not a number: sms_unread_count,null
01-06 19:23:05.548 D/QualcommCameraHardware(  115): startCamera E
01-06 19:23:05.568 D/QualcommCameraHardware(  115): loading liboemcamera at 0xb000db70
01-06 19:23:05.568 I/QualcommCameraHardware(  115): Set main cam and main cam only
01-06 19:23:05.568 I/mm-camera-mmap(  115): set sensor selection :0
01-06 19:23:05.718 I/QualcommCameraHardware(  115): Open Device node : /dev/msm_camera/control0
01-06 19:23:05.748 I/mm-camera-config(  115): cam_conf fd cfgctrl.camfd:0
01-06 19:23:05.748 I/mm-camera-config(  115): Open config device node : /dev/msm_camera/config0
01-06 19:23:05.748 I/        (  115): [AWB Calibration]:ctrlfd:22
01-06 19:23:05.788 I/        (  115): [AWB Calibration] cfg.fuse_id_word1:0x0
01-06 19:23:05.788 I/        (  115): [AWB Calibration] cfg.fuse_id_word2:0x0
01-06 19:23:05.788 I/        (  115): [AWB Calibration] cfg.fuse_id_word3:0x45002
01-06 19:23:05.788 I/        (  115): [AWB Calibration] cfg.fuse_id_word4:0xbf257
01-06 19:23:05.798 D/mm-camera-s5k3e2fx_u(  115): lcd type = 0
01-06 19:23:05.818 I/        (  115): [AWB Calibration] rg_ratio_GS_table[0]:0.733340
01-06 19:23:05.818 I/        (  115): [AWB Calibration] rg_ratio_GS_table[1]:0.733340
01-06 19:23:05.818 I/        (  115): [AWB Calibration] rg_ratio_GS_table[2]:0.716810
01-06 19:23:05.818 I/        (  115): [AWB Calibration] bg_ratio_GS_table[0]:0.601600
01-06 19:23:05.818 I/        (  115): [AWB Calibration] bg_ratio_GS_table[1]:0.601600
01-06 19:23:05.818 I/        (  115): [AWB Calibration] bg_ratio_GS_table[2]:0.590178
01-06 19:23:05.818 I/        (  115): [AWB Calibration] sfuse.fuse_id_word1:0x0
01-06 19:23:05.818 I/        (  115): [AWB Calibration] sfuse.fuse_id_word2:0x0
01-06 19:23:05.818 I/        (  115): [AWB Calibration] sfuse.fuse_id_word3:0x45002
01-06 19:23:05.818 I/        (  115): [AWB Calibration] sfuse.fuse_id_word4:0xbf257
01-06 19:23:05.818 I/        (  115): [AWB Calibration] fuse_id : 0x0, 0x0, 0x45002, 0xbf257
01-06 19:23:05.818 I/        (  115): [AWB Calibration] fail to read /data/awb_cal 
01-06 19:23:05.818 I/        (  115): [AWB Calibration] read from file OK: /sys/android_camera_awb_cal/awb_ca
01-06 19:23:05.818 I/        (  115): [AWB Calibration] read all 0 ,ok=1
01-06 19:23:05.818 I/        (  115): [AWB Calibration] read all 0 ,ok=1
01-06 19:23:05.818 I/        (  115): [AWB Calibration] read all 0 ,ok=1
01-06 19:23:05.818 I/        (  115): [AWB Calibration] read all 0 ,ok=1
01-06 19:23:05.818 I/        (  115): [AWB Calibration] read all 0 ,ok=1
01-06 19:23:05.818 I/        (  115): [AWB Calibration] read all 0 ,ok=1
01-06 19:23:05.818 I/        (  115): [AWB Calibration] read all 0 ,ok=1
01-06 19:23:05.818 I/        (  115): [AWB Calibration] read all 0 ,ok=1
01-06 19:23:05.818 I/        (  115): [AWB Calibration] check sum=0, OK
01-06 19:23:05.818 I/        (  115): [AWB Calibration] caBuff[0]:0x00000000
01-06 19:23:05.818 I/        (  115): [AWB Calibration] caBuff[1]:0x00000000
01-06 19:23:05.818 I/        (  115): [AWB Calibration] caBuff[2]:0x00000000
01-06 19:23:05.818 I/        (  115): [AWB Calibration] caBuff[3]:0x00000000
01-06 19:23:05.818 I/        (  115): [AWB Calibration] caBuff[4]:0x00000000
01-06 19:23:05.818 I/        (  115): [AWB Calibration] caBuff[5]:0x00000000
01-06 19:23:05.818 I/        (  115): [AWB Calibration] caBuff[6]:0x00000000
01-06 19:23:05.818 I/        (  115): [AWB Calibration] caBuff[7]:0x00000000
01-06 19:23:05.818 I/        (  115): [AWB Calibration] fuse_id_word1:0x00000000
01-06 19:23:05.818 I/        (  115): [AWB Calibration] fuse_id_word2:0x00000000
01-06 19:23:05.818 I/        (  115): [AWB Calibration] fuse_id_word3:0x00045002
01-06 19:23:05.818 I/        (  115): [AWB Calibration] fuse_id_word4:0x000bf257
01-06 19:23:05.818 I/        (  115): [AWB Calibration] fuse ID not same,do nothing and leave
01-06 19:23:05.828 I/mm-camera-aec(  115): Touch AEC  == numRegions:256
01-06 19:23:05.828 I/mm-camera-aec(  115): Touch AEC aecCtrl->aec_state.aec_algo:1
01-06 19:23:05.838 I/QualcommCameraHardware(  115): startCamera: camsensor name s5k3e2fx, flash 1
01-06 19:23:05.848 D/QualcommCameraHardware(  115): startCamera X
01-06 19:23:05.848 D/QualcommCameraHardware(  115): initDefaultParameters E
01-06 19:23:05.848 D/QualcommCameraHardware(  115): product 5
01-06 19:23:05.848 D/QualcommCameraHardware(  115): native_access_parm: fd 16, type 1, length 32
01-06 19:23:05.848 E/QualcommCameraHardware(  115): native_access_parm: error (No such file or directory): fd 16, type 1, length 32, status 0
01-06 19:23:05.848 D/QualcommCameraHardware(  115): native_access_parm: fd 16, type 64, length 4
01-06 19:23:05.848 D/QualcommCameraHardware(  115): native_access_parm: fd 16, type 65, length 4
01-06 19:23:05.848 D/QualcommCameraHardware(  115): native_access_parm: fd 16, type 66, length 4
01-06 19:23:05.848 D/MediaScanner(  368): opendir /data/media/ failed, errno: 2
01-06 19:23:05.858 D/QualcommCameraHardware(  115): requested preview size 768 x 432
01-06 19:23:05.858 D/QualcommCameraHardware(  115): requested picture size 1024 x 768
01-06 19:23:05.858 D/QualcommCameraHardware(  115): native_access_parm: fd 16, type 21, length 4
01-06 19:23:05.858 D/QualcommCameraHardware(  115): native_access_parm: fd 16, type 14, length 4
01-06 19:23:05.858 D/QualcommCameraHardware(  115): setFlash 0
01-06 19:23:05.858 D/QualcommCameraHardware(  115): native_access_parm: fd 16, type 49, length 4
01-06 19:23:05.858 D/mm-camera-ctrlcmd(  115): In config_proc_CAMERA_SET_PARM_LED_MODE: 0
01-06 19:23:05.858 I/QualcommCameraHardware(  115): Set zoom=0 20
01-06 19:23:05.858 D/QualcommCameraHardware(  115): native_access_parm: fd 16, type 2, length 4
01-06 19:23:05.858 I/QualcommCameraHardware(  115): Setting Contrast is 5
01-06 19:23:05.858 D/QualcommCameraHardware(  115): native_access_parm: fd 16, type 6, length 4
01-06 19:23:05.858 I/QualcommCameraHardware(  115): Setting Brightness is 3
01-06 19:23:05.858 D/QualcommCameraHardware(  115): native_access_parm: fd 16, type 7, length 4
01-06 19:23:05.858 D/MediaScanner(  368):  prescan time: 3615ms
01-06 19:23:05.858 D/MediaScanner(  368):     scan time: 285ms
01-06 19:23:05.858 D/MediaScanner(  368): postscan time: 7ms
01-06 19:23:05.858 D/MediaScanner(  368):    total time: 3907ms
01-06 19:23:05.858 D/QualcommCameraHardware(  115): native_access_parm: fd 16, type 12, length 4
01-06 19:23:05.858 I/mm-camera-ctrlcmd(  115): md.d.aec_mode.aec_mode:1
01-06 19:23:05.858 I/mm-camera-aec(  115): Touch AEC  == numRegions:256
01-06 19:23:05.858 I/mm-camera-aec(  115): Touch AEC aecCtrl->aec_state.aec_algo:1
01-06 19:23:05.858 D/QualcommCameraHardware(  115): not defined touch-focus yet, or AP without touch-focus function
01-06 19:23:05.858 I/QualcommCameraHardware(  115): Before Setting coordinate x:384 y:216
01-06 19:23:05.858 I/QualcommCameraHardware(  115): Setting coordinate x:2 y:2
01-06 19:23:05.858 D/QualcommCameraHardware(  115): native_access_parm: fd 16, type 60, length 28
01-06 19:23:05.868 D/xpicture/SystemReceiver(  562): Got intent with action:android.intent.action.MEDIA_SCANNER_FINISHED
01-06 19:23:05.868 D/xpicture/MediaCache(  562): media scan is finished
01-06 19:23:05.868 I/mm-camera 8x vfe(  115): vfe_set_coordinate x:2 y:2
01-06 19:23:05.868 D/QualcommCameraHardware(  115): native_access_parm: fd 16, type 26, length 4
01-06 19:23:05.868 D/mm-camera-ctrlcmd(  115): md.d.aec_iso_mode = 0
01-06 19:23:05.868 D/QualcommCameraHardware(  115): native_access_parm: fd 16, type 62, length 4
01-06 19:23:05.868 D/QualcommCameraHardware(  115): native_access_parm: fd 16, type 8, length 4
01-06 19:23:05.888 D/QualcommCameraHardware(  115): virtual android::status_t android::QualcommCameraHardware::setParameters(const android::CameraParameters&), final_rc=0
01-06 19:23:05.888 D/QualcommCameraHardware(  115): initDefaultParameters X
01-06 19:23:05.888 D/QualcommCameraHardware(  115): createInstance: X created hardware=0x124a8
01-06 19:23:05.888 D/MediaScannerService(  368): done scanning volume internal
01-06 19:23:05.898 I/ActivityManager(  151): No longer want com.miui.antispam (pid 423): hidden #16
01-06 19:23:05.908 I/StagefrightPlayer(  115): setDataSource('/system/media/audio/ui/camera_click.ogg')
01-06 19:23:05.918 I/StagefrightPlayer(  115): setDataSource('/system/media/audio/ui/VideoRecord.ogg')
01-06 19:23:05.938 D/QualcommCameraHardware(  115): stopPreview: E
01-06 19:23:05.938 D/QualcommCameraHardware(  115): stopPreviewInternal E: 0
01-06 19:23:05.938 D/QualcommCameraHardware(  115): stopPreviewInternal X: 0
01-06 19:23:05.938 D/QualcommCameraHardware(  115): stopPreview: X
01-06 19:23:05.938 D/QualcommCameraHardware(  115): release E
01-06 19:23:05.948 D/mm-camera-ctrlcmd(  115): config_proc_CAMERA_STOP_SNAPSHOT: received CAMERA_STOP_SNAPSHOT!, ctrl->state = 0
01-06 19:23:05.948 D/mm-camera-ctrlcmd(  115): config_proc_CAMERA_STOP_SNAPSHOT: invalid state 0
01-06 19:23:05.948 D/QualcommCameraHardware(  115): deinitRaw E
01-06 19:23:05.948 D/QualcommCameraHardware(  115): deinitRaw X
01-06 19:23:06.269 D/QualcommCameraHardware(  115): dlclose(libqcamera)
01-06 19:23:06.269 D/QualcommCameraHardware(  115): release X
01-06 19:23:06.269 D/QualcommCameraHardware(  115): ~QualcommCameraHardware E
01-06 19:23:06.269 D/QualcommCameraHardware(  115): ~QualcommCameraHardware X
01-06 19:23:06.269 I/talk    (  534): supported front camera id: -1
01-06 19:23:06.269 I/talk    (  534): supported back camera id: 0
01-06 19:23:12.695 D/dalvikvm(  151): GC_CONCURRENT freed 700K, 41% free 5021K/8391K, external 0K/0K, paused 8ms+3ms
01-06 19:23:25.898 D/dalvikvm(  151): GC_CONCURRENT freed 452K, 41% free 5019K/8391K, external 0K/0K, paused 10ms+3ms
01-06 19:23:30.622 I/AlarmManager(  151): wakelock acquire, uid:10017 at elapsed real time: 72392
01-06 19:23:30.632 D/GTalkService(  264): [GTalkConnection.1] connect: network unavailable, set state=PENDING, err=NO_NETWORK
01-06 19:23:30.642 I/AlarmManager(  151): wakelock release, uid:10017 at elapsed real time: 72416
01-06 19:23:38.610 D/dalvikvm(  151): GC_CONCURRENT freed 447K, 41% free 5023K/8391K, external 0K/0K, paused 8ms+3ms
01-06 19:23:43.895 D/PowerManagerService(  151): setPowerState: mPowerState=3 newState=1 noChangeLights=false
01-06 19:23:43.895 D/PowerManagerService(  151):   oldKeyboardBright=false newKeyboardBright=false
01-06 19:23:43.895 D/PowerManagerService(  151):   oldScreenBright=true newScreenBright=false
01-06 19:23:43.895 D/PowerManagerService(  151):   oldButtonBright=false newButtonBright=false
01-06 19:23:43.895 D/PowerManagerService(  151):   oldScreenOn=true newScreenOn=true
01-06 19:23:43.895 D/PowerManagerService(  151):   oldBatteryLow=false newBatteryLow=false
01-06 19:23:43.895 I/PowerManagerService(  151): setTargetLocked mask=2 curValue=-1.0 target=5 targetValue=5 delta=-11.363636 nominalCurrentValue=255  ******************
01-06 19:23:43.895 D/PowerManagerService(  151): offMask=0x0 dimMask=0x0 onMask=0x4 difference=0x6 realDifference=0x6 forceState=0x0
01-06 19:23:43.895 D/PowerManagerService(  151): jumpToTargetLocked targetValue=5: 2
01-06 19:23:51.673 D/dalvikvm(  151): GC_CONCURRENT freed 452K, 41% free 5021K/8391K, external 0K/0K, paused 9ms+3ms
01-06 19:23:59.991 I/AlarmManager(  151): wakelock acquire, uid:1000 at elapsed real time: 101766
01-06 19:24:00.071 I/AlarmManager(  151): wakelock release, uid:1000 at elapsed real time: 101846
01-06 19:24:03.164 D/dalvikvm(  151): GC_CONCURRENT freed 448K, 41% free 5022K/8391K, external 0K/0K, paused 8ms+4ms
01-06 19:24:11.132 D/SntpClient(  151): request time failed: java.net.UnknownHostException: cn.pool.ntp.org
01-06 19:24:11.182 D/SntpClient(  151): request time failed: java.net.UnknownHostException: cn.pool.ntp.org
01-06 19:24:11.182 D/SntpClient(  151): request time failed: java.net.UnknownHostException: cn.pool.ntp.org
01-06 19:24:15.666 D/dalvikvm(  151): GC_CONCURRENT freed 450K, 41% free 5023K/8391K, external 0K/0K, paused 8ms+4ms
01-06 19:24:28.889 D/dalvikvm(  151): GC_CONCURRENT freed 452K, 41% free 5022K/8391K, external 0K/0K, paused 8ms+3ms
01-06 19:24:42.062 D/dalvikvm(  151): GC_CONCURRENT freed 451K, 41% free 5024K/8391K, external 0K/0K, paused 8ms+4ms
01-06 19:24:55.235 D/dalvikvm(  151): GC_CONCURRENT freed 452K, 41% free 5022K/8391K, external 0K/0K, paused 8ms+4ms
01-06 19:25:00.010 I/AlarmManager(  151): wakelock acquire, uid:1000 at elapsed real time: 161770
01-06 19:25:00.080 I/AlarmManager(  151): wakelock release, uid:1000 at elapsed real time: 161844
01-06 19:25:05.024 I/dalvikvm(  151): Jit: resizing JitTable from 4096 to 8192
01-06 19:25:06.836 D/dalvikvm(  151): GC_CONCURRENT freed 450K, 41% free 5022K/8391K, external 0K/0K, paused 8ms+3ms
01-06 19:25:14.734 I/InputReader(  151): Device reconfigured: id=0x20002, name=synaptics-rmi-touchscreen, display size is now 480x800
01-06 19:25:14.754 D/PowerManagerService(  151): setPowerState: mPowerState=1 newState=3 noChangeLights=false
01-06 19:25:14.754 D/PowerManagerService(  151):   oldKeyboardBright=false newKeyboardBright=false
01-06 19:25:14.754 D/PowerManagerService(  151):   oldScreenBright=false newScreenBright=true
01-06 19:25:14.754 D/PowerManagerService(  151):   oldButtonBright=false newButtonBright=false
01-06 19:25:14.754 D/PowerManagerService(  151):   oldScreenOn=true newScreenOn=true
01-06 19:25:14.754 D/PowerManagerService(  151):   oldBatteryLow=false newBatteryLow=false
01-06 19:25:14.754 I/PowerManagerService(  151): setTargetLocked mask=2 curValue=5.0 target=255 targetValue=255 delta=16.666666 nominalCurrentValue=5
01-06 19:25:14.754 D/PowerManagerService(  151): offMask=0x0 dimMask=0x0 onMask=0x4 difference=0x6 realDifference=0x6 forceState=0x0
01-06 19:25:14.754 D/PowerManagerService(  151): jumpToTargetLocked targetValue=255: 2
01-06 19:25:15.735 I/LockScreen_UnlockerScreenElement(  151): unlock touch canceled due to exceeding tollerance
01-06 19:25:16.946 D/dalvikvm(  151): GC_CONCURRENT freed 455K, 41% free 5028K/8391K, external 0K/0K, paused 5ms+4ms
01-06 19:25:19.358 I/LockScreen_UnlockerScreenElement(  151): unlock touch up
01-06 19:25:19.358 W/HapticFeedbackUtil(  151): vibrate: null or empty pattern
01-06 19:25:19.679 D/dalvikvm(  267): GC_CONCURRENT freed 382K, 47% free 3179K/5959K, external 0K/0K, paused 2ms+26ms
01-06 19:25:19.879 I/dalvikvm(  267): Total arena pages for JIT: 11
01-06 19:25:19.889 I/AwesomeLockScreenView(  151): RenderThread stopped
01-06 19:25:25.004 D/dalvikvm(  151): GC_CONCURRENT freed 497K, 41% free 5026K/8391K, external 0K/0K, paused 10ms+4ms
01-06 19:25:25.034 D/dalvikvm(  267): GC_EXPLICIT freed 445K, 49% free 3120K/6023K, external 0K/0K, paused 54ms
01-06 19:25:31.070 D/AndroidRuntime(  584): 
01-06 19:25:31.070 D/AndroidRuntime(  584): >>>>>> AndroidRuntime START com.android.internal.os.RuntimeInit <<<<<<
01-06 19:25:31.070 D/AndroidRuntime(  584): CheckJNI is OFF
01-06 19:25:31.070 D/dalvikvm(  584): creating instr width table
01-06 19:25:31.260 D/AndroidRuntime(  584): Calling main entry com.android.commands.pm.Pm
01-06 19:25:31.270 I/ActivityManager(  151): Start proc com.android.defcontainer for service com.android.defcontainer/.DefaultContainerService: pid=592 uid=10010 gids={1015, 2001}
01-06 19:25:31.370 D/dalvikvm(  592): GC_EXPLICIT freed 322K, 51% free 2752K/5511K, external 0K/0K, paused 28ms
01-06 19:25:31.380 W/ActivityManager(  151): No content provider found for: 
01-06 19:25:31.390 W/ActivityManager(  151): No content provider found for: 
01-06 19:25:31.400 D/PackageParser(  151): Scanning package: /data/app/vmdl782178256.tmp
01-06 19:25:31.400 I/ActivityManager(  151): No longer want com.miui.backup (pid 433): hidden #16
01-06 19:25:31.490 I/PackageManager(  151): Removing non-system package:com.sonymobile.chkbugreport.testapp
01-06 19:25:31.490 I/ActivityManager(  151): Force stopping package com.sonymobile.chkbugreport.testapp uid=10045
01-06 19:25:31.600 D/PackageManager(  151): Scanning package com.sonymobile.chkbugreport.testapp
01-06 19:25:31.610 D/installd(  117): DexInv: --- BEGIN '/data/app/com.sonymobile.chkbugreport.testapp-1.apk' ---
01-06 19:25:31.610 I/PackageManager(  151): Package com.sonymobile.chkbugreport.testapp codePath changed from /data/app/com.sonymobile.chkbugreport.testapp-2.apk to /data/app/com.sonymobile.chkbugreport.testapp-1.apk; Retaining data and using new
01-06 19:25:31.650 D/dalvikvm(  601): creating instr width table
01-06 19:25:31.720 D/dalvikvm(  601): DexOpt: load 13ms, verify+opt 49ms
01-06 19:25:31.731 D/installd(  117): DexInv: --- END '/data/app/com.sonymobile.chkbugreport.testapp-1.apk' (success) ---
01-06 19:25:31.731 I/PackageManager(  151): Unpacking native libraries for /data/app/com.sonymobile.chkbugreport.testapp-1.apk
01-06 19:25:31.751 D/installd(  117): DexInv: --- BEGIN '/data/app/com.sonymobile.chkbugreport.testapp-1.apk' ---
01-06 19:25:31.771 D/dalvikvm(  602): creating instr width table
01-06 19:25:31.831 D/dalvikvm(  602): DexOpt: load 8ms, verify+opt 40ms
01-06 19:25:31.841 D/installd(  117): DexInv: --- END '/data/app/com.sonymobile.chkbugreport.testapp-1.apk' (success) ---
01-06 19:25:31.841 D/PackageManager(  151):   Services: com.sonymobile.chkbugreport.testapp.AIDLDeadlockService
01-06 19:25:31.841 I/ActivityManager(  151): Force stopping package com.sonymobile.chkbugreport.testapp uid=10045
01-06 19:25:31.841 W/PackageManager(  151): Code path for pkg : com.sonymobile.chkbugreport.testapp changing from /data/app/com.sonymobile.chkbugreport.testapp-2.apk to /data/app/com.sonymobile.chkbugreport.testapp-1.apk
01-06 19:25:31.841 W/PackageManager(  151): Resource path for pkg : com.sonymobile.chkbugreport.testapp changing from /data/app/com.sonymobile.chkbugreport.testapp-2.apk to /data/app/com.sonymobile.chkbugreport.testapp-1.apk
01-06 19:25:31.851 D/PackageManager(  151):   Activities: com.sonymobile.chkbugreport.testapp.MainActivity com.sonymobile.chkbugreport.testapp.Deadlock com.sonymobile.chkbugreport.testapp.AIDLDeadlock
01-06 19:25:31.981 D/dalvikvm(  151): GC_CONCURRENT freed 402K, 40% free 5078K/8391K, external 0K/0K, paused 4ms+4ms
01-06 19:25:32.031 I/installd(  117): move /data/dalvik-cache/data@app@com.sonymobile.chkbugreport.testapp-1.apk@classes.dex -> /data/dalvik-cache/data@app@com.sonymobile.chkbugreport.testapp-1.apk@classes.dex
01-06 19:25:32.031 D/PackageManager(  151): New package installed in /data/app/com.sonymobile.chkbugreport.testapp-1.apk
01-06 19:25:32.151 I/ActivityManager(  151): Force stopping package com.sonymobile.chkbugreport.testapp uid=10045
01-06 19:25:32.241 D/dalvikvm(  242): GC_EXPLICIT freed 200K, 42% free 4093K/7047K, external 0K/0K, paused 43ms
01-06 19:25:32.241 D/dalvikvm(  267): GC_EXPLICIT freed 10K, 49% free 3111K/6023K, external 0K/0K, paused 94ms
01-06 19:25:32.251 D/Launcher.Model(  242): Got action android.intent.action.PACKAGE_REMOVED
01-06 19:25:32.261 I/ActivityManager(  151): Start proc com.miui.uac for broadcast com.miui.uac/.UninstallReceiver: pid=603 uid=10034 gids={1015, 3003}
01-06 19:25:32.271 D/LauncherSettings(  242): Updating home screen for package com.sonymobile.chkbugreport.testapp
01-06 19:25:32.281 D/ScreenUtils(  242): Updating home screen for package com.sonymobile.chkbugreport.testapp
01-06 19:25:32.291 D/ScreenUtils(  242): Found existing items: [52]
01-06 19:25:32.301 D/ScreenUtils(  242): Updating home screen item 52
01-06 19:25:32.341 D/dalvikvm(  603): Debugger has detached; object registry had 1 entries
01-06 19:25:32.531 D/dalvikvm(  151): GC_EXPLICIT freed 288K, 39% free 5159K/8391K, external 0K/0K, paused 54ms
01-06 19:25:32.541 I/ActivityManager(  151): No longer want com.android.bluetooth (pid 441): hidden #16
01-06 19:25:32.561 D/VoiceDialerReceiver(  550): onReceive Intent { act=android.intent.action.PACKAGE_REMOVED dat=package:com.sonymobile.chkbugreport.testapp flg=0x10000000 cmp=com.android.voicedialer/.VoiceDialerReceiver (has extras) }
01-06 19:25:32.561 V/RecognizerEngine(  550): deleteCachedGrammarFiles /data/data/com.android.voicedialer/files/openentries.txt
01-06 19:25:32.591 W/RecognitionManagerService(  151): no available voice recognition services found
01-06 19:25:32.611 D/GTalkService(  264): handlePackageInstalled: re-initialize providers
01-06 19:25:32.611 D/GTalkService(  264): [RawStanzaProvidersMgr] ##### searchProvidersFromIntent
01-06 19:25:32.611 I/ActivityManager(  151): Start proc com.svox.pico for broadcast com.svox.pico/.VoiceDataInstallerReceiver: pid=611 uid=10029 gids={}
01-06 19:25:32.621 D/GTalkService(  264): [RawStanzaProvidersMgr] no intent receivers found
01-06 19:25:32.762 D/dalvikvm(  151): GC_CONCURRENT freed 657K, 40% free 5109K/8391K, external 0K/0K, paused 3ms+5ms
01-06 19:25:32.772 I/ActivityThread(  611): Pub com.svox.pico.providers.SettingsProvider: com.svox.pico.providers.SettingsProvider
01-06 19:25:32.832 W/Searchables(  151): No web search activity found
01-06 19:25:32.842 D/InstallReceiver(  603): com.sonymobile.chkbugreport.testapp
01-06 19:25:32.842 I/ActivityManager(  151): No longer want com.android.email (pid 457): hidden #16
