01-06 19:25:32.872 D/VoiceDialerReceiver(  550): onReceive Intent { act=android.intent.action.PACKAGE_ADDED dat=package:com.sonymobile.chkbugreport.testapp flg=0x10000000 cmp=com.android.voicedialer/.VoiceDialerReceiver (has extras) }
01-06 19:25:32.872 V/RecognizerEngine(  550): deleteCachedGrammarFiles /data/data/com.android.voicedialer/files/openentries.txt
01-06 19:25:32.912 I/installd(  117): unlink /data/dalvik-cache/data@app@com.sonymobile.chkbugreport.testapp-2.apk@classes.dex
01-06 19:25:32.942 D/AndroidRuntime(  584): Shutting down VM
01-06 19:25:32.942 D/dalvikvm(  584): GC_CONCURRENT freed 101K, 71% free 300K/1024K, external 0K/0K, paused 1ms+0ms
01-06 19:25:32.952 D/jdwp    (  584): Got wake-up signal, bailing out of select
01-06 19:25:32.952 D/dalvikvm(  584): Debugger has detached; object registry had 1 entries
01-06 19:25:33.002 D/dalvikvm(  242): GC_CONCURRENT freed 461K, 42% free 4143K/7047K, external 0K/0K, paused 2ms+4ms
01-06 19:25:33.162 D/dalvikvm(  242): GC_FOR_MALLOC freed 373K, 43% free 4102K/7111K, external 0K/0K, paused 64ms
01-06 19:25:33.182 D/Launcher.Model(  242): Got action android.intent.action.PACKAGE_ADDED
01-06 19:25:33.182 D/LauncherSettings(  242): Updating home screen for package com.sonymobile.chkbugreport.testapp
01-06 19:25:33.182 D/ScreenUtils(  242): Updating home screen for package com.sonymobile.chkbugreport.testapp
01-06 19:25:33.192 D/ScreenUtils(  242): Found existing items: [52]
01-06 19:25:33.192 D/ScreenUtils(  242): Updating home screen item 52
01-06 19:25:33.212 D/AllAppsList(  242): Loaded application ChkBugReport-TestApp at (1, 0) of screen 4 under container -100
01-06 19:25:33.302 D/AndroidRuntime(  625): 
01-06 19:25:33.302 D/AndroidRuntime(  625): >>>>>> AndroidRuntime START com.android.internal.os.RuntimeInit <<<<<<
01-06 19:25:33.302 D/AndroidRuntime(  625): CheckJNI is OFF
01-06 19:25:33.302 D/dalvikvm(  625): creating instr width table
01-06 19:25:33.402 D/ApplicationContext(  242): Generate customized icon for com.sonymobile.chkbugreport.testapp.png
01-06 19:25:33.542 D/dalvikvm(  242): GC_CONCURRENT freed 374K, 43% free 4122K/7111K, external 0K/0K, paused 2ms+13ms
01-06 19:25:33.692 D/AndroidRuntime(  625): Calling main entry com.android.commands.am.Am
01-06 19:25:33.732 D/dalvikvm(  151): GC_CONCURRENT freed 543K, 39% free 5161K/8391K, external 0K/0K, paused 3ms+6ms
01-06 19:25:33.742 I/ActivityManager(  151): Starting: Intent { act=android.intent.action.MAIN cat=[android.intent.category.LAUNCHER] flg=0x10000000 cmp=com.sonymobile.chkbugreport.testapp/.MainActivity } from pid 625
01-06 19:25:33.813 D/AndroidRuntime(  625): Shutting down VM
01-06 19:25:33.813 D/dalvikvm(  625): GC_CONCURRENT freed 103K, 69% free 327K/1024K, external 0K/0K, paused 0ms+0ms
01-06 19:25:33.813 D/jdwp    (  625): Got wake-up signal, bailing out of select
01-06 19:25:33.813 D/dalvikvm(  625): Debugger has detached; object registry had 1 entries
01-06 19:25:34.303 W/ActivityManager(  151): Activity pause timeout for HistoryRecord{4075c440 com.android.launcher/com.android.launcher2.Launcher}
01-06 19:25:34.323 I/ActivityManager(  151): Start proc com.sonymobile.chkbugreport.testapp for activity com.sonymobile.chkbugreport.testapp/.MainActivity: pid=636 uid=10045 gids={}
01-06 19:25:34.583 D/dalvikvm(  636): GC_EXTERNAL_ALLOC freed 134K, 49% free 2785K/5379K, external 0K/0K, paused 48ms
01-06 19:25:34.743 I/ActivityManager(  151): Displayed com.sonymobile.chkbugreport.testapp/.MainActivity: +432ms (total +2m33s700ms)
01-06 19:25:34.924 D/dalvikvm(  242): GC_EXPLICIT freed 235K, 43% free 4096K/7111K, external 0K/0K, paused 65ms
01-06 19:25:35.054 D/dalvikvm(  151): GC_FOR_MALLOC freed 447K, 40% free 5113K/8391K, external 0K/0K, paused 49ms
01-06 19:25:36.275 D/dalvikvm(  636): GC_EXTERNAL_ALLOC freed 243K, 50% free 2782K/5511K, external 520K/542K, paused 71ms
01-06 19:25:36.465 I/ActivityManager(  151): Starting: Intent { cmp=com.sonymobile.chkbugreport.testapp/.AIDLDeadlock } from pid 636
01-06 19:25:36.475 D/PhoneWindow(  636): couldn't save which view has focus because the focused view android.widget.ListView@406c77e0 has no id.
01-06 19:25:36.505 I/ActivityManager(  151): Start proc com.sonymobile.chkbugreport.testapp:ext1 for service com.sonymobile.chkbugreport.testapp/.AIDLDeadlockService: pid=644 uid=10045 gids={}
01-06 19:25:36.705 I/System.out(  636): >>> onService Connected
01-06 19:25:36.705 I/System.out(  636): >>> [ACT] doStep1
01-06 19:25:36.735 I/ActivityManager(  151): Displayed com.sonymobile.chkbugreport.testapp/.AIDLDeadlock: +257ms
01-06 19:25:38.717 I/System.out(  644): >>> [SRV] doStep2/
01-06 19:25:40.719 I/System.out(  636): >>> [ACT] /doStep1
01-06 19:25:40.719 I/System.out(  644): >>> [SRV] doStep1
01-06 19:25:41.800 D/dalvikvm(  341): GC_EXPLICIT freed 373K, 49% free 3048K/5959K, external 0K/0K, paused 61ms
01-06 19:25:42.721 I/System.out(  636): >>> [ACT] doStep2/
01-06 19:25:44.723 I/System.out(  644): >>> [SRV] /doStep1
01-06 19:25:46.825 D/dalvikvm(  485): GC_EXPLICIT freed 39K, 52% free 2758K/5639K, external 0K/0K, paused 78ms
01-06 19:25:51.810 D/dalvikvm(  550): GC_EXPLICIT freed 333K, 51% free 2749K/5511K, external 0K/0K, paused 56ms
01-06 19:25:59.998 I/AlarmManager(  151): wakelock acquire, uid:1000 at elapsed real time: 221761
01-06 19:26:00.038 I/AlarmManager(  151): wakelock release, uid:1000 at elapsed real time: 221806
01-06 19:26:29.337 D/PowerManagerService(  151): setPowerState: mPowerState=3 newState=1 noChangeLights=false
01-06 19:26:29.337 D/PowerManagerService(  151):   oldKeyboardBright=false newKeyboardBright=false
01-06 19:26:29.337 D/PowerManagerService(  151):   oldScreenBright=true newScreenBright=false
01-06 19:26:29.337 D/PowerManagerService(  151):   oldButtonBright=false newButtonBright=false
01-06 19:26:29.337 D/PowerManagerService(  151):   oldScreenOn=true newScreenOn=true
01-06 19:26:29.337 D/PowerManagerService(  151):   oldBatteryLow=false newBatteryLow=false
01-06 19:26:29.337 I/PowerManagerService(  151): setTargetLocked mask=2 curValue=255.0 target=5 targetValue=5 delta=-11.363636 nominalCurrentValue=255
01-06 19:26:29.337 D/PowerManagerService(  151): offMask=0x0 dimMask=0x0 onMask=0x4 difference=0x6 realDifference=0x6 forceState=0x0
01-06 19:26:29.337 D/PowerManagerService(  151): jumpToTargetLocked targetValue=5: 2
01-06 19:26:59.997 I/AlarmManager(  151): wakelock acquire, uid:1000 at elapsed real time: 281761
01-06 19:27:00.037 I/AlarmManager(  151): wakelock release, uid:1000 at elapsed real time: 281805
01-06 19:27:59.995 I/AlarmManager(  151): wakelock acquire, uid:1000 at elapsed real time: 341763
01-06 19:28:00.035 I/AlarmManager(  151): wakelock release, uid:1000 at elapsed real time: 341808
01-06 19:28:00.376 D/AndroidRuntime(  654): 
01-06 19:28:00.376 D/AndroidRuntime(  654): >>>>>> AndroidRuntime START com.android.internal.os.RuntimeInit <<<<<<
01-06 19:28:00.376 D/AndroidRuntime(  654): CheckJNI is OFF
01-06 19:28:00.376 D/dalvikvm(  654): creating instr width table
01-06 19:28:00.566 D/AndroidRuntime(  654): Calling main entry com.android.commands.pm.Pm
01-06 19:28:00.566 D/AndroidRuntime(  654): Shutting down VM
01-06 19:28:00.576 D/dalvikvm(  654): GC_CONCURRENT freed 101K, 71% free 302K/1024K, external 0K/0K, paused 0ms+1ms
01-06 19:28:00.576 D/dalvikvm(  654): Debugger has detached; object registry had 1 entries
01-06 19:28:00.726 D/AndroidRuntime(  662): 
01-06 19:28:00.726 D/AndroidRuntime(  662): >>>>>> AndroidRuntime START com.android.internal.os.RuntimeInit <<<<<<
01-06 19:28:00.726 D/AndroidRuntime(  662): CheckJNI is OFF
01-06 19:28:00.726 D/dalvikvm(  662): creating instr width table
01-06 19:28:00.906 D/AndroidRuntime(  662): Calling main entry com.android.commands.am.Am
01-06 19:28:00.916 I/ActivityManager(  151): Force stopping package com.sonymobile.chkbugreport.testapp uid=10045
01-06 19:28:00.926 I/Process (  151): Sending signal. PID: 636 SIG: 9
01-06 19:28:00.936 I/WindowManager(  151): WIN DEATH: Window{408cc240 com.sonymobile.chkbugreport.testapp/com.sonymobile.chkbugreport.testapp.MainActivity paused=false}
01-06 19:28:00.946 I/Process (  151): Sending signal. PID: 644 SIG: 9
01-06 19:28:00.946 I/WindowManager(  151): WIN DEATH: Window{4094e928 com.sonymobile.chkbugreport.testapp/com.sonymobile.chkbugreport.testapp.AIDLDeadlock paused=false}
01-06 19:28:00.956 I/ActivityManager(  151):   Force finishing activity HistoryRecord{408204d0 com.sonymobile.chkbugreport.testapp/.MainActivity}
01-06 19:28:00.986 I/ActivityManager(  151): Starting: Intent { act=android.intent.action.MAIN cat=[android.intent.category.LAUNCHER] flg=0x10000000 cmp=com.sonymobile.chkbugreport.testapp/.MainActivity } from pid 662
01-06 19:28:01.026 D/AndroidRuntime(  662): Shutting down VM
01-06 19:28:01.026 D/dalvikvm(  662): GC_CONCURRENT freed 103K, 68% free 329K/1024K, external 0K/0K, paused 0ms+0ms
01-06 19:28:01.036 D/jdwp    (  662): Got wake-up signal, bailing out of select
01-06 19:28:01.036 D/dalvikvm(  662): Debugger has detached; object registry had 1 entries
01-06 19:28:01.086 I/ActivityManager(  151): Start proc com.sonymobile.chkbugreport.testapp for activity com.sonymobile.chkbugreport.testapp/.MainActivity: pid=671 uid=10045 gids={}
01-06 19:28:01.156 W/InputManagerService(  151): Got RemoteException sending setActive(false) notification to pid 636 uid 10045
01-06 19:28:01.216 W/ActivityThread(  671): Application com.sonymobile.chkbugreport.testapp is waiting for the debugger on port 8100...
01-06 19:28:01.226 I/System.out(  671): Sending WAIT chunk
01-06 19:28:01.246 I/dalvikvm(  671): Debugger is active
01-06 19:28:01.437 I/System.out(  671): Debugger has connected
01-06 19:28:01.437 I/System.out(  671): waiting for debugger to settle...
01-06 19:28:01.437 D/dalvikvm(  151): GC_CONCURRENT freed 565K, 40% free 5106K/8391K, external 0K/0K, paused 5ms+11ms
01-06 19:28:01.637 I/System.out(  671): waiting for debugger to settle...
01-06 19:28:01.837 I/System.out(  671): waiting for debugger to settle...
01-06 19:28:01.877 D/dalvikvm(  242): GC_CONCURRENT freed 464K, 42% free 4144K/7111K, external 0K/0K, paused 2ms+10ms
01-06 19:28:01.927 E/ResourceManager(  242): fail to load image: week_0.png
01-06 19:28:02.017 D/dalvikvm(  242): GC_CONCURRENT freed 505K, 42% free 4135K/7111K, external 0K/0K, paused 2ms+4ms
01-06 19:28:02.037 I/System.out(  671): waiting for debugger to settle...
01-06 19:28:02.107 E/ResourceManager(  242): fail to load image: week_0.png
01-06 19:28:02.237 I/System.out(  671): waiting for debugger to settle...
01-06 19:28:02.438 I/System.out(  671): waiting for debugger to settle...
01-06 19:28:02.608 D/dalvikvm(  151): GC_CONCURRENT freed 432K, 39% free 5145K/8391K, external 0K/0K, paused 4ms+5ms
01-06 19:28:02.638 I/System.out(  671): waiting for debugger to settle...
01-06 19:28:02.838 I/System.out(  671): waiting for debugger to settle...
01-06 19:28:03.038 I/System.out(  671): waiting for debugger to settle...
01-06 19:28:03.238 I/System.out(  671): waiting for debugger to settle...
01-06 19:28:03.439 I/System.out(  671): waiting for debugger to settle...
01-06 19:28:03.649 I/System.out(  671): debugger has settled (1431)
01-06 19:28:04.169 D/dalvikvm(  671): threadid=1: still suspended after undo (sc=1 dc=1)
01-06 19:28:04.289 D/dalvikvm(  671): GC_EXTERNAL_ALLOC freed 136K, 49% free 2786K/5379K, external 0K/0K, paused 40ms
01-06 19:28:04.520 I/ActivityManager(  151): Displayed com.sonymobile.chkbugreport.testapp/.MainActivity: +3s433ms
01-06 19:28:04.600 D/dalvikvm(  242): GC_EXPLICIT freed 303K, 43% free 4112K/7111K, external 0K/0K, paused 60ms
01-06 19:28:09.184 D/PowerManagerService(  151): setPowerState: mPowerState=1 newState=3 noChangeLights=false
01-06 19:28:09.184 D/PowerManagerService(  151):   oldKeyboardBright=false newKeyboardBright=false
01-06 19:28:09.184 D/PowerManagerService(  151):   oldScreenBright=false newScreenBright=true
01-06 19:28:09.184 D/PowerManagerService(  151):   oldButtonBright=false newButtonBright=false
01-06 19:28:09.184 D/PowerManagerService(  151):   oldScreenOn=true newScreenOn=true
01-06 19:28:09.184 D/PowerManagerService(  151):   oldBatteryLow=false newBatteryLow=false
01-06 19:28:09.184 I/PowerManagerService(  151): setTargetLocked mask=2 curValue=5.0 target=255 targetValue=255 delta=16.666666 nominalCurrentValue=5
01-06 19:28:09.184 D/PowerManagerService(  151): offMask=0x0 dimMask=0x0 onMask=0x4 difference=0x6 realDifference=0x6 forceState=0x0
01-06 19:28:09.194 D/PowerManagerService(  151): jumpToTargetLocked targetValue=255: 2
01-06 19:28:09.274 D/dalvikvm(  671): GC_EXTERNAL_ALLOC freed 243K, 50% free 2783K/5511K, external 520K/542K, paused 45ms
01-06 19:28:09.585 I/ActivityManager(  151): Starting: Intent { cmp=com.sonymobile.chkbugreport.testapp/.AIDLDeadlock } from pid 671
01-06 19:28:09.605 D/PhoneWindow(  671): couldn't save which view has focus because the focused view android.widget.ListView@406c84b8 has no id.
01-06 19:28:09.805 I/ActivityManager(  151): Start proc com.sonymobile.chkbugreport.testapp:ext1 for service com.sonymobile.chkbugreport.testapp/.AIDLDeadlockService: pid=680 uid=10045 gids={}
01-06 19:28:09.925 D/dalvikvm(  114): GC_EXPLICIT freed 10K, 49% free 2746K/5379K, external 0K/0K, paused 115ms
01-06 19:28:10.015 D/dalvikvm(  114): GC_EXPLICIT freed <1K, 49% free 2746K/5379K, external 0K/0K, paused 90ms
01-06 19:28:10.105 I/System.out(  671): >>> onService Connected
01-06 19:28:10.115 D/dalvikvm(  114): GC_EXPLICIT freed <1K, 49% free 2746K/5379K, external 0K/0K, paused 91ms
01-06 19:28:10.265 I/ActivityManager(  151): Displayed com.sonymobile.chkbugreport.testapp/.AIDLDeadlock: +655ms
01-06 19:28:14.079 I/dalvikvm(  680): Debugger is active
01-06 19:28:19.594 W/ActivityManager(  151): Launch timeout has expired, giving up wake lock!
01-06 19:28:19.624 W/ActivityManager(  151): Activity idle timeout for HistoryRecord{4088a860 com.sonymobile.chkbugreport.testapp/.AIDLDeadlock}
01-06 19:28:25.820 I/System.out(  671): >>> [ACT] doStep1
01-06 19:28:27.832 I/System.out(  680): >>> [SRV] doStep2/
01-06 19:28:29.844 I/System.out(  671): >>> [ACT] /doStep1
01-06 19:28:59.994 I/AlarmManager(  151): wakelock acquire, uid:1000 at elapsed real time: 401762
01-06 19:29:00.044 I/AlarmManager(  151): wakelock release, uid:1000 at elapsed real time: 401811
01-06 19:29:02.286 D/PowerManagerService(  151): setPowerState: mPowerState=3 newState=1 noChangeLights=false
01-06 19:29:02.286 D/PowerManagerService(  151):   oldKeyboardBright=false newKeyboardBright=false
01-06 19:29:02.286 D/PowerManagerService(  151):   oldScreenBright=true newScreenBright=false
01-06 19:29:02.286 D/PowerManagerService(  151):   oldButtonBright=false newButtonBright=false
01-06 19:29:02.286 D/PowerManagerService(  151):   oldScreenOn=true newScreenOn=true
01-06 19:29:02.286 D/PowerManagerService(  151):   oldBatteryLow=false newBatteryLow=false
01-06 19:29:02.286 I/PowerManagerService(  151): setTargetLocked mask=2 curValue=255.0 target=5 targetValue=5 delta=-11.363636 nominalCurrentValue=255
01-06 19:29:02.296 D/PowerManagerService(  151): offMask=0x0 dimMask=0x0 onMask=0x4 difference=0x6 realDifference=0x6 forceState=0x0
01-06 19:29:02.296 D/PowerManagerService(  151): jumpToTargetLocked targetValue=5: 2
01-06 19:29:21.855 D/dalvikvm(  680): Debugger has detached; object registry had 72 entries
01-06 19:29:26.039 D/dalvikvm(  671): Debugger has detached; object registry had 447 entries
01-06 19:29:26.039 I/dalvikvm(  671): ignoring registerObject request in thread=1
01-06 19:29:26.039 I/dalvikvm(  671): ignoring registerObject request in thread=1
01-06 19:29:26.039 I/System.out(  680): >>> [SRV] doStep1
01-06 19:29:28.041 I/System.out(  671): >>> [ACT] doStep2/
01-06 19:29:30.043 I/System.out(  680): >>> [SRV] /doStep1
01-06 19:29:59.992 I/AlarmManager(  151): wakelock acquire, uid:1000 at elapsed real time: 461760
01-06 19:30:00.032 I/AlarmManager(  151): wakelock release, uid:1000 at elapsed real time: 461808
01-06 19:31:00.001 I/AlarmManager(  151): wakelock acquire, uid:1000 at elapsed real time: 521760
01-06 19:31:00.051 I/AlarmManager(  151): wakelock release, uid:1000 at elapsed real time: 521810
01-06 19:31:44.774 D/AndroidRuntime(  690): 
01-06 19:31:44.774 D/AndroidRuntime(  690): >>>>>> AndroidRuntime START com.android.internal.os.RuntimeInit <<<<<<
01-06 19:31:44.774 D/AndroidRuntime(  690): CheckJNI is OFF
01-06 19:31:44.774 D/dalvikvm(  690): creating instr width table
01-06 19:31:44.965 D/AndroidRuntime(  690): Calling main entry com.android.commands.pm.Pm
01-06 19:31:45.005 D/dalvikvm(  592): GC_EXPLICIT freed 12K, 51% free 2754K/5511K, external 0K/0K, paused 26ms
01-06 19:31:45.015 W/ActivityManager(  151): No content provider found for: 
01-06 19:31:45.025 W/ActivityManager(  151): No content provider found for: 
01-06 19:31:45.035 D/PackageParser(  151): Scanning package: /data/app/vmdl87577844.tmp
01-06 19:31:45.065 I/PackageManager(  151): Removing non-system package:com.sonymobile.chkbugreport.testapp
01-06 19:31:45.065 I/ActivityManager(  151): Force stopping package com.sonymobile.chkbugreport.testapp uid=10045
01-06 19:31:45.075 I/Process (  151): Sending signal. PID: 671 SIG: 9
01-06 19:31:45.085 I/Process (  151): Sending signal. PID: 680 SIG: 9
01-06 19:31:45.085 I/ActivityManager(  151):   Force finishing activity HistoryRecord{408d8e50 com.sonymobile.chkbugreport.testapp/.MainActivity}
01-06 19:31:45.095 E/InputDispatcher(  151): channel '4092ab28 com.sonymobile.chkbugreport.testapp/com.sonymobile.chkbugreport.testapp.MainActivity (server)' ~ Consumer closed input channel or an error occurred.  events=0x8
01-06 19:31:45.095 E/InputDispatcher(  151): channel '4092ab28 com.sonymobile.chkbugreport.testapp/com.sonymobile.chkbugreport.testapp.MainActivity (server)' ~ Channel is unrecoverably broken and will be disposed!
01-06 19:31:45.095 I/WindowManager(  151): WINDOW DIED Window{4092ab28 com.sonymobile.chkbugreport.testapp/com.sonymobile.chkbugreport.testapp.MainActivity paused=true}
01-06 19:31:45.105 I/WindowManager(  151): WIN DEATH: Window{40839578 com.sonymobile.chkbugreport.testapp/com.sonymobile.chkbugreport.testapp.AIDLDeadlock paused=false}
01-06 19:31:45.235 D/dalvikvm(  151): GC_CONCURRENT freed 490K, 39% free 5136K/8391K, external 0K/0K, paused 3ms+4ms
01-06 19:31:45.295 D/PackageManager(  151): Scanning package com.sonymobile.chkbugreport.testapp
01-06 19:31:45.305 I/PackageManager(  151): Package com.sonymobile.chkbugreport.testapp codePath changed from /data/app/com.sonymobile.chkbugreport.testapp-1.apk to /data/app/com.sonymobile.chkbugreport.testapp-2.apk; Retaining data and using new
01-06 19:31:45.325 D/installd(  117): DexInv: --- BEGIN '/data/app/com.sonymobile.chkbugreport.testapp-2.apk' ---
01-06 19:31:45.395 D/dalvikvm(  699): creating instr width table
01-06 19:31:45.415 W/InputManagerService(  151): Got RemoteException sending setActive(false) notification to pid 671 uid 10045
01-06 19:31:45.505 D/dalvikvm(  699): DexOpt: load 19ms, verify+opt 71ms
01-06 19:31:45.515 D/installd(  117): DexInv: --- END '/data/app/com.sonymobile.chkbugreport.testapp-2.apk' (success) ---
01-06 19:31:45.515 I/PackageManager(  151): Unpacking native libraries for /data/app/com.sonymobile.chkbugreport.testapp-2.apk
01-06 19:31:45.565 D/installd(  117): DexInv: --- BEGIN '/data/app/com.sonymobile.chkbugreport.testapp-2.apk' ---
01-06 19:31:45.605 D/dalvikvm(  700): creating instr width table
01-06 19:31:45.775 D/dalvikvm(  700): DexOpt: load 21ms, verify+opt 111ms
01-06 19:31:45.805 D/installd(  117): DexInv: --- END '/data/app/com.sonymobile.chkbugreport.testapp-2.apk' (success) ---
01-06 19:31:45.805 I/ActivityManager(  151): Force stopping package com.sonymobile.chkbugreport.testapp uid=10045
01-06 19:31:45.825 W/PackageManager(  151): Code path for pkg : com.sonymobile.chkbugreport.testapp changing from /data/app/com.sonymobile.chkbugreport.testapp-1.apk to /data/app/com.sonymobile.chkbugreport.testapp-2.apk
01-06 19:31:45.845 D/dalvikvm(  242): GC_CONCURRENT freed 453K, 42% free 4171K/7111K, external 0K/0K, paused 3ms+9ms
01-06 19:31:45.845 W/PackageManager(  151): Resource path for pkg : com.sonymobile.chkbugreport.testapp changing from /data/app/com.sonymobile.chkbugreport.testapp-1.apk to /data/app/com.sonymobile.chkbugreport.testapp-2.apk
01-06 19:31:45.866 D/PackageManager(  151):   Services: com.sonymobile.chkbugreport.testapp.AIDLDeadlockService
01-06 19:31:45.866 E/ResourceManager(  242): fail to load image: week_0.png
01-06 19:31:45.876 D/PackageManager(  151):   Activities: com.sonymobile.chkbugreport.testapp.MainActivity com.sonymobile.chkbugreport.testapp.Deadlock com.sonymobile.chkbugreport.testapp.AIDLDeadlock
01-06 19:31:45.916 E/ResourceManager(  242): fail to load image: week_0.png
01-06 19:31:46.086 I/installd(  117): move /data/dalvik-cache/data@app@com.sonymobile.chkbugreport.testapp-2.apk@classes.dex -> /data/dalvik-cache/data@app@com.sonymobile.chkbugreport.testapp-2.apk@classes.dex
01-06 19:31:46.086 D/PackageManager(  151): New package installed in /data/app/com.sonymobile.chkbugreport.testapp-2.apk
01-06 19:31:46.186 I/ActivityManager(  151): Force stopping package com.sonymobile.chkbugreport.testapp uid=10045
01-06 19:31:46.276 D/Launcher.Model(  242): Got action android.intent.action.PACKAGE_REMOVED
01-06 19:31:46.286 D/LauncherSettings(  242): Updating home screen for package com.sonymobile.chkbugreport.testapp
01-06 19:31:46.286 D/ScreenUtils(  242): Updating home screen for package com.sonymobile.chkbugreport.testapp
01-06 19:31:46.286 D/ScreenUtils(  242): Found existing items: [52]
01-06 19:31:46.286 D/ScreenUtils(  242): Updating home screen item 52
01-06 19:31:46.306 D/dalvikvm(  267): GC_EXPLICIT freed 193K, 47% free 3236K/6023K, external 0K/0K, paused 104ms
01-06 19:31:46.376 D/VoiceDialerReceiver(  550): onReceive Intent { act=android.intent.action.PACKAGE_REMOVED dat=package:com.sonymobile.chkbugreport.testapp flg=0x10000000 cmp=com.android.voicedialer/.VoiceDialerReceiver (has extras) }
01-06 19:31:46.376 V/RecognizerEngine(  550): deleteCachedGrammarFiles /data/data/com.android.voicedialer/files/openentries.txt
01-06 19:31:46.416 D/GTalkService(  264): handlePackageInstalled: re-initialize providers
01-06 19:31:46.416 D/GTalkService(  264): [RawStanzaProvidersMgr] ##### searchProvidersFromIntent
01-06 19:31:46.416 D/GTalkService(  264): [RawStanzaProvidersMgr] no intent receivers found
01-06 19:31:46.466 D/InstallReceiver(  603): com.sonymobile.chkbugreport.testapp
01-06 19:31:46.486 D/VoiceDialerReceiver(  550): onReceive Intent { act=android.intent.action.PACKAGE_ADDED dat=package:com.sonymobile.chkbugreport.testapp flg=0x10000000 cmp=com.android.voicedialer/.VoiceDialerReceiver (has extras) }
01-06 19:31:46.486 V/RecognizerEngine(  550): deleteCachedGrammarFiles /data/data/com.android.voicedialer/files/openentries.txt
01-06 19:31:46.526 D/dalvikvm(  242): GC_CONCURRENT freed 528K, 42% free 4154K/7111K, external 0K/0K, paused 2ms+42ms
01-06 19:31:46.526 D/Launcher.Model(  242): Got action android.intent.action.PACKAGE_ADDED
01-06 19:31:46.536 D/LauncherSettings(  242): Updating home screen for package com.sonymobile.chkbugreport.testapp
01-06 19:31:46.546 D/ScreenUtils(  242): Updating home screen for package com.sonymobile.chkbugreport.testapp
01-06 19:31:46.556 D/ScreenUtils(  242): Found existing items: [52]
01-06 19:31:46.556 D/ScreenUtils(  242): Updating home screen item 52
01-06 19:31:46.606 D/dalvikvm(  151): GC_CONCURRENT freed 489K, 38% free 5250K/8391K, external 0K/0K, paused 3ms+5ms
01-06 19:31:46.666 D/dalvikvm(  151): GC_EXPLICIT freed 35K, 38% free 5215K/8391K, external 0K/0K, paused 53ms
01-06 19:31:46.666 W/RecognitionManagerService(  151): no available voice recognition services found
01-06 19:31:46.676 D/AllAppsList(  242): Loaded application ChkBugReport-TestApp at (1, 0) of screen 4 under container -100
01-06 19:31:46.766 I/installd(  117): unlink /data/dalvik-cache/data@app@com.sonymobile.chkbugreport.testapp-1.apk@classes.dex
01-06 19:31:46.796 D/AndroidRuntime(  690): Shutting down VM
01-06 19:31:46.796 D/dalvikvm(  690): GC_CONCURRENT freed 101K, 71% free 300K/1024K, external 0K/0K, paused 1ms+1ms
01-06 19:31:46.796 D/jdwp    (  690): Got wake-up signal, bailing out of select
01-06 19:31:46.796 D/dalvikvm(  690): Debugger has detached; object registry had 1 entries
01-06 19:31:46.856 D/dalvikvm(  151): GC_CONCURRENT freed 654K, 39% free 5182K/8391K, external 0K/0K, paused 3ms+6ms
01-06 19:31:46.876 W/Searchables(  151): No web search activity found
01-06 19:31:46.987 D/AndroidRuntime(  705): 
01-06 19:31:46.987 D/AndroidRuntime(  705): >>>>>> AndroidRuntime START com.android.internal.os.RuntimeInit <<<<<<
01-06 19:31:46.987 D/AndroidRuntime(  705): CheckJNI is OFF
01-06 19:31:46.987 D/dalvikvm(  705): creating instr width table
01-06 19:31:47.167 D/AndroidRuntime(  705): Calling main entry com.android.commands.am.Am
01-06 19:31:47.177 I/ActivityManager(  151): Starting: Intent { act=android.intent.action.MAIN cat=[android.intent.category.LAUNCHER] flg=0x10000000 cmp=com.sonymobile.chkbugreport.testapp/.MainActivity } from pid 705
01-06 19:31:47.307 D/AndroidRuntime(  705): Shutting down VM
01-06 19:31:47.307 D/dalvikvm(  705): GC_CONCURRENT freed 103K, 69% free 327K/1024K, external 0K/0K, paused 0ms+0ms
01-06 19:31:47.327 D/jdwp    (  705): Got wake-up signal, bailing out of select
01-06 19:31:47.327 D/dalvikvm(  705): Debugger has detached; object registry had 1 entries
01-06 19:31:47.417 I/ActivityManager(  151): Start proc com.sonymobile.chkbugreport.testapp for activity com.sonymobile.chkbugreport.testapp/.MainActivity: pid=714 uid=10045 gids={}
01-06 19:31:47.607 D/dalvikvm(  242): GC_CONCURRENT freed 392K, 42% free 4165K/7111K, external 0K/0K, paused 3ms+7ms
01-06 19:31:47.677 D/dalvikvm(  714): GC_EXTERNAL_ALLOC freed 127K, 49% free 2785K/5379K, external 0K/0K, paused 45ms
01-06 19:31:47.837 I/ActivityManager(  151): Displayed com.sonymobile.chkbugreport.testapp/.MainActivity: +426ms
01-06 19:31:47.918 D/ApplicationContext(  242): Generate customized icon for com.sonymobile.chkbugreport.testapp.png
01-06 19:31:47.998 D/dalvikvm(  242): GC_FOR_MALLOC freed 327K, 43% free 4084K/7111K, external 0K/0K, paused 61ms
01-06 19:31:48.198 D/dalvikvm(  151): GC_CONCURRENT freed 631K, 40% free 5106K/8391K, external 0K/0K, paused 3ms+6ms
01-06 19:31:48.818 D/dalvikvm(  242): GC_EXPLICIT freed 285K, 43% free 4081K/7111K, external 0K/0K, paused 39ms
01-06 19:31:51.811 D/PowerManagerService(  151): setPowerState: mPowerState=1 newState=3 noChangeLights=false
01-06 19:31:51.811 D/PowerManagerService(  151):   oldKeyboardBright=false newKeyboardBright=false
01-06 19:31:51.811 D/PowerManagerService(  151):   oldScreenBright=false newScreenBright=true
01-06 19:31:51.811 D/PowerManagerService(  151):   oldButtonBright=false newButtonBright=false
01-06 19:31:51.811 D/PowerManagerService(  151):   oldScreenOn=true newScreenOn=true
01-06 19:31:51.811 D/PowerManagerService(  151):   oldBatteryLow=false newBatteryLow=false
01-06 19:31:51.811 I/PowerManagerService(  151): setTargetLocked mask=2 curValue=5.0 target=255 targetValue=255 delta=16.666666 nominalCurrentValue=5
01-06 19:31:51.811 D/PowerManagerService(  151): offMask=0x0 dimMask=0x0 onMask=0x4 difference=0x6 realDifference=0x6 forceState=0x0
01-06 19:31:51.811 D/PowerManagerService(  151): jumpToTargetLocked targetValue=255: 2
01-06 19:31:51.881 D/dalvikvm(  714): GC_EXTERNAL_ALLOC freed 243K, 50% free 2782K/5511K, external 520K/542K, paused 57ms
01-06 19:31:52.072 I/ActivityManager(  151): Starting: Intent { cmp=com.sonymobile.chkbugreport.testapp/.AIDLDeadlock } from pid 714
01-06 19:31:52.082 D/PhoneWindow(  714): couldn't save which view has focus because the focused view android.widget.ListView@406c5ae8 has no id.
01-06 19:31:52.122 I/ActivityManager(  151): Start proc com.sonymobile.chkbugreport.testapp:ext1 for service com.sonymobile.chkbugreport.testapp/.AIDLDeadlockService: pid=722 uid=10045 gids={}
01-06 19:31:52.342 I/System.out(  714): >>> onService Connected
01-06 19:31:52.352 I/ActivityManager(  151): Displayed com.sonymobile.chkbugreport.testapp/.AIDLDeadlock: +266ms
01-06 19:31:54.354 I/System.out(  722): >>> [SRV] doStep1
01-06 19:31:56.356 I/System.out(  714): >>> [ACT] doStep2/
01-06 19:31:57.427 D/dalvikvm(  592): GC_EXPLICIT freed 8K, 51% free 2752K/5511K, external 0K/0K, paused 56ms
01-06 19:31:58.358 I/System.out(  722): >>> [SRV] /doStep1
01-06 19:31:58.518 I/System.out(  714): >>> [ACT] doStep1
01-06 19:31:59.999 I/AlarmManager(  151): wakelock acquire, uid:1000 at elapsed real time: 581762
01-06 19:32:00.049 I/AlarmManager(  151): wakelock release, uid:1000 at elapsed real time: 581812
01-06 19:32:00.520 I/System.out(  722): >>> [SRV] doStep2/
01-06 19:32:02.512 I/System.out(  714): >>> [ACT] /doStep1
01-06 19:32:05.104 D/dalvikvm(  603): GC_EXPLICIT freed 390K, 51% free 2754K/5575K, external 0K/0K, paused 55ms
01-06 19:32:10.129 D/dalvikvm(  611): GC_EXPLICIT freed 322K, 50% free 2758K/5511K, external 0K/0K, paused 67ms
01-06 19:32:15.124 D/dalvikvm(  341): GC_EXPLICIT freed 21K, 50% free 3038K/5959K, external 0K/0K, paused 60ms
01-06 19:32:18.968 D/dalvikvm(  218): GC_CONCURRENT freed 680K, 51% free 3138K/6279K, external 2709K/2996K, paused 7ms+3ms
01-06 19:32:20.139 D/dalvikvm(  485): GC_EXPLICIT freed 3K, 52% free 2758K/5639K, external 0K/0K, paused 63ms
01-06 19:32:25.154 D/dalvikvm(  550): GC_EXPLICIT freed 11K, 51% free 2748K/5511K, external 0K/0K, paused 79ms
01-06 19:32:44.923 D/PowerManagerService(  151): setPowerState: mPowerState=3 newState=1 noChangeLights=false
01-06 19:32:44.923 D/PowerManagerService(  151):   oldKeyboardBright=false newKeyboardBright=false
01-06 19:32:44.923 D/PowerManagerService(  151):   oldScreenBright=true newScreenBright=false
01-06 19:32:44.923 D/PowerManagerService(  151):   oldButtonBright=false newButtonBright=false
01-06 19:32:44.923 D/PowerManagerService(  151):   oldScreenOn=true newScreenOn=true
01-06 19:32:44.923 D/PowerManagerService(  151):   oldBatteryLow=false newBatteryLow=false
01-06 19:32:44.923 I/PowerManagerService(  151): setTargetLocked mask=2 curValue=255.0 target=5 targetValue=5 delta=-11.363636 nominalCurrentValue=255
01-06 19:32:44.923 D/PowerManagerService(  151): offMask=0x0 dimMask=0x0 onMask=0x4 difference=0x6 realDifference=0x6 forceState=0x0
01-06 19:32:44.923 D/PowerManagerService(  151): jumpToTargetLocked targetValue=5: 2
01-06 19:32:52.701 I/AlarmManager(  151): wakelock acquire, uid:10039 at elapsed real time: 634464
01-06 19:32:52.721 I/AlarmManager(  151): wakelock release, uid:10039 at elapsed real time: 634479
01-06 19:32:59.998 I/AlarmManager(  151): wakelock acquire, uid:1000 at elapsed real time: 641761
01-06 19:33:00.048 I/AlarmManager(  151): wakelock release, uid:1000 at elapsed real time: 641814
01-06 19:33:00.939 D/AndroidRuntime(  733): 
01-06 19:33:00.939 D/AndroidRuntime(  733): >>>>>> AndroidRuntime START com.android.internal.os.RuntimeInit <<<<<<
01-06 19:33:00.939 D/AndroidRuntime(  733): CheckJNI is OFF
01-06 19:33:00.939 D/dalvikvm(  733): creating instr width table
01-06 19:33:01.119 D/AndroidRuntime(  733): Calling main entry com.android.commands.pm.Pm
01-06 19:33:01.169 D/dalvikvm(  592): GC_EXPLICIT freed 3K, 51% free 2753K/5511K, external 0K/0K, paused 26ms
01-06 19:33:01.169 W/ActivityManager(  151): No content provider found for: 
01-06 19:33:01.189 D/PackageParser(  151): Scanning package: /data/app/vmdl1172220052.tmp
01-06 19:33:01.189 W/ActivityManager(  151): No content provider found for: 
01-06 19:33:01.229 I/PackageManager(  151): Removing non-system package:com.sonymobile.chkbugreport.testapp
01-06 19:33:01.229 I/ActivityManager(  151): Force stopping package com.sonymobile.chkbugreport.testapp uid=10045
01-06 19:33:01.249 I/Process (  151): Sending signal. PID: 714 SIG: 9
01-06 19:33:01.249 I/Process (  151): Sending signal. PID: 722 SIG: 9
01-06 19:33:01.259 I/ActivityManager(  151):   Force finishing activity HistoryRecord{408204d0 com.sonymobile.chkbugreport.testapp/.MainActivity}
01-06 19:33:01.289 I/WindowManager(  151): WIN DEATH: Window{408e03c0 com.sonymobile.chkbugreport.testapp/com.sonymobile.chkbugreport.testapp.MainActivity paused=true}
01-06 19:33:01.289 I/WindowManager(  151): WIN DEATH: Window{409a2888 com.sonymobile.chkbugreport.testapp/com.sonymobile.chkbugreport.testapp.AIDLDeadlock paused=false}
01-06 19:33:01.429 D/PackageManager(  151): Scanning package com.sonymobile.chkbugreport.testapp
01-06 19:33:01.459 I/PackageManager(  151): Package com.sonymobile.chkbugreport.testapp codePath changed from /data/app/com.sonymobile.chkbugreport.testapp-2.apk to /data/app/com.sonymobile.chkbugreport.testapp-1.apk; Retaining data and using new
01-06 19:33:01.469 W/InputManagerService(  151): Got RemoteException sending setActive(false) notification to pid 714 uid 10045
01-06 19:33:01.509 D/installd(  117): DexInv: --- BEGIN '/data/app/com.sonymobile.chkbugreport.testapp-1.apk' ---
01-06 19:33:01.549 D/dalvikvm(  742): creating instr width table
01-06 19:33:01.679 D/dalvikvm(  742): DexOpt: load 33ms, verify+opt 85ms
01-06 19:33:01.699 D/installd(  117): DexInv: --- END '/data/app/com.sonymobile.chkbugreport.testapp-1.apk' (success) ---
01-06 19:33:01.699 I/PackageManager(  151): Unpacking native libraries for /data/app/com.sonymobile.chkbugreport.testapp-1.apk
01-06 19:33:01.730 D/installd(  117): DexInv: --- BEGIN '/data/app/com.sonymobile.chkbugreport.testapp-1.apk' ---
01-06 19:33:01.800 D/dalvikvm(  743): creating instr width table
01-06 19:33:01.910 D/dalvikvm(  743): DexOpt: load 30ms, verify+opt 80ms
01-06 19:33:01.930 D/installd(  117): DexInv: --- END '/data/app/com.sonymobile.chkbugreport.testapp-1.apk' (success) ---
01-06 19:33:01.940 I/ActivityManager(  151): Force stopping package com.sonymobile.chkbugreport.testapp uid=10045
01-06 19:33:01.950 W/PackageManager(  151): Code path for pkg : com.sonymobile.chkbugreport.testapp changing from /data/app/com.sonymobile.chkbugreport.testapp-2.apk to /data/app/com.sonymobile.chkbugreport.testapp-1.apk
01-06 19:33:01.960 D/dalvikvm(  242): GC_CONCURRENT freed 411K, 42% free 4179K/7111K, external 0K/0K, paused 7ms+4ms
01-06 19:33:01.960 W/PackageManager(  151): Resource path for pkg : com.sonymobile.chkbugreport.testapp changing from /data/app/com.sonymobile.chkbugreport.testapp-2.apk to /data/app/com.sonymobile.chkbugreport.testapp-1.apk
01-06 19:33:01.970 E/ResourceManager(  242): fail to load image: week_0.png
01-06 19:33:01.970 D/PackageManager(  151):   Services: com.sonymobile.chkbugreport.testapp.AIDLDeadlockService
01-06 19:33:01.970 D/PackageManager(  151):   Activities: com.sonymobile.chkbugreport.testapp.MainActivity com.sonymobile.chkbugreport.testapp.Deadlock com.sonymobile.chkbugreport.testapp.AIDLDeadlock
01-06 19:33:02.020 E/ResourceManager(  242): fail to load image: week_0.png
01-06 19:33:02.210 D/dalvikvm(  151): GC_CONCURRENT freed 508K, 39% free 5137K/8391K, external 0K/0K, paused 3ms+5ms
01-06 19:33:02.290 I/installd(  117): move /data/dalvik-cache/data@app@com.sonymobile.chkbugreport.testapp-1.apk@classes.dex -> /data/dalvik-cache/data@app@com.sonymobile.chkbugreport.testapp-1.apk@classes.dex
01-06 19:33:02.290 D/PackageManager(  151): New package installed in /data/app/com.sonymobile.chkbugreport.testapp-1.apk
01-06 19:33:02.390 I/ActivityManager(  151): Force stopping package com.sonymobile.chkbugreport.testapp uid=10045
01-06 19:33:02.470 D/Launcher.Model(  242): Got action android.intent.action.PACKAGE_REMOVED
01-06 19:33:02.480 D/LauncherSettings(  242): Updating home screen for package com.sonymobile.chkbugreport.testapp
01-06 19:33:02.480 D/ScreenUtils(  242): Updating home screen for package com.sonymobile.chkbugreport.testapp
01-06 19:33:02.480 D/ScreenUtils(  242): Found existing items: [52]
01-06 19:33:02.480 D/ScreenUtils(  242): Updating home screen item 52
01-06 19:33:02.510 D/VoiceDialerReceiver(  550): onReceive Intent { act=android.intent.action.PACKAGE_REMOVED dat=package:com.sonymobile.chkbugreport.testapp flg=0x10000000 cmp=com.android.voicedialer/.VoiceDialerReceiver (has extras) }
01-06 19:33:02.510 V/RecognizerEngine(  550): deleteCachedGrammarFiles /data/data/com.android.voicedialer/files/openentries.txt
01-06 19:33:02.570 D/dalvikvm(  242): GC_CONCURRENT freed 528K, 42% free 4163K/7111K, external 0K/0K, paused 3ms+4ms
01-06 19:33:02.580 D/dalvikvm(  267): GC_EXPLICIT freed 317K, 47% free 3236K/6023K, external 0K/0K, paused 171ms
01-06 19:33:02.610 D/GTalkService(  264): handlePackageInstalled: re-initialize providers
01-06 19:33:02.610 D/GTalkService(  264): [RawStanzaProvidersMgr] ##### searchProvidersFromIntent
01-06 19:33:02.620 D/GTalkService(  264): [RawStanzaProvidersMgr] no intent receivers found
01-06 19:33:02.640 D/InstallReceiver(  603): com.sonymobile.chkbugreport.testapp
01-06 19:33:02.660 D/VoiceDialerReceiver(  550): onReceive Intent { act=android.intent.action.PACKAGE_ADDED dat=package:com.sonymobile.chkbugreport.testapp flg=0x10000000 cmp=com.android.voicedialer/.VoiceDialerReceiver (has extras) }
01-06 19:33:02.660 V/RecognizerEngine(  550): deleteCachedGrammarFiles /data/data/com.android.voicedialer/files/openentries.txt
01-06 19:33:02.761 D/dalvikvm(  151): GC_EXPLICIT freed 361K, 38% free 5252K/8391K, external 0K/0K, paused 58ms
01-06 19:33:02.771 W/RecognitionManagerService(  151): no available voice recognition services found
01-06 19:33:02.811 I/installd(  117): unlink /data/dalvik-cache/data@app@com.sonymobile.chkbugreport.testapp-2.apk@classes.dex
01-06 19:33:02.891 D/dalvikvm(  151): GC_CONCURRENT freed 516K, 37% free 5294K/8391K, external 0K/0K, paused 3ms+7ms
01-06 19:33:02.911 D/AndroidRuntime(  733): Shutting down VM
01-06 19:33:02.921 D/dalvikvm(  733): GC_CONCURRENT freed 101K, 71% free 300K/1024K, external 0K/0K, paused 1ms+0ms
01-06 19:33:02.921 D/jdwp    (  733): Got wake-up signal, bailing out of select
01-06 19:33:02.921 D/dalvikvm(  733): Debugger has detached; object registry had 1 entries
01-06 19:33:02.951 W/Searchables(  151): No web search activity found
01-06 19:33:03.221 D/AndroidRuntime(  748): 
01-06 19:33:03.221 D/AndroidRuntime(  748): >>>>>> AndroidRuntime START com.android.internal.os.RuntimeInit <<<<<<
01-06 19:33:03.221 D/AndroidRuntime(  748): CheckJNI is OFF
01-06 19:33:03.221 D/dalvikvm(  748): creating instr width table
01-06 19:33:03.251 D/Launcher.Model(  242): Got action android.intent.action.PACKAGE_ADDED
01-06 19:33:03.261 D/LauncherSettings(  242): Updating home screen for package com.sonymobile.chkbugreport.testapp
01-06 19:33:03.261 D/ScreenUtils(  242): Updating home screen for package com.sonymobile.chkbugreport.testapp
01-06 19:33:03.261 D/ScreenUtils(  242): Found existing items: [52]
01-06 19:33:03.271 D/ScreenUtils(  242): Updating home screen item 52
01-06 19:33:03.301 D/AllAppsList(  242): Loaded application ChkBugReport-TestApp at (1, 0) of screen 4 under container -100
01-06 19:33:03.311 D/dalvikvm(  242): GC_CONCURRENT freed 468K, 41% free 4197K/7111K, external 0K/0K, paused 2ms+15ms
01-06 19:33:03.471 D/ApplicationContext(  242): Generate customized icon for com.sonymobile.chkbugreport.testapp.png
01-06 19:33:03.541 D/dalvikvm(  242): GC_FOR_MALLOC freed 109K, 42% free 4186K/7111K, external 0K/0K, paused 68ms
01-06 19:33:03.541 I/dalvikvm-heap(  242): Grow heap (frag case) to 6.459MB for 32416-byte allocation
01-06 19:33:03.611 D/AndroidRuntime(  748): Calling main entry com.android.commands.am.Am
01-06 19:33:03.631 D/dalvikvm(  242): GC_FOR_MALLOC freed 74K, 43% free 4142K/7175K, external 0K/0K, paused 69ms
01-06 19:33:03.641 I/ActivityManager(  151): Starting: Intent { act=android.intent.action.MAIN cat=[android.intent.category.LAUNCHER] flg=0x10000000 cmp=com.sonymobile.chkbugreport.testapp/.MainActivity } from pid 748
01-06 19:33:03.711 D/dalvikvm(  242): GC_FOR_MALLOC freed 193K, 43% free 4125K/7175K, external 0K/0K, paused 60ms
01-06 19:33:03.772 D/AndroidRuntime(  748): Shutting down VM
01-06 19:33:03.782 D/dalvikvm(  748): GC_CONCURRENT freed 103K, 69% free 327K/1024K, external 0K/0K, paused 1ms+1ms
01-06 19:33:03.792 D/jdwp    (  748): Got wake-up signal, bailing out of select
01-06 19:33:03.792 D/dalvikvm(  748): Debugger has detached; object registry had 1 entries
01-06 19:33:03.802 I/AndroidRuntime(  748): NOTE: attach of thread 'Binder Thread #3' failed
01-06 19:33:03.922 D/dalvikvm(  151): GC_CONCURRENT freed 763K, 39% free 5173K/8391K, external 0K/0K, paused 3ms+5ms
01-06 19:33:04.272 W/ActivityManager(  151): Activity pause timeout for HistoryRecord{4075c440 com.android.launcher/com.android.launcher2.Launcher}
01-06 19:33:04.282 I/ActivityManager(  151): Start proc com.sonymobile.chkbugreport.testapp for activity com.sonymobile.chkbugreport.testapp/.MainActivity: pid=757 uid=10045 gids={}
01-06 19:33:04.482 D/dalvikvm(  757): GC_EXTERNAL_ALLOC freed 128K, 49% free 2785K/5379K, external 0K/0K, paused 44ms
01-06 19:33:04.672 I/ActivityManager(  151): Displayed com.sonymobile.chkbugreport.testapp/.MainActivity: +399ms
01-06 19:33:04.853 D/dalvikvm(  242): GC_EXPLICIT freed 283K, 43% free 4093K/7175K, external 0K/0K, paused 63ms
01-06 19:33:06.935 D/PowerManagerService(  151): setPowerState: mPowerState=1 newState=3 noChangeLights=false
01-06 19:33:06.935 D/PowerManagerService(  151):   oldKeyboardBright=false newKeyboardBright=false
01-06 19:33:06.935 D/PowerManagerService(  151):   oldScreenBright=false newScreenBright=true
01-06 19:33:06.935 D/PowerManagerService(  151):   oldButtonBright=false newButtonBright=false
01-06 19:33:06.935 D/PowerManagerService(  151):   oldScreenOn=true newScreenOn=true
01-06 19:33:06.935 D/PowerManagerService(  151):   oldBatteryLow=false newBatteryLow=false
01-06 19:33:06.935 I/PowerManagerService(  151): setTargetLocked mask=2 curValue=5.0 target=255 targetValue=255 delta=16.666666 nominalCurrentValue=5
01-06 19:33:06.935 D/PowerManagerService(  151): offMask=0x0 dimMask=0x0 onMask=0x4 difference=0x6 realDifference=0x6 forceState=0x0
01-06 19:33:06.945 D/PowerManagerService(  151): jumpToTargetLocked targetValue=255: 2
01-06 19:33:07.005 D/dalvikvm(  757): GC_EXTERNAL_ALLOC freed 244K, 50% free 2782K/5511K, external 520K/542K, paused 54ms
01-06 19:33:07.205 I/ActivityManager(  151): Starting: Intent { cmp=com.sonymobile.chkbugreport.testapp/.AIDLDeadlock } from pid 757
01-06 19:33:07.215 D/PhoneWindow(  757): couldn't save which view has focus because the focused view android.widget.ListView@406c61a0 has no id.
01-06 19:33:07.245 I/ActivityManager(  151): Start proc com.sonymobile.chkbugreport.testapp:ext1 for service com.sonymobile.chkbugreport.testapp/.AIDLDeadlockService: pid=766 uid=10045 gids={}
01-06 19:33:07.455 I/System.out(  757): >>> onService Connected
01-06 19:33:07.455 I/System.out(  766): >>> [SRV] doStep1
01-06 19:33:07.525 I/ActivityManager(  151): Displayed com.sonymobile.chkbugreport.testapp/.AIDLDeadlock: +304ms
01-06 19:33:09.467 I/System.out(  757): >>> [ACT] doStep2/
01-06 19:33:11.469 I/System.out(  766): >>> [SRV] /doStep1
01-06 19:33:11.579 I/System.out(  757): >>> [ACT] doStep1
01-06 19:33:12.590 D/dalvikvm(  592): GC_EXPLICIT freed 7K, 51% free 2752K/5511K, external 0K/0K, paused 56ms
01-06 19:33:13.581 I/System.out(  766): >>> [SRV] doStep2/
01-06 19:33:15.583 I/System.out(  757): >>> [ACT] /doStep1
01-06 19:33:59.996 I/AlarmManager(  151): wakelock acquire, uid:1000 at elapsed real time: 701760
01-06 19:34:00.026 D/PowerManagerService(  151): setPowerState: mPowerState=3 newState=1 noChangeLights=false
01-06 19:34:00.026 D/PowerManagerService(  151):   oldKeyboardBright=false newKeyboardBright=false
01-06 19:34:00.026 D/PowerManagerService(  151):   oldScreenBright=true newScreenBright=false
01-06 19:34:00.026 D/PowerManagerService(  151):   oldButtonBright=false newButtonBright=false
01-06 19:34:00.026 D/PowerManagerService(  151):   oldScreenOn=true newScreenOn=true
01-06 19:34:00.026 D/PowerManagerService(  151):   oldBatteryLow=false newBatteryLow=false
01-06 19:34:00.026 I/PowerManagerService(  151): setTargetLocked mask=2 curValue=255.0 target=5 targetValue=5 delta=-11.363636 nominalCurrentValue=255
01-06 19:34:00.026 D/PowerManagerService(  151): offMask=0x0 dimMask=0x0 onMask=0x4 difference=0x6 realDifference=0x6 forceState=0x0
01-06 19:34:00.026 D/PowerManagerService(  151): jumpToTargetLocked targetValue=5: 2
01-06 19:34:00.046 I/AlarmManager(  151): wakelock release, uid:1000 at elapsed real time: 701818
01-06 19:34:11.137 I/AlarmManager(  151): wakelock acquire, uid:1000 at elapsed real time: 712906
01-06 19:34:11.147 D/SntpClient(  151): request time failed: java.net.UnknownHostException: cn.pool.ntp.org
01-06 19:34:11.167 I/AlarmManager(  151): wakelock release, uid:1000 at elapsed real time: 712935
01-06 19:34:11.187 D/SntpClient(  151): request time failed: java.net.UnknownHostException: cn.pool.ntp.org
01-06 19:34:11.187 D/SntpClient(  151): request time failed: java.net.UnknownHostException: cn.pool.ntp.org
01-06 19:34:59.995 I/AlarmManager(  151): wakelock acquire, uid:1000 at elapsed real time: 761760
01-06 19:35:00.045 I/AlarmManager(  151): wakelock release, uid:1000 at elapsed real time: 761811
01-06 19:35:59.993 I/AlarmManager(  151): wakelock acquire, uid:1000 at elapsed real time: 821760
01-06 19:36:00.033 I/AlarmManager(  151): wakelock release, uid:1000 at elapsed real time: 821805
01-06 19:36:59.021 D/AndroidRuntime(  776): 
01-06 19:36:59.021 D/AndroidRuntime(  776): >>>>>> AndroidRuntime START com.android.internal.os.RuntimeInit <<<<<<
01-06 19:36:59.021 D/AndroidRuntime(  776): CheckJNI is OFF
01-06 19:36:59.021 D/dalvikvm(  776): creating instr width table
01-06 19:36:59.201 D/AndroidRuntime(  776): Calling main entry com.android.commands.pm.Pm
01-06 19:36:59.241 D/dalvikvm(  592): GC_EXPLICIT freed 3K, 51% free 2753K/5511K, external 0K/0K, paused 26ms
01-06 19:36:59.251 W/ActivityManager(  151): No content provider found for: 
01-06 19:36:59.261 W/ActivityManager(  151): No content provider found for: 
01-06 19:36:59.271 D/PackageParser(  151): Scanning package: /data/app/vmdl-1772642573.tmp
01-06 19:36:59.381 D/dalvikvm(  151): GC_CONCURRENT freed 548K, 39% free 5131K/8391K, external 0K/0K, paused 3ms+3ms
01-06 19:36:59.381 I/PackageManager(  151): Removing non-system package:com.sonymobile.chkbugreport.testapp
01-06 19:36:59.381 I/ActivityManager(  151): Force stopping package com.sonymobile.chkbugreport.testapp uid=10045
01-06 19:36:59.401 I/Process (  151): Sending signal. PID: 757 SIG: 9
01-06 19:36:59.411 I/Process (  151): Sending signal. PID: 766 SIG: 9
01-06 19:36:59.411 E/JavaBinder(  151): !!! FAILED BINDER TRANSACTION !!!
01-06 19:36:59.411 I/ActivityManager(  151):   Force finishing activity HistoryRecord{408204d0 com.sonymobile.chkbugreport.testapp/.MainActivity}
01-06 19:36:59.431 I/WindowManager(  151): WIN DEATH: Window{408685a8 com.sonymobile.chkbugreport.testapp/com.sonymobile.chkbugreport.testapp.MainActivity paused=true}
01-06 19:36:59.441 I/WindowManager(  151): WIN DEATH: Window{4093a398 com.sonymobile.chkbugreport.testapp/com.sonymobile.chkbugreport.testapp.AIDLDeadlock paused=false}
01-06 19:36:59.552 D/PackageManager(  151): Scanning package com.sonymobile.chkbugreport.testapp
01-06 19:36:59.552 I/PackageManager(  151): Package com.sonymobile.chkbugreport.testapp codePath changed from /data/app/com.sonymobile.chkbugreport.testapp-1.apk to /data/app/com.sonymobile.chkbugreport.testapp-2.apk; Retaining data and using new
01-06 19:36:59.582 D/installd(  117): DexInv: --- BEGIN '/data/app/com.sonymobile.chkbugreport.testapp-2.apk' ---
01-06 19:36:59.642 D/dalvikvm(  785): creating instr width table
01-06 19:36:59.682 W/InputManagerService(  151): Got RemoteException sending setActive(false) notification to pid 757 uid 10045
01-06 19:36:59.762 D/dalvikvm(  785): DexOpt: load 16ms, verify+opt 89ms
01-06 19:36:59.772 D/installd(  117): DexInv: --- END '/data/app/com.sonymobile.chkbugreport.testapp-2.apk' (success) ---
01-06 19:36:59.772 I/PackageManager(  151): Unpacking native libraries for /data/app/com.sonymobile.chkbugreport.testapp-2.apk
01-06 19:36:59.822 D/installd(  117): DexInv: --- BEGIN '/data/app/com.sonymobile.chkbugreport.testapp-2.apk' ---
01-06 19:36:59.852 D/dalvikvm(  786): creating instr width table
01-06 19:36:59.942 D/dalvikvm(  786): DexOpt: load 9ms, verify+opt 62ms
01-06 19:36:59.972 D/installd(  117): DexInv: --- END '/data/app/com.sonymobile.chkbugreport.testapp-2.apk' (success) ---
01-06 19:36:59.982 I/AlarmManager(  151): wakelock acquire, uid:1000 at elapsed real time: 881758
01-06 19:37:00.012 I/ActivityManager(  151): Force stopping package com.sonymobile.chkbugreport.testapp uid=10045
01-06 19:37:00.022 D/PackageManager(  151):   Services: com.sonymobile.chkbugreport.testapp.AIDLDeadlockService
01-06 19:37:00.022 D/PackageManager(  151):   Activities: com.sonymobile.chkbugreport.testapp.MainActivity com.sonymobile.chkbugreport.testapp.Deadlock com.sonymobile.chkbugreport.testapp.AIDLDeadlock
01-06 19:37:00.022 W/PackageManager(  151): Code path for pkg : com.sonymobile.chkbugreport.testapp changing from /data/app/com.sonymobile.chkbugreport.testapp-1.apk to /data/app/com.sonymobile.chkbugreport.testapp-2.apk
01-06 19:37:00.022 W/PackageManager(  151): Resource path for pkg : com.sonymobile.chkbugreport.testapp changing from /data/app/com.sonymobile.chkbugreport.testapp-1.apk to /data/app/com.sonymobile.chkbugreport.testapp-2.apk
01-06 19:37:00.132 D/dalvikvm(  242): GC_CONCURRENT freed 423K, 42% free 4178K/7175K, external 0K/0K, paused 4ms+4ms
01-06 19:37:00.142 E/ResourceManager(  242): fail to load image: week_0.png
01-06 19:37:00.182 E/ResourceManager(  242): fail to load image: week_0.png
01-06 19:37:00.292 I/AlarmManager(  151): wakelock release, uid:1000 at elapsed real time: 882067
