01-06 19:24:08.199 I/dvm_gc_madvise_info(  151): [1036288,409600]
01-06 19:24:15.666 I/dvm_gc_info(  151): [8320808730291693169,-8921481085517887410,-3999894623281706965,0]
01-06 19:24:20.691 I/dvm_gc_madvise_info(  151): [1032192,409600]
01-06 19:24:28.889 I/dvm_gc_info(  151): [8320808730291693169,-8920918135564466098,-3999894623281706965,0]
01-06 19:24:33.924 I/dvm_gc_madvise_info(  151): [937984,409600]
01-06 19:24:42.062 I/dvm_gc_info(  151): [8320808730291693169,-8920918135564466097,-3999894623281706965,0]
01-06 19:24:47.097 I/dvm_gc_madvise_info(  151): [1036288,409600]
01-06 19:24:55.235 I/dvm_gc_info(  151): [8320808730291693169,-8920918135564466098,-3999894623281706965,0]
01-06 19:25:00.270 I/dvm_gc_madvise_info(  151): [913408,409600]
01-06 19:25:06.836 I/dvm_gc_info(  151): [8320808730291689073,-8922044035471308722,-3999894623281706965,0]
01-06 19:25:11.861 I/dvm_gc_madvise_info(  151): [1044480,409600]
01-06 19:25:16.946 I/dvm_gc_info(  151): [8320808730291680882,-8921199610541176753,-3999894623281706965,0]
01-06 19:25:19.378 I/screen_toggled(  151): 2
01-06 19:25:19.679 I/dvm_gc_info(  267): [7017575181484979808,-8985941467112503246,-4008338872583026645,0]
01-06 19:25:21.971 I/dvm_gc_madvise_info(  151): [839680,409600]
01-06 19:25:24.684 I/dvm_gc_madvise_info(  267): [462848,409600]
01-06 19:25:24.984 I/force_gc(  267): bg
01-06 19:25:25.004 I/dvm_gc_info(  151): [8320808730291660412,-8924295835285010353,-3999894623281706965,0]
01-06 19:25:25.034 I/dvm_gc_info(  267): [7017575181485041263,-8972712074504423375,-4008620347559737301,0]
01-06 19:25:30.049 I/dvm_gc_madvise_info(  151): [970752,409600]
01-06 19:25:30.069 I/dvm_gc_madvise_info(  267): [528384,409600]
01-06 19:25:31.270 I/am_proc_start(  151): [592,10010,com.android.defcontainer,service,com.android.defcontainer/.DefaultContainerService]
01-06 19:25:31.280 I/dvm_gc_madvise_info(  592): [651264,409600]
01-06 19:25:31.300 I/am_proc_bound(  151): [592,com.android.defcontainer]
01-06 19:25:31.300 I/am_create_service(  151): [1083174752,com.android.defcontainer/.DefaultContainerService,,592]
01-06 19:25:31.370 I/dvm_gc_info(  592): [7234300953690752593,-9015496820821022677,-4010309197420001237,0]
01-06 19:25:31.390 I/am_destroy_service(  151): [1083174752,com.android.defcontainer/.DefaultContainerService,592]
01-06 19:25:31.400 I/am_kill (  151): [433,com.miui.backup,14,too many background]
01-06 19:25:31.400 I/am_proc_died(  151): [433,com.miui.backup]
01-06 19:25:31.981 I/dvm_gc_info(  151): [8320808730291717733,-9021123227273459633,-3999613148304996309,0]
01-06 19:25:32.161 I/force_gc(  267): bg
01-06 19:25:32.191 I/force_gc(  242): bg
01-06 19:25:32.241 I/dvm_gc_info(  242): [7809652345805125170,-9038294644314441664,-4004398222909077461,0]
01-06 19:25:32.241 I/dvm_gc_info(  267): [7017575181485204522,-9204084505377359823,-4008620347559737301,0]
01-06 19:25:32.261 I/am_proc_start(  151): [603,10034,com.miui.uac,broadcast,com.miui.uac/.UninstallReceiver]
01-06 19:25:32.301 I/notification_cancel_all(  151): [com.sonymobile.chkbugreport.testapp,0]
01-06 19:25:32.311 I/dvm_gc_madvise_info(  603): [647168,409600]
01-06 19:25:32.351 I/am_proc_bound(  151): [603,com.miui.uac]
01-06 19:25:32.531 I/dvm_gc_info(  151): [8320808730291865160,-9020560277320021935,-3999050198351574997,0]
01-06 19:25:32.551 I/am_kill (  151): [441,com.android.bluetooth,14,too many background]
01-06 19:25:32.611 I/am_proc_start(  151): [611,10029,com.svox.pico,broadcast,com.svox.pico/.VoiceDataInstallerReceiver]
01-06 19:25:32.661 I/dvm_gc_madvise_info(  611): [647168,409600]
01-06 19:25:32.691 I/am_proc_bound(  151): [611,com.svox.pico]
01-06 19:25:32.762 I/dvm_gc_info(  151): [8320808730291689124,-8956383982630004656,-3999331673328285653,0]
01-06 19:25:32.772 I/am_proc_died(  151): [441,com.android.bluetooth]
01-06 19:25:32.842 I/am_kill (  151): [457,com.android.email,14,too many background]
01-06 19:25:32.912 I/dvm_lock_sample(  151): [system_server,0,FileObserver,366,PackageManagerService.java,4547,-,639,73]
01-06 19:25:32.942 I/dvm_gc_info(  584): [7021235374273861015,-9061119274899368373,-4122077858557487541,0]
01-06 19:25:32.992 I/am_proc_died(  151): [457,com.android.email]
01-06 19:25:33.002 I/dvm_gc_info(  242): [7809652345805014643,-8987066198536312767,-4004116747932366805,0]
01-06 19:25:33.162 I/dvm_gc_info(  242): [7809652345805211229,-9021969026928986048,-4004116747932366805,0]
01-06 19:25:33.212 I/content_query_sample(  242): [content://com.android.launcher2.settings/favorites,screen/cellX/cellY/container/_id,intent=? AND iconPackage=? AND itemType=0,,3,com.android.launcher,1]
01-06 19:25:33.542 I/dvm_gc_info(  242): [7809652345805051486,-9003110203489372096,-4004116747932366805,0]
01-06 19:25:33.732 I/dvm_gc_info(  151): [8320808730291680904,-8987346230068168623,-3999050198351574997,0]
01-06 19:25:33.803 I/am_create_task(  151): 5
01-06 19:25:33.803 I/am_create_activity(  151): [1082262736,5,com.sonymobile.chkbugreport.testapp/.MainActivity,android.intent.action.MAIN,NULL,NULL,268435456]
01-06 19:25:33.803 I/am_pause_activity(  151): [1081459776,com.android.launcher/com.android.launcher2.Launcher]
01-06 19:25:33.813 I/dvm_gc_info(  625): [7021235374273856925,-9060837799922567598,-4120107533720422830,0]
01-06 19:25:34.013 I/db_sample(  267): [:memory:,INSERT INTO applications ('_id', 'name', 'description', 'package,0,,1]
01-06 19:25:34.323 I/am_proc_start(  151): [636,10045,com.sonymobile.chkbugreport.testapp,activity,com.sonymobile.chkbugreport.testapp/.MainActivity]
01-06 19:25:34.353 I/dvm_gc_madvise_info(  636): [647168,409600]
01-06 19:25:34.383 I/am_proc_bound(  151): [636,com.sonymobile.chkbugreport.testapp]
01-06 19:25:34.383 I/am_restart_activity(  151): [1082262736,5,com.sonymobile.chkbugreport.testapp/.MainActivity]
01-06 19:25:34.583 I/dvm_gc_info(  636): [8387236824728405538,-9056592304859731924,-4010309197420001237,0]
01-06 19:25:34.653 I/am_on_resume_called(  636): com.sonymobile.chkbugreport.testapp.MainActivity
01-06 19:25:34.743 I/activity_launch_time(  151): [1082262736,com.sonymobile.chkbugreport.testapp/.MainActivity,432,153700]
01-06 19:25:34.814 I/am_on_paused_called(  242): com.android.launcher2.Launcher
01-06 19:25:34.824 I/am_failed_to_pause(  151): [1081459776,com.android.launcher/com.android.launcher2.Launcher,(none)]
01-06 19:25:34.924 I/dvm_gc_info(  242): [7809652345805215291,-9045612924972681152,-4004398222909077461,0]
01-06 19:25:35.054 I/dvm_gc_info(  151): [8320808730291803760,-9004234728670824368,-3999331673328285653,0]
01-06 19:25:36.275 I/dvm_gc_info(  636): [8387236824728499773,-9119924037180667861,-4010309197420001237,6850178]
01-06 19:25:36.385 I/dvm_gc_madvise_info(  592): [716800,409600]
01-06 19:25:36.465 I/am_create_activity(  151): [1082626568,5,com.sonymobile.chkbugreport.testapp/.AIDLDeadlock,NULL,NULL,NULL,0]
01-06 19:25:36.465 I/am_pause_activity(  151): [1082262736,com.sonymobile.chkbugreport.testapp/.MainActivity]
01-06 19:25:36.475 I/am_on_paused_called(  636): com.sonymobile.chkbugreport.testapp.MainActivity
01-06 19:25:36.485 I/am_restart_activity(  151): [1082626568,5,com.sonymobile.chkbugreport.testapp/.AIDLDeadlock]
01-06 19:25:36.505 I/am_proc_start(  151): [644,10045,com.sonymobile.chkbugreport.testapp:ext1,service,com.sonymobile.chkbugreport.testapp/.AIDLDeadlockService]
01-06 19:25:36.505 I/am_on_resume_called(  636): com.sonymobile.chkbugreport.testapp.AIDLDeadlock
01-06 19:25:36.555 I/dvm_gc_madvise_info(  644): [647168,409600]
01-06 19:25:36.605 I/am_proc_bound(  151): [644,com.sonymobile.chkbugreport.testapp:ext1]
01-06 19:25:36.615 I/am_create_service(  151): [1083592136,com.sonymobile.chkbugreport.testapp/.AIDLDeadlockService,,644]
01-06 19:25:36.735 I/activity_launch_time(  151): [1082626568,com.sonymobile.chkbugreport.testapp/.AIDLDeadlock,257,257]
01-06 19:25:37.266 I/dvm_gc_madvise_info(  267): [524288,409600]
01-06 19:25:39.959 I/dvm_gc_madvise_info(  242): [716800,409600]
01-06 19:25:40.079 I/dvm_gc_madvise_info(  151): [630784,409600]
01-06 19:25:40.719 I/binder_sample(  636): [com.sonymobile.chkbugreport.testapp.IDeadlock,3,2002,com.sonymobile.chkbugreport.testapp,100]
01-06 19:25:40.719 I/binder_sample(  636): [com.sonymobile.chkbugreport.testapp.IDeadlock,1,4006,com.sonymobile.chkbugreport.testapp,100]
01-06 19:25:41.300 I/dvm_gc_madvise_info(  636): [679936,409600]
01-06 19:25:41.740 I/force_gc(  341): bg
01-06 19:25:41.800 I/dvm_gc_info(  341): [8531346446660916829,-8996918991254595536,-4008901822536447957,0]
01-06 19:25:44.723 I/binder_sample(  636): [com.sonymobile.chkbugreport.testapp.IDeadlock,2,4003,com.sonymobile.chkbugreport.testapp,100]
01-06 19:25:46.745 I/force_gc(  485): bg
01-06 19:25:46.825 I/dvm_gc_info(  485): [8097879449376449692,-9173685620293453781,-4010027722443290581,0]
01-06 19:25:46.825 I/dvm_gc_madvise_info(  341): [598016,409600]
01-06 19:25:51.750 I/force_gc(  550): bg
01-06 19:25:51.810 I/dvm_gc_info(  550): [8534155694507787859,-9012963546030626773,-4010309197420001237,0]
01-06 19:25:51.830 I/dvm_gc_madvise_info(  485): [778240,409600]
01-06 19:25:56.825 I/dvm_gc_madvise_info(  550): [708608,409600]
01-06 19:28:00.576 I/dvm_gc_info(  654): [7021235374273861016,-9061119274899376564,-4121796383580785076,0]
01-06 19:28:00.916 I/am_destroy_service(  151): [1083592136,com.sonymobile.chkbugreport.testapp/.AIDLDeadlockService,644]
01-06 19:28:00.956 I/am_finish_activity(  151): [1082262736,5,com.sonymobile.chkbugreport.testapp/.MainActivity,uninstall]
01-06 19:28:00.956 I/am_destroy_activity(  151): [1082262736,5,com.sonymobile.chkbugreport.testapp/.MainActivity]
01-06 19:28:00.966 I/am_resume_activity(  151): [1081459776,2,com.android.launcher/com.android.launcher2.Launcher]
01-06 19:28:00.986 I/am_create_task(  151): 6
01-06 19:28:00.986 I/am_create_activity(  151): [1083018832,6,com.sonymobile.chkbugreport.testapp/.MainActivity,android.intent.action.MAIN,NULL,NULL,268435456]
01-06 19:28:01.006 I/am_pause_activity(  151): [1081459776,com.android.launcher/com.android.launcher2.Launcher]
01-06 19:28:01.026 I/binder_sample(  662): [android.app.IActivityManager,3,109,app_process,21]
01-06 19:28:01.036 I/dvm_gc_info(  662): [7021235374273856925,-9060837799922559406,-4120107533720414638,0]
01-06 19:28:01.076 I/am_on_resume_called(  242): com.android.launcher2.Launcher
01-06 19:28:01.086 I/am_on_paused_called(  242): com.android.launcher2.Launcher
01-06 19:28:01.086 I/am_proc_start(  151): [671,10045,com.sonymobile.chkbugreport.testapp,activity,com.sonymobile.chkbugreport.testapp/.MainActivity]
01-06 19:28:01.136 I/dvm_gc_madvise_info(  671): [643072,409600]
01-06 19:28:01.196 I/am_proc_bound(  151): [671,com.sonymobile.chkbugreport.testapp]
01-06 19:28:01.196 I/am_restart_activity(  151): [1083018832,6,com.sonymobile.chkbugreport.testapp/.MainActivity]
01-06 19:28:01.286 I/binder_sample(  242): [android.view.IWindowSession,8,32,com.android.launcher,6]
01-06 19:28:01.437 I/dvm_gc_info(  151): [8320808730291709581,-9037448775922673584,-3999331673328285653,0]
01-06 19:28:01.877 I/dvm_gc_info(  242): [7809652345805043316,-8988192029723682751,-4004116747932366805,0]
01-06 19:28:02.017 I/dvm_gc_info(  242): [7809652345805026942,-8979184830468958143,-4004116747932366805,0]
01-06 19:28:02.608 I/dvm_gc_info(  151): [8320808730291639916,-9065033323640317872,-3999331673328285653,0]
01-06 19:28:04.289 I/dvm_gc_info(  671): [8387236824728372770,-9055466404952889300,-4010309197420001237,0]
01-06 19:28:04.389 I/am_on_resume_called(  671): com.sonymobile.chkbugreport.testapp.MainActivity
01-06 19:28:04.520 I/activity_launch_time(  151): [1083018832,com.sonymobile.chkbugreport.testapp/.MainActivity,3433,3433]
01-06 19:28:04.600 I/dvm_gc_info(  242): [7809652345805194828,-9052931274367137728,-4004116747932366805,0]
01-06 19:28:07.633 I/dvm_gc_madvise_info(  151): [831488,409600]
01-06 19:28:09.274 I/dvm_gc_info(  671): [8387236824728393277,-9123020261924485077,-4010309197420001237,6850178]
01-06 19:28:09.585 I/am_create_activity(  151): [1082697824,6,com.sonymobile.chkbugreport.testapp/.AIDLDeadlock,NULL,NULL,NULL,0]
01-06 19:28:09.595 I/am_pause_activity(  151): [1083018832,com.sonymobile.chkbugreport.testapp/.MainActivity]
01-06 19:28:09.605 I/am_on_paused_called(  671): com.sonymobile.chkbugreport.testapp.MainActivity
01-06 19:28:09.615 I/am_restart_activity(  151): [1082697824,6,com.sonymobile.chkbugreport.testapp/.AIDLDeadlock]
01-06 19:28:09.635 I/dvm_gc_madvise_info(  242): [655360,409600]
01-06 19:28:09.805 I/am_proc_start(  151): [680,10045,com.sonymobile.chkbugreport.testapp:ext1,service,com.sonymobile.chkbugreport.testapp/.AIDLDeadlockService]
01-06 19:28:09.825 I/am_on_resume_called(  671): com.sonymobile.chkbugreport.testapp.AIDLDeadlock
01-06 19:28:09.865 I/dvm_gc_madvise_info(  680): [643072,409600]
01-06 19:28:09.905 I/am_proc_bound(  151): [680,com.sonymobile.chkbugreport.testapp:ext1]
01-06 19:28:09.905 I/am_create_service(  151): [1083592136,com.sonymobile.chkbugreport.testapp/.AIDLDeadlockService,,680]
01-06 19:28:09.925 I/dvm_gc_info(  114): [8825198673194857515,-9143568072663332821,-4010309197420001237,0]
01-06 19:28:10.015 I/dvm_gc_info(  114): [8825198673194754104,-9222662541119027157,-4010309197420001237,0]
01-06 19:28:10.115 I/dvm_gc_info(  114): [8825198673194758192,-9222662541119027157,-4010309197420001237,0]
01-06 19:28:10.265 I/activity_launch_time(  151): [1082697824,com.sonymobile.chkbugreport.testapp/.AIDLDeadlock,655,655]
01-06 19:28:14.299 I/dvm_gc_madvise_info(  671): [675840,409600]
01-06 19:28:29.844 I/binder_sample(  671): [com.sonymobile.chkbugreport.testapp.IDeadlock,3,2017,com.sonymobile.chkbugreport.testapp,100]
01-06 19:28:29.844 I/binder_sample(  671): [com.sonymobile.chkbugreport.testapp.IDeadlock,1,4076,com.sonymobile.chkbugreport.testapp,100]
01-06 19:29:21.234 I/battery_level(  151): [94,4045,267]
01-06 19:29:30.043 I/binder_sample(  671): [com.sonymobile.chkbugreport.testapp.IDeadlock,2,4004,com.sonymobile.chkbugreport.testapp,100]
01-06 19:31:44.975 I/am_create_service(  151): [1083522808,com.android.defcontainer/.DefaultContainerService,,592]
01-06 19:31:45.005 I/dvm_gc_info(  592): [7234300953690743859,-9171433957918726101,-4010309197420001237,0]
01-06 19:31:45.025 I/am_destroy_service(  151): [1083522808,com.android.defcontainer/.DefaultContainerService,592]
01-06 19:31:45.065 I/am_destroy_service(  151): [1083592136,com.sonymobile.chkbugreport.testapp/.AIDLDeadlockService,680]
01-06 19:31:45.085 I/am_finish_activity(  151): [1083018832,6,com.sonymobile.chkbugreport.testapp/.MainActivity,uninstall]
01-06 19:31:45.095 I/am_destroy_activity(  151): [1083018832,6,com.sonymobile.chkbugreport.testapp/.MainActivity]
01-06 19:31:45.115 I/am_resume_activity(  151): [1081459776,2,com.android.launcher/com.android.launcher2.Launcher]
01-06 19:31:45.125 I/dvm_lock_sample(  151): [system_server,0,Binder Thread #6,33,ActivityManagerService.java,1002,-,1331,6]
01-06 19:31:45.235 I/dvm_gc_info(  151): [8320808730291676795,-8996916379276330928,-3999331673328285653,0]
01-06 19:31:45.345 I/am_on_resume_called(  242): com.android.launcher2.Launcher
01-06 19:31:45.845 I/dvm_gc_info(  242): [7809652345805039217,-8976370080701827007,-4003835272955656149,0]
01-06 19:31:46.186 I/dvm_lock_sample(  151): [system_server,0,FileObserver,1118,PackageManagerService.java,4547,-,4664,100]
01-06 19:31:46.206 I/force_gc(  267): bg
01-06 19:31:46.306 I/notification_cancel_all(  151): [com.sonymobile.chkbugreport.testapp,0]
01-06 19:31:46.306 I/dvm_gc_info(  267): [7017575181485246000,-9022533145365399501,-4008057397606315989,0]
01-06 19:31:46.526 I/dvm_gc_info(  242): [7809652345805297284,-8971866481074456511,-4004116747932366805,0]
01-06 19:31:46.526 I/content_update_sample(  242): [content://com.android.launcher2.settings/packages,update,,248,com.android.launcher,50]
01-06 19:31:46.606 I/dvm_gc_info(  151): [8320808730291676794,-8981435255557224366,-3998768723374864341,0]
01-06 19:31:46.666 I/dvm_gc_info(  151): [8320808730291819661,-9068692498337535919,-3998768723374864341,0]
01-06 19:31:46.796 I/dvm_gc_info(  690): [7021235374273865111,-9061119274899368373,-4122077858557487541,0]
01-06 19:31:46.856 I/dvm_gc_info(  151): [8320808730291680932,-8959198732397094831,-3999050198351574997,0]
01-06 19:31:47.267 I/am_create_task(  151): 7
01-06 19:31:47.267 I/am_create_activity(  151): [1082262736,7,com.sonymobile.chkbugreport.testapp/.MainActivity,android.intent.action.MAIN,NULL,NULL,268435456]
01-06 19:31:47.277 I/am_pause_activity(  151): [1081459776,com.android.launcher/com.android.launcher2.Launcher]
01-06 19:31:47.327 I/dvm_gc_info(  705): [7021235374273856925,-9060837799922567598,-4120107533720422830,0]
01-06 19:31:47.407 I/am_on_paused_called(  242): com.android.launcher2.Launcher
01-06 19:31:47.417 I/am_proc_start(  151): [714,10045,com.sonymobile.chkbugreport.testapp,activity,com.sonymobile.chkbugreport.testapp/.MainActivity]
01-06 19:31:47.467 I/dvm_gc_madvise_info(  714): [655360,409600]
01-06 19:31:47.517 I/am_proc_bound(  151): [714,com.sonymobile.chkbugreport.testapp]
01-06 19:31:47.517 I/am_restart_activity(  151): [1082262736,7,com.sonymobile.chkbugreport.testapp/.MainActivity]
01-06 19:31:47.607 I/dvm_gc_info(  242): [7809652345805076066,-8992414154374338495,-4003835272955656149,0]
01-06 19:31:47.677 I/dvm_gc_info(  714): [8387236824728393212,-9059970004580259796,-4010309197420001237,0]
01-06 19:31:47.737 I/am_on_resume_called(  714): com.sonymobile.chkbugreport.testapp.MainActivity
01-06 19:31:47.757 I/db_sample(  267): [:memory:,DELETE FROM applications,387,,78]
01-06 19:31:47.837 I/activity_launch_time(  151): [1082262736,com.sonymobile.chkbugreport.testapp/.MainActivity,426,426]
01-06 19:31:47.998 I/dvm_gc_info(  242): [7809652345805198930,-8980310730375813056,-4004398222909077461,0]
01-06 19:31:48.198 I/dvm_gc_info(  151): [8320808730291680926,-8957509882536839088,-3999331673328285653,0]
01-06 19:31:48.268 I/db_sample(  267): [:memory:,COMMIT;INSERT INTO applications ('_id', 'name', 'description', ',0,,1]
01-06 19:31:48.818 I/dvm_gc_info(  242): [7809652345805108807,-9049553574646630336,-4004398222909077461,0]
01-06 19:31:50.030 I/dvm_gc_madvise_info(  592): [716800,409600]
01-06 19:31:51.331 I/dvm_gc_madvise_info(  267): [471040,409600]
01-06 19:31:51.541 I/battery_level(  151): [95,4050,275]
01-06 19:31:51.881 I/dvm_gc_info(  714): [8387236824728442429,-9116827812436850645,-4010309197420001237,6850178]
01-06 19:31:52.072 I/am_create_activity(  151): [1082475200,7,com.sonymobile.chkbugreport.testapp/.AIDLDeadlock,NULL,NULL,NULL,0]
01-06 19:31:52.082 I/am_pause_activity(  151): [1082262736,com.sonymobile.chkbugreport.testapp/.MainActivity]
01-06 19:31:52.082 I/am_on_paused_called(  714): com.sonymobile.chkbugreport.testapp.MainActivity
01-06 19:31:52.102 I/am_restart_activity(  151): [1082475200,7,com.sonymobile.chkbugreport.testapp/.AIDLDeadlock]
01-06 19:31:52.122 I/am_proc_start(  151): [722,10045,com.sonymobile.chkbugreport.testapp:ext1,service,com.sonymobile.chkbugreport.testapp/.AIDLDeadlockService]
01-06 19:31:52.122 I/am_on_resume_called(  714): com.sonymobile.chkbugreport.testapp.AIDLDeadlock
01-06 19:31:52.152 I/dvm_lock_sample(  151): [system_server,0,WindowManager,21,WindowManagerService.java,7817,-,2292,4]
01-06 19:31:52.162 I/dvm_gc_madvise_info(  722): [651264,409600]
01-06 19:31:52.242 I/am_proc_bound(  151): [722,com.sonymobile.chkbugreport.testapp:ext1]
01-06 19:31:52.242 I/am_create_service(  151): [1083333160,com.sonymobile.chkbugreport.testapp/.AIDLDeadlockService,,722]
01-06 19:31:52.352 I/activity_launch_time(  151): [1082475200,com.sonymobile.chkbugreport.testapp/.AIDLDeadlock,266,266]
01-06 19:31:53.223 I/dvm_gc_madvise_info(  151): [851968,409600]
01-06 19:31:53.843 I/dvm_gc_madvise_info(  242): [557056,409600]
01-06 19:31:54.354 I/binder_sample(  714): [com.sonymobile.chkbugreport.testapp.IDeadlock,1,2002,com.sonymobile.chkbugreport.testapp,100]
01-06 19:31:56.896 I/dvm_gc_madvise_info(  714): [675840,409600]
01-06 19:31:57.367 I/force_gc(  592): bg
01-06 19:31:57.427 I/dvm_gc_info(  592): [7234300953690866721,-9195640805915842517,-4010309197420001237,0]
01-06 19:31:58.358 I/binder_sample(  714): [com.sonymobile.chkbugreport.testapp.IDeadlock,2,4004,com.sonymobile.chkbugreport.testapp,100]
01-06 19:32:02.432 I/dvm_gc_madvise_info(  592): [716800,409600]
01-06 19:32:02.512 I/binder_sample(  722): [com.sonymobile.chkbugreport.testapp.IDeadlock,2,10150,com.sonymobile.chkbugreport.testapp:ext,100]
01-06 19:32:05.054 I/force_gc(  603): bg
01-06 19:32:05.104 I/dvm_gc_info(  603): [7579124284044572258,-8999452678429038549,-4010309197420001237,0]
01-06 19:32:10.059 I/force_gc(  611): bg
01-06 19:32:10.119 I/dvm_gc_madvise_info(  603): [757760,409600]
01-06 19:32:10.129 I/dvm_gc_info(  611): [3346290398921504337,-9014933870867597269,-4010027722443290581,0]
01-06 19:32:15.064 I/force_gc(  341): bg
01-06 19:32:15.124 I/dvm_gc_info(  341): [8531346446660912216,-9070102485199370193,-4008901822536447957,0]
01-06 19:32:15.134 I/dvm_gc_madvise_info(  611): [708608,409600]
01-06 19:32:18.968 I/dvm_gc_info(  218): [8320808730291644074,-8937527427403478991,-3994265123747493845,8583210]
01-06 19:32:20.069 I/force_gc(  485): bg
01-06 19:32:20.139 I/dvm_gc_info(  485): [8097879449376387805,-9202959017871362005,-4010027722443290581,0]
01-06 19:32:20.139 I/dvm_gc_madvise_info(  341): [598016,409600]
01-06 19:32:23.983 I/dvm_gc_madvise_info(  218): [995328,409600]
01-06 19:32:25.074 I/force_gc(  550): bg
01-06 19:32:25.154 I/dvm_gc_madvise_info(  485): [778240,409600]
01-06 19:32:25.154 I/dvm_gc_info(  550): [8534155694507881518,-9169463633081751509,-4010309197420001237,0]
01-06 19:32:30.169 I/dvm_gc_madvise_info(  550): [708608,409600]
01-06 19:33:00.038 I/dvm_lock_sample(  151): [system_server,1,main,13,ActivityManagerService.java,10916,-,11216,2]
01-06 19:33:01.129 I/am_create_service(  151): [1082892680,com.android.defcontainer/.DefaultContainerService,,592]
01-06 19:33:01.169 I/dvm_gc_info(  592): [7234300953690784494,-9202114730380187605,-4010309197420001237,0]
01-06 19:33:01.189 I/am_destroy_service(  151): [1082892680,com.android.defcontainer/.DefaultContainerService,592]
01-06 19:33:01.229 I/am_destroy_service(  151): [1083333160,com.sonymobile.chkbugreport.testapp/.AIDLDeadlockService,722]
01-06 19:33:01.259 I/am_finish_activity(  151): [1082262736,7,com.sonymobile.chkbugreport.testapp/.MainActivity,uninstall]
01-06 19:33:01.259 I/am_destroy_activity(  151): [1082262736,7,com.sonymobile.chkbugreport.testapp/.MainActivity]
01-06 19:33:01.269 I/am_resume_activity(  151): [1081459776,2,com.android.launcher/com.android.launcher2.Launcher]
01-06 19:33:01.409 I/am_on_resume_called(  242): com.android.launcher2.Launcher
01-06 19:33:01.960 I/dvm_gc_info(  242): [7809652345805039207,-9001984303582492607,-4003835272955656149,0]
01-06 19:33:02.210 I/dvm_gc_info(  151): [8320808730291635839,-8984531480301062064,-3999331673328285653,0]
01-06 19:33:02.380 I/dvm_lock_sample(  151): [system_server,0,FileObserver,1153,PackageManagerService.java,4547,-,4664,100]
01-06 19:33:02.400 I/force_gc(  267): bg
01-06 19:33:02.500 I/notification_cancel_all(  151): [com.sonymobile.chkbugreport.testapp,0]
01-06 19:33:02.570 I/dvm_gc_info(  242): [7809652345805100676,-8972710906004584383,-4003835272955656149,0]
01-06 19:33:02.580 I/content_update_sample(  242): [content://com.android.launcher2.settings/packages,update,,102,com.android.launcher,21]
01-06 19:33:02.580 I/dvm_gc_info(  267): [7017575181485520463,-8984534023509460941,-4008057397606315989,0]
01-06 19:33:02.761 I/dvm_gc_info(  151): [8320808730291840602,-8993538679555782574,-3998768723374864341,0]
01-06 19:33:02.891 I/dvm_gc_info(  151): [8320808730291684993,-8988753604951693229,-3998487248398153685,0]
01-06 19:33:02.921 I/dvm_gc_info(  733): [7021235374273861015,-9061119274899368373,-4122077858557487541,0]
01-06 19:33:03.311 I/dvm_gc_info(  242): [7809652345805063797,-8978621880515508158,-4003835272955656149,0]
01-06 19:33:03.541 I/dvm_gc_info(  242): [7809652345805227446,-9056308974087661503,-4003835272955656149,0]
01-06 19:33:03.631 I/dvm_gc_info(  242): [7809652345805272364,-9050116455863797695,-4004116747932366805,0]
01-06 19:33:03.711 I/am_create_task(  151): 8
01-06 19:33:03.711 I/am_create_activity(  151): [1082262736,8,com.sonymobile.chkbugreport.testapp/.MainActivity,android.intent.action.MAIN,NULL,NULL,268435456]
01-06 19:33:03.731 I/am_pause_activity(  151): [1081459776,com.android.launcher/com.android.launcher2.Launcher]
01-06 19:33:03.731 I/dvm_gc_info(  242): [7809652345805272624,-9025065182936549312,-4004116747932366805,0]
01-06 19:33:03.792 I/dvm_gc_info(  748): [7021235374273865117,-9060837799922567598,-4120107533720422830,0]
01-06 19:33:03.922 I/dvm_gc_info(  151): [8320808730291676863,-8925984685145233327,-3999050198351574997,0]
01-06 19:33:04.012 I/db_sample(  267): [:memory:,INSERT INTO applications ('_id', 'name', 'description', 'package,0,,1]
01-06 19:33:04.012 I/db_sample(  267): [:memory:,INSERT INTO applications ('_id', 'name', 'description', 'package,0,,1]
01-06 19:33:04.282 I/am_proc_start(  151): [757,10045,com.sonymobile.chkbugreport.testapp,activity,com.sonymobile.chkbugreport.testapp/.MainActivity]
01-06 19:33:04.312 I/dvm_gc_madvise_info(  757): [651264,409600]
01-06 19:33:04.332 I/am_proc_bound(  151): [757,com.sonymobile.chkbugreport.testapp]
01-06 19:33:04.332 I/am_restart_activity(  151): [1082262736,8,com.sonymobile.chkbugreport.testapp/.MainActivity]
01-06 19:33:04.482 I/dvm_gc_info(  757): [8387236824728389152,-9059125579650127828,-4010309197420001237,0]
01-06 19:33:04.552 I/am_on_resume_called(  757): com.sonymobile.chkbugreport.testapp.MainActivity
01-06 19:33:04.672 I/activity_launch_time(  151): [1082262736,com.sonymobile.chkbugreport.testapp/.MainActivity,399,399]
01-06 19:33:04.752 I/am_on_paused_called(  242): com.android.launcher2.Launcher
01-06 19:33:04.752 I/am_failed_to_pause(  151): [1081459776,com.android.launcher/com.android.launcher2.Launcher,(none)]
01-06 19:33:04.853 I/dvm_gc_info(  242): [7809652345805207111,-9044205481352873920,-4004398222909077461,0]
01-06 19:33:06.184 I/dvm_gc_madvise_info(  592): [716800,409600]
01-06 19:33:07.005 I/dvm_gc_info(  757): [8387236824728430141,-9114013062669744085,-4010309197420001237,6850178]
01-06 19:33:07.205 I/am_create_activity(  151): [1083599312,8,com.sonymobile.chkbugreport.testapp/.AIDLDeadlock,NULL,NULL,NULL,0]
01-06 19:33:07.205 I/am_pause_activity(  151): [1082262736,com.sonymobile.chkbugreport.testapp/.MainActivity]
01-06 19:33:07.215 I/am_on_paused_called(  757): com.sonymobile.chkbugreport.testapp.MainActivity
01-06 19:33:07.235 I/am_restart_activity(  151): [1083599312,8,com.sonymobile.chkbugreport.testapp/.AIDLDeadlock]
01-06 19:33:07.245 I/am_proc_start(  151): [766,10045,com.sonymobile.chkbugreport.testapp:ext1,service,com.sonymobile.chkbugreport.testapp/.AIDLDeadlockService]
01-06 19:33:07.245 I/am_on_resume_called(  757): com.sonymobile.chkbugreport.testapp.AIDLDeadlock
01-06 19:33:07.285 I/dvm_gc_madvise_info(  766): [651264,409600]
01-06 19:33:07.325 I/am_proc_bound(  151): [766,com.sonymobile.chkbugreport.testapp:ext1]
01-06 19:33:07.325 I/am_create_service(  151): [1083484616,com.sonymobile.chkbugreport.testapp/.AIDLDeadlockService,,766]
01-06 19:33:07.525 I/activity_launch_time(  151): [1083599312,com.sonymobile.chkbugreport.testapp/.AIDLDeadlock,304,304]
01-06 19:33:07.555 I/dvm_gc_madvise_info(  267): [462848,409600]
01-06 19:33:08.957 I/dvm_gc_madvise_info(  151): [774144,409600]
01-06 19:33:09.887 I/dvm_gc_madvise_info(  242): [589824,409600]
01-06 19:33:11.469 I/binder_sample(  757): [com.sonymobile.chkbugreport.testapp.IDeadlock,2,4004,com.sonymobile.chkbugreport.testapp,100]
01-06 19:33:12.030 I/dvm_gc_madvise_info(  757): [675840,409600]
01-06 19:33:12.530 I/force_gc(  592): bg
01-06 19:33:12.590 I/dvm_gc_info(  592): [7234300953690870730,-9203240630287030229,-4010309197420001237,0]
01-06 19:33:15.583 I/binder_sample(  766): [com.sonymobile.chkbugreport.testapp.IDeadlock,2,4004,com.sonymobile.chkbugreport.testapp:ext,100]
01-06 19:33:17.605 I/dvm_gc_madvise_info(  592): [716800,409600]
01-06 19:36:02.025 I/battery_level(  151): [96,4060,285]
01-06 19:36:59.211 I/am_create_service(  151): [1083564776,com.android.defcontainer/.DefaultContainerService,,592]
01-06 19:36:59.241 I/dvm_gc_info(  592): [7234300953690743549,-9200988830473344981,-4010309197420001237,0]
01-06 19:36:59.261 I/am_destroy_service(  151): [1083564776,com.android.defcontainer/.DefaultContainerService,592]
01-06 19:36:59.381 I/dvm_gc_info(  151): [8320808730291713673,-8958354307466966960,-3999331673328285653,0]
01-06 19:36:59.381 I/am_destroy_service(  151): [1083484616,com.sonymobile.chkbugreport.testapp/.AIDLDeadlockService,766]
01-06 19:36:59.411 I/am_finish_activity(  151): [1082262736,8,com.sonymobile.chkbugreport.testapp/.MainActivity,uninstall]
01-06 19:36:59.411 I/am_destroy_activity(  151): [1082262736,8,com.sonymobile.chkbugreport.testapp/.MainActivity]
01-06 19:36:59.451 I/am_resume_activity(  151): [1081459776,2,com.android.launcher/com.android.launcher2.Launcher]
01-06 19:36:59.612 I/am_on_resume_called(  242): com.android.launcher2.Launcher
01-06 19:37:00.132 I/dvm_gc_info(  242): [7809652345805022826,-9001702759869527999,-4003835272955656149,0]
01-06 19:37:00.502 I/dvm_lock_sample(  151): [system_server,0,FileObserver,1122,PackageManagerService.java,4547,-,4664,100]
01-06 19:37:00.522 I/force_gc(  267): bg
01-06 19:37:00.613 I/notification_cancel_all(  151): [com.sonymobile.chkbugreport.testapp,0]
01-06 19:37:00.623 I/dvm_gc_info(  267): [7017575181485229647,-8984534023509460941,-4008057397606315989,0]
01-06 19:37:00.683 I/dvm_gc_info(  242): [7809652345805096582,-8970177562477938623,-4004116747932366805,0]
01-06 19:37:00.733 I/dvm_lock_sample(  151): [system_server,0,Binder Thread #1,117,ActivityManagerService.java,6936,-,10786,23]
01-06 19:37:00.833 I/dvm_gc_info(  151): [8320808730291680898,-8980590830627092399,-3998768723374864341,0]
01-06 19:37:00.873 I/dvm_lock_sample(  151): [system_server,0,Binder Thread #8,13,ActivityManagerService.java,10916,-,10786,2]
01-06 19:37:00.963 I/dvm_gc_info(  151): [8320808730291881390,-9047018925130815406,-3998768723374864341,0]
01-06 19:37:01.133 I/dvm_gc_info(  151): [8320808730291672737,-8961732007187486639,-3999050198351574997,0]
01-06 19:37:01.153 I/dvm_gc_info(  776): [7021235374273861015,-9061119274899368373,-4122077858557487541,0]
01-06 19:37:01.423 I/dvm_gc_info(  242): [7809652345805063804,-8969051662571104191,-4003835272955656149,0]
01-06 19:37:01.624 I/dvm_gc_info(  242): [7809652345805239866,-9004517509636655039,-4003835272955656149,0]
01-06 19:37:01.704 I/dvm_gc_info(  242): [7809652345805223261,-9103033751485392831,-4004116747932366805,0]
01-06 19:37:01.784 I/db_sample(  267): [:memory:,DELETE FROM applications,2,,1]
01-06 19:37:01.914 I/am_create_task(  151): 9
01-06 19:37:01.914 I/am_create_activity(  151): [1083586752,9,com.sonymobile.chkbugreport.testapp/.MainActivity,android.intent.action.MAIN,NULL,NULL,268435456]
01-06 19:37:01.944 I/am_pause_activity(  151): [1081459776,com.android.launcher/com.android.launcher2.Launcher]
01-06 19:37:02.004 I/dvm_gc_info(  791): [7021235374273856925,-9060837799922567598,-4120107533720422830,0]
01-06 19:37:02.044 I/dvm_gc_info(  151): [8320808730291639965,-8961169057234077616,-3999331673328285653,0]
01-06 19:37:02.454 I/am_on_paused_called(  242): com.android.launcher2.Launcher
01-06 19:37:02.454 I/am_proc_start(  151): [800,10045,com.sonymobile.chkbugreport.testapp,activity,com.sonymobile.chkbugreport.testapp/.MainActivity]
01-06 19:37:02.484 I/dvm_gc_madvise_info(  800): [651264,409600]
01-06 19:37:02.504 I/am_proc_bound(  151): [800,com.sonymobile.chkbugreport.testapp]
01-06 19:37:02.504 I/am_restart_activity(  151): [1083586752,9,com.sonymobile.chkbugreport.testapp/.MainActivity]
01-06 19:37:02.665 I/dvm_gc_info(  800): [8387236824728405536,-9058844104673417172,-4010309197420001237,0]
01-06 19:37:02.725 I/am_on_resume_called(  800): com.sonymobile.chkbugreport.testapp.MainActivity
01-06 19:37:02.845 I/activity_launch_time(  151): [1083586752,com.sonymobile.chkbugreport.testapp/.MainActivity,397,397]
01-06 19:37:02.935 I/dvm_gc_info(  242): [7809652345805243993,-9027598457726949313,-4004398222909077461,0]
01-06 19:37:03.606 I/dvm_gc_info(  800): [8387236824728495677,-9106976188251977685,-4010309197420001237,6850178]
01-06 19:37:03.826 I/am_create_activity(  151): [1082262736,9,com.sonymobile.chkbugreport.testapp/.AIDLDeadlock,NULL,NULL,NULL,0]
01-06 19:37:03.826 I/am_pause_activity(  151): [1083586752,com.sonymobile.chkbugreport.testapp/.MainActivity]
01-06 19:37:03.846 I/am_on_paused_called(  800): com.sonymobile.chkbugreport.testapp.MainActivity
01-06 19:37:03.846 I/am_restart_activity(  151): [1082262736,9,com.sonymobile.chkbugreport.testapp/.AIDLDeadlock]
01-06 19:37:03.866 I/am_proc_start(  151): [808,10045,com.sonymobile.chkbugreport.testapp:ext1,service,com.sonymobile.chkbugreport.testapp/.AIDLDeadlockService]
01-06 19:37:03.866 I/am_on_resume_called(  800): com.sonymobile.chkbugreport.testapp.AIDLDeadlock
01-06 19:37:03.916 I/dvm_gc_madvise_info(  808): [651264,409600]
01-06 19:37:03.976 I/am_proc_bound(  151): [808,com.sonymobile.chkbugreport.testapp:ext1]
01-06 19:37:03.976 I/am_create_service(  151): [1083592136,com.sonymobile.chkbugreport.testapp/.AIDLDeadlockService,,808]
01-06 19:37:04.096 I/activity_launch_time(  151): [1082262736,com.sonymobile.chkbugreport.testapp/.AIDLDeadlock,251,251]
01-06 19:37:04.266 I/dvm_gc_madvise_info(  592): [716800,409600]
01-06 19:37:05.647 I/dvm_gc_madvise_info(  267): [466944,409600]
01-06 19:37:07.079 I/dvm_gc_madvise_info(  151): [761856,409600]
01-06 19:37:07.960 I/dvm_gc_madvise_info(  242): [626688,409600]
01-06 19:37:08.630 I/dvm_gc_madvise_info(  800): [671744,409600]
01-06 19:37:09.111 I/force_gc(  603): bg
01-06 19:37:09.181 I/dvm_gc_info(  603): [7579124284044633375,-9061940123258804181,-4010309197420001237,0]
01-06 19:37:14.116 I/force_gc(  611): bg
01-06 19:37:14.166 I/dvm_gc_info(  611): [3346290398921446472,-9110353887972513749,-4010309197420001237,0]
01-06 19:37:14.186 I/dvm_gc_madvise_info(  603): [753664,409600]
01-06 19:37:19.121 I/force_gc(  341): bg
01-06 19:37:19.191 I/dvm_gc_madvise_info(  611): [708608,409600]
01-06 19:37:19.191 I/dvm_gc_info(  341): [8531346446660945002,-9084176234034902993,-4008901822536447957,0]
01-06 19:37:24.126 I/force_gc(  485): bg
01-06 19:37:24.176 I/dvm_gc_info(  485): [8097879449376355154,-9197610993313859541,-4010027722443290581,0]
01-06 19:37:24.196 I/dvm_gc_madvise_info(  341): [593920,409600]
01-06 19:37:29.130 I/force_gc(  550): bg
01-06 19:37:29.441 I/dvm_gc_madvise_info(  485): [778240,409600]
01-06 19:37:29.451 I/dvm_gc_info(  550): [8534155694508876883,-9132590411132655573,-4010309197420001237,0]
[logcat: 0.2s elapsed]

