01-06 19:22:27.621 I/boot_progress_start(  114): 9393
01-06 19:22:29.503 I/boot_progress_preload_start(  114): 11285
01-06 19:22:29.563 I/dvm_gc_info(  114): [8825198673194419390,-9064496968966244804,-4012584086963390916,0]
01-06 19:22:29.623 I/dvm_gc_info(  114): [8825198673194402383,-9216774931366635960,-4012584086963317176,0]
01-06 19:22:29.733 I/dvm_gc_info(  114): [8825198673194406994,-9134021288213637552,-4012584086963251632,0]
01-06 19:22:29.783 I/dvm_gc_info(  114): [8825198673194411075,-9142184062538127782,-4012584086963132838,0]
01-06 19:22:29.853 I/dvm_gc_info(  114): [8825198673194407012,-9111503290076588447,-4012584086963055007,0]
01-06 19:22:30.193 I/dvm_gc_info(  114): [8825198673194398818,-9116288364680534415,-4012584086962919823,0]
01-06 19:22:30.424 I/dvm_gc_info(  114): [8825198673194407310,-9044230770642082165,-4012584086962395509,0]
01-06 19:22:30.824 I/dvm_gc_info(  114): [8825198673194460740,-8973577184249436448,-4012580719724124448,0]
01-06 19:22:30.884 I/dvm_gc_info(  114): [8825198673194423384,-9108122223117113617,-4012580719724108049,0]
01-06 19:22:31.134 I/dvm_gc_info(  114): [8825198673194452293,-9067308351494035692,-4012580719724075244,0]
01-06 19:22:31.304 I/dvm_gc_info(  114): [8825198673194435776,-9065052153633700006,-4012576321677424806,0]
01-06 19:22:31.345 I/dvm_gc_info(  114): [8825198673194435683,-9109806674930690206,-4012576321677420702,0]
01-06 19:22:31.385 I/dvm_gc_info(  114): [8825198673194443892,-9096577351025289368,-4012576321677420696,0]
01-06 19:22:31.835 I/dvm_gc_info(  114): [8825198673194529849,-9153715671785916558,-4012575222165784718,0]
01-06 19:22:31.975 I/dvm_gc_info(  114): [8825198673194484853,-9093198551793121416,-4012575222165780616,0]
01-06 19:22:32.045 I/dvm_gc_info(  114): [8825198673194476651,-9094886302141745279,-4012574122654140543,0]
01-06 19:22:32.075 I/dvm_gc_info(  114): [8825198673194439837,-9066457329493964923,-4012574122654136443,0]
01-06 19:22:32.115 I/dvm_gc_info(  114): [8825198673194439843,-9065893280028915831,-4012573023142508663,0]
01-06 19:22:32.155 I/dvm_gc_info(  114): [8825198673194448091,-9105299776768403572,-4012573023142504564,0]
01-06 19:22:32.816 I/dvm_gc_info(  114): [8825198673194555436,-8863500745865226204,-4012560997233780700,0]
01-06 19:22:33.146 I/dvm_gc_info(  114): [8825198673194539047,-8887426118885570519,-4012560997233719255,0]
01-06 19:22:33.176 I/dvm_gc_info(  114): [8825198673194484770,-9166367820805834712,-4012560997233723352,0]
01-06 19:22:34.037 I/dvm_gc_info(  114): [8825198673194493376,-9036326381565495255,-4012560997233706967,0]
01-06 19:22:34.107 I/dvm_gc_info(  114): [8825198673194501415,-9052651930214701014,-4012560997233694678,0]
01-06 19:22:34.177 I/dvm_gc_info(  114): [8825198673194505364,-9069821903794051030,-4012560997233694678,0]
01-06 19:22:34.247 I/dvm_gc_info(  114): [8825198673194509437,-9098813826395244502,-4012560997233690582,0]
01-06 19:22:34.297 I/dvm_gc_info(  114): [8825198673194517660,-9068977478863910869,-4012560997233686485,0]
01-06 19:22:34.337 I/dvm_gc_info(  114): [8825198673194513481,-9179597144711198677,-4012560997233686485,0]
01-06 19:22:34.337 I/boot_progress_preload_end(  114): 16111
01-06 19:22:34.367 I/dvm_gc_info(  114): [8825198673194504408,-9221818391217797077,-4012560997233686485,0]
01-06 19:22:34.387 I/dvm_gc_info(  114): [8825198673194487856,-9222662816147929045,-4012560997233686485,0]
01-06 19:22:34.418 I/dvm_gc_info(  114): [8825198673194487856,-9222662816147929045,-4012560997233686485,0]
01-06 19:22:35.038 I/boot_progress_system_run(  151): 16810
01-06 19:22:35.569 I/boot_progress_pms_start(  151): 17349
01-06 19:22:35.699 I/dvm_gc_info(  151): [8320808730291660282,-9031259281977157583,-4008620347559737301,0]
01-06 19:22:36.019 I/boot_progress_pms_system_scan_start(  151): 17798
01-06 19:22:36.029 I/dvm_gc_info(  151): [8320808730291668595,-8940623858423146446,-4008057397606315989,0]
01-06 19:22:36.860 I/dvm_gc_info(  151): [8320808730291717692,-9018029408215111625,-4006931497699473365,0]
01-06 19:22:37.821 I/dvm_gc_info(  151): [8320808730291676756,-8991007466803103686,-4005805597792630741,0]
01-06 19:22:38.361 I/dvm_gc_info(  151): [8320808730291672660,-8977496461712164803,-4004961172862498773,0]
01-06 19:22:39.022 I/boot_progress_pms_data_scan_start(  151): 20807
01-06 19:22:39.172 I/boot_progress_pms_scan_end(  151): 20954
01-06 19:22:39.262 I/dvm_gc_info(  151): [8320808730291832406,-8960607756900706240,-4004116747932366805,0]
01-06 19:22:39.392 I/boot_progress_pms_ready(  151): 21172
01-06 19:22:39.482 I/dvm_gc_info(  151): [8320808730291988055,-8991006916963334083,-4004961172862498773,0]
01-06 19:22:39.853 I/battery_status(  151): [2,2,1,2,Li-ion]
01-06 19:22:39.853 I/battery_level(  151): [93,4016,225]
01-06 19:22:40.183 I/dvm_gc_info(  151): [8320808730291783220,-9027035713931880382,-4003553797978945493,0]
01-06 19:22:40.223 I/free_storage_left(  151): [140484608,29884416,98381824]
01-06 19:22:40.223 I/free_storage_changed(  151): 140484608
01-06 19:22:40.644 I/dvm_gc_info(  151): [8320808730291766876,-9033790907164137403,-4002990848025524181,0]
01-06 19:22:40.724 I/backup_data_changed(  151): android
01-06 19:22:40.724 I/backup_data_changed(  151): com.android.inputmethod.latin
01-06 19:22:40.734 I/backup_data_changed(  151): com.android.providers.settings
01-06 19:22:40.734 I/backup_data_changed(  151): com.android.providers.userdictionary
01-06 19:22:40.734 I/backup_data_changed(  151): com.android.vending
01-06 19:22:40.744 I/am_create_service(  151): [1081953984,com.google.android.backup/.BackupTransportService,,151]
01-06 19:22:40.754 I/backup_data_changed(  151): android
01-06 19:22:40.754 I/backup_data_changed(  151): com.android.inputmethod.latin
01-06 19:22:40.754 I/backup_data_changed(  151): com.android.providers.settings
01-06 19:22:40.754 I/backup_data_changed(  151): com.android.providers.userdictionary
01-06 19:22:40.754 I/backup_data_changed(  151): com.android.vending
01-06 19:22:40.824 I/power_screen_state(  151): [1,3,0,0]
01-06 19:22:40.824 I/power_screen_broadcast_send(  151): 1
01-06 19:22:40.824 I/screen_toggled(  151): 1
01-06 19:22:40.844 I/boot_progress_ams_ready(  151): 22622
01-06 19:22:40.854 I/am_proc_start(  151): [218,1000,com.android.systemui,service,com.android.systemui/.statusbar.StatusBarService]
01-06 19:22:40.864 I/configuration_changed(  151): 512
01-06 19:22:40.964 I/dvm_gc_madvise_info(  218): [655360,409600]
01-06 19:22:40.994 I/am_create_service(  151): [1082848352,android/com.android.internal.service.wallpaper.ImageWallpaper,act=android.service.wallpaper.WallpaperService,151]
01-06 19:22:41.004 I/am_proc_start(  151): [225,10020,com.android.inputmethod.latin,service,com.android.inputmethod.latin/.LatinIME]
01-06 19:22:41.074 I/am_proc_bound(  151): [218,com.android.systemui]
01-06 19:22:41.074 I/am_create_service(  151): [1082554664,com.android.systemui/.statusbar.StatusBarService,,218]
01-06 19:22:41.134 I/dvm_gc_madvise_info(  225): [651264,409600]
01-06 19:22:41.384 I/dvm_gc_info(  151): [8320808730291840611,-8994384204232599481,-4002146423095392213,0]
01-06 19:22:41.394 I/am_proc_bound(  151): [225,com.android.inputmethod.latin]
01-06 19:22:41.394 I/am_create_service(  151): [1082854696,com.android.inputmethod.latin/.LatinIME,act=android.view.InputMethod,225]
01-06 19:22:41.394 I/binder_sample(  225): [android.app.IActivityManager,17,154,<pre-initialized>,30]
01-06 19:22:41.414 I/notification_cancel(  151): [android,17302995,0]
01-06 19:22:41.444 I/am_proc_start(  151): [240,1001,com.android.phone,added application,com.android.phone]
01-06 19:22:41.534 I/am_create_task(  151): 2
01-06 19:22:41.534 I/am_create_activity(  151): [1081459776,2,com.android.launcher/com.android.launcher2.Launcher,android.intent.action.MAIN,NULL,NULL,268435456]
01-06 19:22:41.554 I/dvm_gc_info(  218): [8320808730291877476,-8996074909972240339,-4009746247466579925,0]
01-06 19:22:41.554 I/am_proc_start(  151): [242,10021,com.android.launcher,activity,com.android.launcher/com.android.launcher2.Launcher]
01-06 19:22:41.564 I/power_screen_state(  151): [1,2,0,0]
01-06 19:22:41.564 I/power_screen_broadcast_send(  151): 2
01-06 19:22:41.564 I/dvm_gc_madvise_info(  240): [651264,409600]
01-06 19:22:41.635 I/dvm_gc_madvise_info(  242): [651264,409600]
01-06 19:22:41.715 I/am_proc_bound(  151): [240,com.android.phone]
01-06 19:22:41.775 I/am_proc_bound(  151): [242,com.android.launcher]
01-06 19:22:41.785 I/am_restart_activity(  151): [1081459776,2,com.android.launcher/com.android.launcher2.Launcher]
01-06 19:22:41.945 I/dvm_gc_info(  225): [7809651225003284070,-8991852785321580500,-4009746247466579925,0]
01-06 19:22:42.045 I/dvm_gc_info(  218): [8320808730292495518,-9069258403917006803,-4009746247466579925,0]
01-06 19:22:42.095 I/dvm_gc_info(  151): [8320808730291799672,-8954414620083935160,-4001864948118681557,0]
01-06 19:22:42.115 I/dvm_gc_info(  240): [8099846449757513317,-8992415735275001811,-4009746247466579925,0]
01-06 19:22:42.185 I/dvm_gc_info(  242): [7809652345805026918,-8991008360391448532,-4009746247466579925,0]
01-06 19:22:42.395 I/dvm_gc_info(  225): [7809651225003779201,-9079672978055301075,-4009746247466579925,0]
01-06 19:22:42.485 I/dvm_gc_info(  218): [8320808730292045152,-9125834874235844562,-4009746247466579925,6829699]
01-06 19:22:42.515 I/dvm_gc_info(  151): [8320808730292000347,-9005361522149111736,-4002146423095392213,0]
01-06 19:22:42.686 I/am_proc_start(  151): [264,10017,com.google.process.gapps,service,com.google.android.gsf/.loginservice.GoogleLoginService]
01-06 19:22:42.736 I/am_proc_start(  151): [267,10001,android.process.acore,content provider,com.android.providers.userdictionary/.UserDictionaryProvider]
01-06 19:22:42.736 I/configuration_changed(  151): 504
01-06 19:22:42.736 I/am_relaunch_resume_activity(  151): [1081459776,2,com.android.launcher/com.android.launcher2.Launcher]
01-06 19:22:42.766 I/dvm_lock_sample(  151): [system_server,0,PowerManagerService,1935,KeyguardViewMediator.java,351,-,981,100]
01-06 19:22:42.766 I/screen_toggled(  151): 1
01-06 19:22:42.776 I/dvm_gc_madvise_info(  267): [647168,409600]
01-06 19:22:42.796 I/dvm_gc_madvise_info(  264): [651264,409600]
01-06 19:22:42.886 I/am_proc_bound(  151): [267,android.process.acore]
01-06 19:22:43.006 I/dvm_gc_info(  151): [8320808730292012600,-9061937992467941304,-4001864948118681557,0]
01-06 19:22:43.016 I/binder_sample(  225): [android.content.IContentService,1,457,com.android.inputmethod.latin,91]
01-06 19:22:43.026 I/binder_sample(  242): [android.content.IContentService,1,412,com.android.launcher,82]
01-06 19:22:43.026 I/am_proc_bound(  151): [264,com.google.process.gapps]
01-06 19:22:43.026 I/am_create_service(  151): [1082924888,com.google.android.gsf/.loginservice.GoogleLoginService,act=android.accounts.AccountAuthenticator,264]
01-06 19:22:43.036 I/binder_sample(  264): [android.app.IActivityManager,17,127,<pre-initialized>,25]
01-06 19:22:43.376 I/dvm_gc_info(  218): [8320808730292307505,-9061095629592373201,-4009746247466579925,7345861]
01-06 19:22:43.486 I/dvm_gc_info(  267): [7017575181485500007,-8997200809879082964,-4009746247466579925,0]
01-06 19:22:43.506 I/dvm_gc_info(  264): [7449358886915671634,-9009304302597126100,-4010027722443290581,0]
01-06 19:22:43.536 I/notification_cancel(  151): [com.android.phone,2,0]
01-06 19:22:43.576 I/dvm_gc_info(  225): [7809651225004070015,-9108383425679779794,-4009746247466579925,6817397]
01-06 19:22:43.807 I/dvm_gc_info(  151): [8320808730292287019,-9062782417381296055,-4001864948118681557,0]
01-06 19:22:43.817 I/binder_sample(  240): [android.app.IActivityManager,12,172,com.android.phone,34]
01-06 19:22:43.817 I/content_query_sample(  242): [content://com.android.launcher2.settings/screens,_id,,screenOrder ASC,269,com.android.launcher,54]
01-06 19:22:43.827 I/am_create_service(  151): [1081731536,com.android.phone/.BluetoothHeadsetService,act=android.bluetooth.IBluetoothHeadset,240]
01-06 19:22:44.097 I/am_create_service(  151): [1082442016,com.google.android.location/.NetworkLocationService,act=com.google.android.location.NetworkLocationProvider,264]
01-06 19:22:44.247 I/dvm_gc_info(  240): [8099846449757525539,-9037451662762059727,-4008620347559737301,0]
01-06 19:22:44.397 I/dvm_gc_info(  218): [8320808730291717683,-9147508309852592080,-3996798398537889749,8550437]
01-06 19:22:44.417 I/dvm_gc_info(  151): [8320808730292426308,-9070100698056288183,-4001864948118681557,0]
01-06 19:22:44.647 I/am_create_task(  151): 3
01-06 19:22:44.647 I/am_create_activity(  151): [1082815400,3,com.android.phone/.InCallScreen,com.android.phone.InCallScreen.CREATE_ACTIVITION_ONLY,NULL,NULL,277086208]
01-06 19:22:44.647 I/am_pause_activity(  151): [1081459776,com.android.launcher/com.android.launcher2.Launcher]
01-06 19:22:44.658 I/binder_sample(  264): [android.app.IActivityManager,12,288,com.google.process.gapps,57]
01-06 19:22:44.668 I/binder_sample(  218): [android.app.IActivityManager,12,238,com.android.systemui,47]
01-06 19:22:44.688 I/binder_sample(  240): [android.app.IActivityManager,3,447,com.android.phone,89]
01-06 19:22:44.728 I/dvm_lock_sample(  151): [system_server,0,LocationManagerService,272,ActivityManagerService.java,9619,ActivityStack.java,2431,54]
01-06 19:22:44.838 I/dvm_gc_info(  151): [8320808730291676788,-9009020628093286326,-4001583473141970901,0]
01-06 19:22:44.908 I/dvm_gc_info(  242): [7809652345805317679,-9048429186853763024,-4008901822536447957,0]
01-06 19:22:44.978 I/gsm_service_state_change(  240): [1,1,3,1]
01-06 19:22:45.058 I/binder_sample(  267): [android.app.IActivityManager,12,229,android.process.acore,45]
01-06 19:22:45.058 I/binder_sample(  240): [com.android.internal.telephony.ITelephonyRegistry,3,12,com.android.phone,2]
01-06 19:22:45.068 I/content_query_sample(  151): [content://settings/secure,,(name=?),,2,,1]
01-06 19:22:45.078 I/gsm_data_state_change(  240): [IDLE,DISCONNECTING]
01-06 19:22:45.088 I/gsm_data_state_change(  240): [DISCONNECTING,IDLE]
01-06 19:22:45.218 I/db_sample(  267): [:memory:,PRAGMA table_info(applications),131,,27]
01-06 19:22:45.348 I/binder_sample(  240): [android.app.IActivityManager,12,148,com.android.phone,29]
01-06 19:22:45.388 I/notification_cancel(  151): [com.android.phone,5,0]
01-06 19:22:45.388 I/notification_cancel(  151): [com.android.phone,6,0]
01-06 19:22:45.528 I/notification_cancel(  151): [com.android.phone,7,0]
01-06 19:22:45.558 I/gsm_service_state_change(  240): [3,1,1,1]
01-06 19:22:45.779 I/notification_enqueue(  151): [android,17040203,Notification(vibrate=null,sound=null,defaults=0x0,flags=0x2)]
01-06 19:22:46.009 I/am_on_resume_called(  242): com.android.launcher2.Launcher
01-06 19:22:46.039 I/dvm_gc_info(  264): [7449358886915765853,-9009585640118081491,-4009464772489869269,0]
01-06 19:22:46.099 I/am_on_paused_called(  242): com.android.launcher2.Launcher
01-06 19:22:46.189 I/content_query_sample(  264): [content://com.google.android.gsf.gservices,,,,12,com.google.process.gapps,3]
01-06 19:22:46.229 I/dvm_gc_info(  242): [7809652345805461035,-9038014406506645453,-4007775922629605333,0]
01-06 19:22:46.269 I/dvm_gc_info(  151): [8320808730291967603,-9005079909683058613,-4001020523188549589,0]
01-06 19:22:46.649 I/dvm_gc_info(  218): [8320808730291873314,-9046177318236719055,-3996798398537889749,8550439]
01-06 19:22:46.679 I/binder_sample(  242): [,1,190,com.android.launcher,38]
01-06 19:22:46.689 I/binder_sample(  264): [,1,196,com.google.process.gapps,39]
01-06 19:22:46.920 I/am_restart_activity(  151): [1082815400,3,com.android.phone/.InCallScreen]
01-06 19:22:46.940 I/binder_sample(  218): [android.view.IWindowSession,4,37,com.android.systemui,7]
01-06 19:22:47.050 I/dvm_gc_info(  240): [8099846449757779544,-9039703256417306576,-4008620347559737301,0]
01-06 19:22:47.420 I/dvm_gc_info(  151): [8320808730291721830,-9000576241285855155,-4000457573235128277,0]
01-06 19:22:47.470 I/am_destroy_service(  151): [1082924888,com.google.android.gsf/.loginservice.GoogleLoginService,264]
01-06 19:22:47.530 I/dvm_gc_info(  240): [8099846449757484650,-9000859572158715854,-4006931497699473365,6817353]
01-06 19:22:47.550 I/binder_sample(  264): [android.content.IContentService,7,304,com.google.process.gapps,60]
01-06 19:22:47.911 I/dvm_gc_info(  240): [8099846449757492855,-8997481803718715342,-4006650022722762709,6817379]
01-06 19:22:48.161 I/dvm_gc_info(  240): [8099846449757918313,-9120204893564557261,-4006650022722762709,6817390]
01-06 19:22:48.171 I/dvm_gc_info(  267): [7017575181485168184,-9027318563617253329,-4008901822536447957,0]
01-06 19:22:48.341 I/content_query_sample(  225): [content://com.android.contacts/contacts,_id/display_name,,,2683,,100]
01-06 19:22:48.421 I/dvm_gc_info(  240): [8099846449757558324,-9149759766119172045,-4006650022722762709,7698254]
01-06 19:22:48.591 I/dvm_gc_madvise_info(  225): [643072,409600]
01-06 19:22:48.621 I/dvm_gc_info(  240): [8099846449757533778,-9161581646337652685,-3998768723374864341,8239054]
01-06 19:22:48.691 I/dvm_gc_info(  240): [8099846449757672584,-9208306492471625677,-3998768723374864341,8239065]
01-06 19:22:48.892 I/dvm_gc_info(  240): [8099846449757640267,-9162426071267784653,-3998768723374864341,8546342]
01-06 19:22:48.982 I/dvm_gc_info(  151): [8320808730291889768,-8998324304050026421,-4001020523188549589,0]
01-06 19:22:49.042 I/db_sample(  267): [:memory:,INSERT INTO applications ('_id', 'name', 'description', 'package,241,,49]
01-06 19:22:49.142 I/dvm_gc_info(  151): [8320808730291962786,-9175653539377739701,-4001020523188549589,0]
01-06 19:22:49.242 I/dvm_gc_info(  240): [8099846449757713989,-9114856800203671500,-3998768723374864341,8636476]
01-06 19:22:49.252 I/dvm_gc_info(  151): [8320808730292003224,-9220970873155647412,-4000739048211838933,0]
01-06 19:22:49.772 I/dvm_gc_info(  240): [8099846449757967907,-9146944947548686284,-3998768723374864341,8702026]
01-06 19:22:50.383 I/dvm_gc_info(  240): [8099846449757664542,-9069820803929954251,-3998768723374864341,8804448]
01-06 19:22:50.443 I/am_pause_activity(  151): [1082815400,com.android.phone/.InCallScreen]
01-06 19:22:50.443 I/am_on_resume_called(  240): com.android.phone.InCallScreen
01-06 19:22:50.453 I/power_screen_broadcast_done(  151): [1,7692,2]
01-06 19:22:50.463 I/content_query_sample(  225): [content://user_dictionary/words,_id/word/frequency,(locale IS NULL) or (locale=?),,4081,,100]
01-06 19:22:50.473 I/am_on_paused_called(  240): com.android.phone.InCallScreen
01-06 19:22:50.483 I/am_resume_activity(  151): [1081459776,2,com.android.launcher/com.android.launcher2.Launcher]
01-06 19:22:50.623 I/power_screen_broadcast_done(  151): [1,7855,1]
01-06 19:22:50.824 I/am_proc_start(  151): [341,10039,com.android.vending,broadcast,com.android.vending/.MarketWidgetProvider]
01-06 19:22:50.864 I/boot_progress_enable_screen(  151): 32645
01-06 19:22:51.004 I/dvm_gc_madvise_info(  341): [647168,409600]
01-06 19:22:51.014 I/dvm_gc_madvise_info(  264): [569344,409600]
01-06 19:22:51.174 I/dvm_gc_info(  151): [8320808730291685001,-8972146993743386548,-4000739048211838933,0]
01-06 19:22:51.184 I/am_proc_bound(  151): [341,com.android.vending]
01-06 19:22:51.294 I/am_on_resume_called(  242): com.android.launcher2.Launcher
01-06 19:22:51.314 I/dvm_gc_info(  242): [7809652345805055552,-9019999664332580809,-4006931497699473365,0]
01-06 19:22:51.324 I/am_on_paused_called(  242): com.android.launcher2.Launcher
01-06 19:22:51.324 I/am_failed_to_pause(  151): [1081459776,com.android.launcher/com.android.launcher2.Launcher,(none)]
01-06 19:22:51.344 I/am_on_resume_called(  242): com.android.launcher2.Launcher
01-06 19:22:51.494 I/dvm_gc_info(  341): [8531346446660752999,-8990163935461320660,-4009746247466579925,0]
01-06 19:22:51.684 I/dvm_gc_madvise_info(  218): [495616,409600]
01-06 19:22:51.875 I/dvm_gc_info(  242): [7809652345805031030,-9014651364880377800,-4006368547746052053,0]
01-06 19:22:52.275 I/dvm_gc_info(  242): [7809652345805071993,-9040828468978206663,-4006087072769341397,0]
01-06 19:22:52.455 I/backup_data_changed(  151): com.android.vending
01-06 19:22:52.485 I/dvm_gc_info(  341): [8531346446660789846,-9012963271085553617,-4008901822536447957,0]
01-06 19:22:52.795 I/dvm_gc_info(  242): [7809652345805059707,-9048146749636421574,-4006087072769341397,0]
01-06 19:22:52.845 I/am_proc_start(  151): [368,10012,android.process.media,content provider,com.android.providers.downloads/.DownloadProvider]
01-06 19:22:52.926 I/dvm_gc_madvise_info(  368): [647168,409600]
01-06 19:22:53.006 I/dvm_gc_info(  242): [7809652345805403600,-9063064923418871751,-4006087072769341397,0]
01-06 19:22:53.006 I/am_proc_bound(  151): [368,android.process.media]
01-06 19:22:53.326 I/binder_sample(  242): [android.view.IWindowSession,2,20,com.android.launcher,4]
01-06 19:22:53.366 I/dvm_gc_info(  341): [8531346446660920954,-9003674390678874064,-4008901822536447957,0]
01-06 19:22:53.426 I/activity_launch_time(  151): [1081459776,com.android.launcher/com.android.launcher2.Launcher,11882,11882]
01-06 19:22:53.436 I/activity_launch_time(  151): [1082815400,com.android.phone/.InCallScreen,6524,6524]
01-06 19:22:53.516 I/am_proc_start(  151): [376,1030,com.android.updater,broadcast,com.android.updater/.Widget]
01-06 19:22:53.586 I/dvm_gc_madvise_info(  376): [643072,409600]
01-06 19:22:53.636 I/dvm_gc_info(  114): [8825198673194877998,-9137938573129119701,-4010309197420001237,0]
01-06 19:22:53.646 I/am_proc_bound(  151): [376,com.android.updater]
01-06 19:22:53.666 I/binder_sample(  341): [android.app.IActivityManager,16,148,com.android.vending,29]
01-06 19:22:53.716 I/dvm_gc_info(  114): [8825198673194700848,-9222662541119027157,-4010309197420001237,0]
01-06 19:22:53.746 I/dvm_gc_info(  114): [8825198673194504240,-9222662541119027157,-4010309197420001237,0]
01-06 19:22:53.746 I/dvm_gc_madvise_info(  267): [507904,409600]
01-06 19:22:53.776 I/content_query_sample(  242): [content://com.android.contacts/contacts/lookup/2684i3572844e8842e8b2/4,_id,,,280,,57]
01-06 19:22:53.876 I/dvm_gc_info(  376): [8462374069549991534,-8990445410438035412,-4010027722443290581,0]
01-06 19:22:53.917 I/am_proc_start(  151): [384,1000,com.android.settings,broadcast,com.android.settings/.widget.SettingsAppWidgetProvider]
01-06 19:22:53.937 I/am_proc_bound(  151): [384,com.android.settings]
01-06 19:22:54.057 I/dvm_gc_info(  384): [8315180330336196195,-8996637859925657555,-4009746247466579925,0]
01-06 19:22:54.127 I/binder_sample(  341): [android.app.IActivityManager,110,92,com.android.vending,18]
01-06 19:22:54.197 I/binder_sample(  376): [android.app.IActivityManager,110,93,com.android.updater,18]
01-06 19:22:54.197 I/dvm_gc_info(  151): [8320808730291918422,-8971584043789944755,-4000457573235128277,0]
01-06 19:22:54.257 I/content_query_sample(  242): [content://com.android.contacts/contacts/lookup/2684i5c7932580982d10e/3,_id,,,408,,82]
01-06 19:22:54.317 I/am_proc_start(  151): [393,10027,com.miui.notes,broadcast,com.miui.notes/.widget.NoteWidgetProvider_2x]
01-06 19:22:54.397 I/am_proc_bound(  151): [393,com.miui.notes]
01-06 19:22:54.487 I/dvm_gc_info(  242): [7809652345805059691,-9041954300165564359,-4006087072769341397,0]
01-06 19:22:54.647 I/dvm_gc_info(  393): [7957707045656880743,-8992978685228423124,-4009746247466579925,0]
01-06 19:22:54.677 I/am_proc_start(  151): [402,10011,com.android.deskclock,broadcast,com.android.deskclock/com.android.alarmclock.AnalogAppWidgetProvider]
01-06 19:22:54.697 I/am_proc_bound(  151): [402,com.android.deskclock]
01-06 19:22:54.867 I/dvm_gc_info(  402): [7234315281500280426,-8994667535088691156,-4009746247466579925,0]
01-06 19:22:54.887 I/am_proc_start(  151): [411,10007,com.android.providers.calendar,broadcast,com.android.providers.calendar/.CalendarAppWidgetProvider]
01-06 19:22:54.918 I/am_proc_bound(  151): [411,com.android.providers.calendar]
01-06 19:22:55.108 I/dvm_gc_info(  411): [7161124065388901990,-8996074909972244436,-4010027722443290581,0]
01-06 19:22:55.128 I/dvm_gc_info(  242): [7809652345805665901,-8997199778851796934,-4005805597792630741,0]
01-06 19:22:55.358 I/am_create_service(  151): [1083023784,com.android.providers.calendar/.CalendarAppWidgetService,,411]
01-06 19:22:55.428 I/dvm_gc_madvise_info(  240): [708608,409600]
01-06 19:22:55.448 I/binder_sample(  402): [android.app.IActivityManager,110,190,com.android.deskclock,38]
01-06 19:22:55.488 I/dvm_gc_info(  242): [7809652345805055621,-9005925434410346438,-4005805597792630741,0]
01-06 19:22:55.488 I/am_proc_start(  151): [423,1000,com.miui.antispam,broadcast,com.miui.antispam/.firewall.FirewallReceiver]
01-06 19:22:55.558 I/am_proc_bound(  151): [423,com.miui.antispam]
01-06 19:22:55.568 I/binder_sample(  393): [android.app.IActivityManager,110,243,com.miui.notes,48]
01-06 19:22:55.568 I/dvm_gc_info(  368): [7882817126543783529,-8989882460484605908,-4009746247466579925,0]
01-06 19:22:55.638 I/binder_sample(  393): [android.app.IActivityManager,110,76,com.miui.notes,15]
01-06 19:22:55.778 I/content_query_sample(  411): [content://com.android.calendar/properties,key/value,,,395,,80]
01-06 19:22:55.858 I/dvm_gc_info(  151): [8320808730291680868,-9000857441351067569,-3999613148304996309,0]
01-06 19:22:55.969 I/notification_cancel(  151): [com.miui.antispam,799,0]
01-06 19:22:56.089 I/binder_sample(  423): [android.content.IContentProvider,1,123,com.miui.antispam,24]
01-06 19:22:56.129 I/dvm_gc_info(  423): [7020676865367148126,-9003393259349940179,-4009746247466579925,0]
01-06 19:22:56.139 I/notification_cancel(  151): [com.miui.antispam,798,0]
01-06 19:22:56.149 I/am_proc_start(  151): [433,10002,com.miui.backup,broadcast,com.miui.backup/com.miui.milk.ui.AutoBackupInitReceiver]
01-06 19:22:56.219 I/am_proc_bound(  151): [433,com.miui.backup]
01-06 19:22:56.309 I/db_sample(  411): [/data/data/com.android.providers.calendar/databases/calendar.db,GETLOCK:SELECT key, value FROM CalendarCache WHERE key=?,528,,100]
01-06 19:22:56.309 I/db_sample(  411): [/data/data/com.android.providers.calendar/databases/calendar.db,SELECT key, value FROM CalendarCache WHERE key=?,530,,100]
01-06 19:22:56.419 I/am_proc_start(  151): [441,10003,com.android.bluetooth,broadcast,com.android.bluetooth/.opp.BluetoothOppReceiver]
01-06 19:22:56.509 I/am_proc_bound(  151): [441,com.android.bluetooth]
01-06 19:22:56.659 I/dvm_gc_info(  242): [7809652345805182552,-9035480306931382212,-4005242647839209429,0]
01-06 19:22:56.789 I/am_create_service(  151): [1083333160,com.android.bluetooth/.opp.BluetoothOppService,,441]
01-06 19:22:56.849 I/db_sample(  411): [/data/data/com.android.providers.calendar/databases/calendar.db,SELECT allDay, begin, end, color, title, rrule, hasAlarm, eventL,517,,100]
01-06 19:22:56.849 I/content_query_sample(  411): [content://com.android.calendar/instances/when/316030975358/316635775358,allDay/begin/end/color/title/rrule/hasAlarm/eventLocation/calendar_id/event_id,selected=1 AND selfAttendeeStatus!=2,startDay ASC, allDay DESC, begin ASC,1066,,100]
01-06 19:22:56.859 I/dvm_gc_info(  441): [7092172591800137316,-8998326709785933780,-4010027722443290581,0]
01-06 19:22:56.889 I/binder_sample(  423): [android.app.IActivityManager,110,164,com.miui.antispam,32]
01-06 19:22:56.990 I/am_create_service(  151): [1083314664,com.android.providers.calendar/.EmptyService,,411]
01-06 19:22:56.990 I/notification_cancel_all(  151): [com.android.bluetooth,0]
01-06 19:22:57.080 I/binder_sample(  423): [android.app.IActivityManager,110,192,com.miui.antispam,38]
01-06 19:22:57.080 I/am_destroy_service(  151): [1083023784,com.android.providers.calendar/.CalendarAppWidgetService,411]
01-06 19:22:57.090 I/binder_sample(  433): [android.app.IActivityManager,110,635,com.miui.backup,100]
01-06 19:22:57.250 I/content_query_sample(  402): [content://com.android.deskclock/alarm,_id/hour/minutes/daysofweek/alarmtime/enabled/vibrate/message/alert,enabled=1,,155,com.android.deskclock,32]
01-06 19:22:57.330 I/am_create_service(  151): [1083147600,com.android.providers.downloads/.DownloadService,,368]
01-06 19:22:57.350 I/am_proc_start(  151): [457,10013,com.android.email,broadcast,com.android.email/.service.EmailBroadcastReceiver]
01-06 19:22:57.350 I/notification_cancel_all(  151): [com.android.providers.downloads,0]
01-06 19:22:57.430 I/am_proc_bound(  151): [457,com.android.email]
01-06 19:22:57.660 I/binder_sample(  402): [android.app.IActivityManager,16,343,com.android.deskclock,68]
01-06 19:22:57.710 I/dvm_gc_info(  457): [7308604875703940709,-8991571310344873940,-4009746247466579925,0]
01-06 19:22:57.740 I/binder_sample(  433): [android.app.IActivityManager,110,229,com.miui.backup,45]
01-06 19:22:57.810 I/dvm_lock_sample(  151): [system_server,0,Binder Thread #7,113,PackageManagerService.java,1357,-,680,22]
01-06 19:22:57.810 I/binder_sample(  242): [android.content.pm.IPackageManager,10,149,com.android.launcher,29]
01-06 19:22:58.041 I/am_create_service(  151): [1083594440,com.android.email/com.android.exchange.SyncManager,,457]
01-06 19:22:58.051 I/am_create_service(  151): [1083597744,com.android.email/.service.EmailBroadcastProcessorService,,457]
01-06 19:22:58.061 I/am_proc_start(  151): [470,10016,com.google.android.gm,broadcast,com.google.android.gm/.MailIntentReceiver]
01-06 19:22:58.171 I/dvm_gc_info(  242): [7809652345805182536,-9031539519768102849,-4004679697885788117,0]
01-06 19:22:58.221 I/am_proc_bound(  151): [470,com.google.android.gm]
01-06 19:22:58.251 I/dvm_gc_info(  151): [8320808730291648145,-8981998617928222642,-4000176098258417621,0]
01-06 19:22:58.421 I/content_query_sample(  457): [content://com.android.email.provider/account,_id,,,399,,80]
01-06 19:22:58.441 I/binder_sample(  402): [android.app.IActivityManager,110,233,com.android.deskclock,46]
01-06 19:22:58.531 I/binder_sample(  457): [android.content.IContentService,1,82,com.android.email,16]
01-06 19:22:58.531 I/am_destroy_service(  151): [1083597744,com.android.email/.service.EmailBroadcastProcessorService,457]
01-06 19:22:58.531 I/binder_sample(  441): [android.app.IActivityManager,110,340,com.android.bluetooth,68]
01-06 19:22:58.551 I/dvm_gc_info(  470): [7594245893398914662,-8990445410438031316,-4009746247466579925,0]
01-06 19:22:58.591 I/binder_sample(  433): [android.app.IActivityManager,110,361,com.miui.backup,72]
01-06 19:22:58.611 I/am_destroy_service(  151): [1083594440,com.android.email/com.android.exchange.SyncManager,457]
01-06 19:22:58.621 I/binder_sample(  441): [android.app.IActivityManager,110,90,com.android.bluetooth,18]
01-06 19:22:58.821 I/binder_sample(  433): [android.app.IActivityManager,110,215,com.miui.backup,43]
01-06 19:22:58.921 I/dvm_gc_madvise_info(  376): [724992,409600]
01-06 19:22:58.941 I/db_sample(  151): [/data/system/accounts.db,SELECT _id, name, type FROM accounts,0,,1]
01-06 19:22:58.981 I/am_create_service(  151): [1082524536,com.google.android.gm/.MailIntentService,act=android.intent.action.BOOT_COMPLETED,470]
01-06 19:22:59.012 I/binder_sample(  441): [android.app.IActivityManager,110,338,com.android.bluetooth,67]
01-06 19:22:59.242 I/dvm_gc_info(  242): [7809652345805080150,-9016902683523397568,-4004116747932366805,0]
01-06 19:22:59.332 I/binder_sample(  457): [android.app.IActivityManager,110,194,com.android.email,38]
01-06 19:22:59.332 I/dvm_gc_madvise_info(  341): [675840,409600]
01-06 19:22:59.342 I/dvm_gc_madvise_info(  384): [634880,409600]
01-06 19:22:59.392 I/content_update_sample(  441): [content://com.android.bluetooth.opp/btopp,delete,direction=0 AND status>=200 AND visibility=1,2386,,100]
01-06 19:22:59.432 I/content_query_sample(  368): [content://downloads/all_downloads,_id,status >= '200',lastmod,1782,,100]
01-06 19:22:59.462 I/am_create_service(  151): [1082476448,com.google.android.gm/.downloadprovider.DownloadService,,470]
01-06 19:22:59.462 I/am_proc_start(  151): [485,10018,com.google.android.partnersetup,broadcast,com.google.android.partnersetup/.GooglePartnerSetup]
01-06 19:22:59.492 I/dvm_gc_madvise_info(  485): [643072,409600]
01-06 19:22:59.522 I/am_proc_bound(  151): [485,com.google.android.partnersetup]
01-06 19:22:59.552 I/dvm_gc_info(  433): [7089056601634154080,-9000578578319099860,-4010027722443290581,0]
01-06 19:22:59.592 I/content_query_sample(  341): [content://downloads/my_downloads,_id/uri/status/lastmod/title,,,3313,,100]
01-06 19:22:59.742 I/dvm_gc_info(  242): [7809652345805035116,-9035479894530553791,-4004116747932366805,0]
01-06 19:22:59.752 I/content_query_sample(  441): [content://com.android.bluetooth.opp/btopp,,,_id,2655,,100]
01-06 19:22:59.802 I/db_sample(  264): [/data/data/com.google.android.gsf/databases/googlesettings.db,SELECT value FROM partner WHERE (name=?),0,,1]
01-06 19:22:59.812 I/binder_sample(  242): [android.view.IWindowSession,4,35,com.android.launcher,7]
01-06 19:22:59.902 I/dvm_gc_info(  264): [7449358886915618390,-9006489346637981650,-4009183297513158613,0]
01-06 19:22:59.922 I/dvm_gc_info(  242): [7809652345805337977,-9043361193895258048,-4004398222909077461,0]
01-06 19:22:59.962 I/dvm_gc_info(  151): [8320808730291775047,-9019434789830739889,-3999894623281706965,0]
01-06 19:22:59.972 I/content_query_sample(  411): [content://com.android.calendar/calendar_alerts,alarmTime,state=0 AND alarmTime<? AND alarmTime>? AND end>=?,alarmTime ASC,412,,83]
01-06 19:22:59.972 I/dvm_gc_madvise_info(  393): [671744,409600]
01-06 19:23:00.022 I/dvm_gc_info(  151): [8320808730291827503,-9222659585543325616,-3999331673328285653,0]
01-06 19:23:00.063 I/content_query_sample(  485): [content://com.google.settings/partner,value,name=?,,288,com.google.android.partnersetup,58]
01-06 19:23:00.073 I/dvm_gc_madvise_info(  402): [524288,409600]
01-06 19:23:00.073 I/binder_sample(  242): [android.app.IActivityManager,110,155,com.android.launcher,31]
01-06 19:23:00.093 I/am_create_service(  151): [1083191896,com.google.android.partnersetup/.AppHiderService,,485]
01-06 19:23:00.113 I/dvm_gc_madvise_info(  411): [593920,409600]
01-06 19:23:00.153 I/dvm_gc_info(  151): [8320808730291811787,-9066722448445622193,-3999894623281706965,0]
01-06 19:23:00.173 I/binder_sample(  485): [android.app.IActivityManager,34,85,com.google.android.partnersetup,17]
01-06 19:23:00.213 I/content_query_sample(  441): [content://com.android.bluetooth.opp/btopp,,(status == '192') AND (visibility IS NULL OR visibility == '0') AND (confirm == '1' OR confirm == '2'),_id,2543,,100]
01-06 19:23:00.233 I/am_create_service(  151): [1083073104,com.google.android.gsf/.checkin.CheckinService,,264]
01-06 19:23:00.363 I/am_create_service(  151): [1082997048,com.google.android.gsf/.checkin.EventLogService,,264]
01-06 19:23:00.403 I/am_create_service(  151): [1082907984,com.android.providers.calendar/.CalendarAppWidgetService,,411]
01-06 19:23:00.433 I/content_query_sample(  441): [content://com.android.bluetooth.opp/btopp,,,_id,253,,51]
01-06 19:23:00.503 I/am_destroy_service(  151): [1083333160,com.android.bluetooth/.opp.BluetoothOppService,441]
01-06 19:23:00.513 I/am_create_service(  151): [1082904584,com.google.android.gsf/.update.SystemUpdateService,,264]
01-06 19:23:00.543 I/am_destroy_service(  151): [1082907984,com.android.providers.calendar/.CalendarAppWidgetService,411]
01-06 19:23:00.563 I/am_create_service(  151): [1082752368,com.google.android.gsf/.loginservice.GoogleLoginService,act=android.accounts.AccountAuthenticator,264]
01-06 19:23:00.563 I/am_destroy_service(  151): [1082524536,com.google.android.gm/.MailIntentService,470]
01-06 19:23:00.593 I/content_query_sample(  441): [content://com.android.bluetooth.opp/btopp,,status >= '200' AND (visibility IS NULL OR visibility == '0') AND (direction == 0),timestamp DESC,181,,37]
01-06 19:23:00.593 I/content_query_sample(  264): [content://com.google.android.gsf.gservices/prefix,,,,130,,27]
01-06 19:23:00.593 I/aggregation(  264): 316030980604
01-06 19:23:00.623 I/dvm_gc_madvise_info(  368): [675840,409600]
01-06 19:23:00.643 I/am_destroy_service(  151): [1083191896,com.google.android.partnersetup/.AppHiderService,485]
01-06 19:23:00.723 I/dvm_gc_info(  264): [7449358886915606110,-8997200603653490640,-4008901822536447957,0]
01-06 19:23:00.733 I/notification_cancel(  151): [com.android.bluetooth,-1000005,0]
01-06 19:23:00.773 I/dvm_gc_info(  485): [8097879449376200293,-8998608184779425748,-4010027722443290581,0]
01-06 19:23:01.013 I/dvm_gc_info(  151): [8320808730291717747,-8991568629647091631,-3999050198351574997,0]
01-06 19:23:01.013 I/am_create_task(  151): 4
01-06 19:23:01.013 I/am_create_activity(  151): [1083029320,4,com.google.android.gsf/.update.SystemUpdateInstallDialog,NULL,NULL,NULL,276824064]
01-06 19:23:01.013 I/am_pause_activity(  151): [1081459776,com.android.launcher/com.android.launcher2.Launcher]
01-06 19:23:01.033 I/am_on_paused_called(  242): com.android.launcher2.Launcher
01-06 19:23:01.043 I/notification_cancel(  151): [com.android.bluetooth,-1000006,0]
01-06 19:23:01.054 I/notification_cancel(  151): [com.google.android.gsf,2130837525,0]
01-06 19:23:01.054 I/notification_cancel(  151): [com.google.android.gsf,2130837526,0]
01-06 19:23:01.054 I/am_restart_activity(  151): [1083029320,4,com.google.android.gsf/.update.SystemUpdateInstallDialog]
01-06 19:23:01.064 I/am_destroy_service(  151): [1082904584,com.google.android.gsf/.update.SystemUpdateService,264]
01-06 19:23:01.064 I/system_update(  264): [512,0,-1,NULL]
01-06 19:23:01.174 I/am_create_service(  151): [1083024440,com.android.providers.media/.MediaScannerService,,368]
01-06 19:23:01.194 I/am_proc_start(  151): [504,10026,com.android.mms,broadcast,com.android.mms/.transaction.MmsSystemEventReceiver]
01-06 19:23:01.274 I/dvm_gc_madvise_info(  504): [643072,409600]
01-06 19:23:01.344 I/am_proc_bound(  151): [504,com.android.mms]
01-06 19:23:01.354 I/dvm_gc_info(  114): [8825198673195078702,-9137375623175698389,-4010309197420001237,0]
01-06 19:23:01.484 I/dvm_gc_info(  114): [8825198673194897456,-9222662541119027157,-4010309197420001237,0]
01-06 19:23:01.554 I/dvm_gc_info(  264): [7449358886915966569,-9021407314211641296,-4008620347559737301,0]
01-06 19:23:01.574 I/dvm_gc_info(  114): [8825198673194762296,-9222662541119027157,-4010309197420001237,0]
01-06 19:23:01.584 I/dvm_gc_info(  504): [7218827569569797735,-8989319510531188692,-4009746247466579925,0]
01-06 19:23:01.624 I/dvm_gc_madvise_info(  423): [647168,409600]
01-06 19:23:01.634 I/content_query_sample(  441): [content://com.android.bluetooth.opp/btopp,,confirm == '0' AND (visibility IS NULL OR visibility == '0'),_id,557,,100]
01-06 19:23:01.644 I/google_http_request(  264): [392,-1,GoogleLoginService/1.0,0]
01-06 19:23:01.644 I/gls_authenticate(  264): [8,gaia]
01-06 19:23:01.684 I/am_destroy_service(  151): [1082752368,com.google.android.gsf/.loginservice.GoogleLoginService,264]
01-06 19:23:01.714 I/dvm_gc_info(  264): [7449358886915773667,-9069821010205878224,-4008620347559737301,0]
01-06 19:23:01.794 I/dvm_gc_info(  264): [7449358886915651106,-9181003557287106512,-4008057397606315989,6895051]
01-06 19:23:01.824 I/am_finish_activity(  151): [1083029320,4,com.google.android.gsf/.update.SystemUpdateInstallDialog,app-request]
01-06 19:23:01.824 I/am_pause_activity(  151): [1083029320,com.google.android.gsf/.update.SystemUpdateInstallDialog]
01-06 19:23:01.824 I/am_destroy_service(  151): [1083073104,com.google.android.gsf/.checkin.CheckinService,264]
01-06 19:23:01.844 I/content_query_sample(  264): [content://com.google.android.gsf.gservices/prefix,,,,15,com.google.process.gapps,4]
01-06 19:23:01.874 I/am_destroy_service(  151): [1082997048,com.google.android.gsf/.checkin.EventLogService,264]
01-06 19:23:01.884 I/am_resume_activity(  151): [1081459776,2,com.android.launcher/com.android.launcher2.Launcher]
01-06 19:23:01.914 I/am_on_resume_called(  242): com.android.launcher2.Launcher
01-06 19:23:01.914 I/am_destroy_activity(  151): [1083029320,4,com.google.android.gsf/.update.SystemUpdateInstallDialog]
01-06 19:23:01.944 I/dvm_gc_madvise_info(  441): [729088,409600]
01-06 19:23:01.954 I/db_sample(  267): [:memory:,INSERT INTO applications ('_id', 'name', 'description', 'package,133,,27]
01-06 19:23:01.994 I/dvm_gc_info(  151): [8320808730291828297,-9014086627800717232,-3999331673328285653,0]
01-06 19:23:02.054 I/dvm_lock_sample(  151): [system_server,0,Error dump: system_app_strictmod,55,ActivityManagerService.java,6886,-,6819,11]
01-06 19:23:02.054 I/dvm_gc_info(  151): [8320808730291818496,-9223222329271195565,-3998205773421443029,0]
01-06 19:23:02.115 I/content_query_sample(  470): [content://gmail-downloads/download,_id,status >= '200',lastmod,2520,,100]
01-06 19:23:02.175 I/notification_cancel(  151): [com.android.bluetooth,-1000005,0]
01-06 19:23:02.185 I/notification_cancel(  151): [com.android.bluetooth,-1000006,0]
01-06 19:23:02.195 I/content_query_sample(  441): [content://com.android.bluetooth.opp/btopp,,confirm == '0' AND (visibility IS NULL OR visibility == '0'),_id,5,,2]
01-06 19:23:02.245 I/db_sample(  411): [/data/data/com.android.providers.calendar/databases/calendar.db,DELETE FROM CalendarAlerts WHERE _id IN (SELECT ca._id FROM Cale,215,,44]
01-06 19:23:02.385 I/content_query_sample(  504): [content://mms-sms/draft,thread_id,,,98,,20]
01-06 19:23:02.475 I/am_destroy_service(  151): [1082476448,com.google.android.gm/.downloadprovider.DownloadService,470]
01-06 19:23:02.615 I/notification_cancel(  151): [com.android.mms,123,0]
01-06 19:23:02.655 I/am_create_service(  151): [1082775360,com.android.mms/.transaction.SmsReceiverService,act=android.intent.action.BOOT_COMPLETED,504]
01-06 19:23:02.765 I/am_create_service(  151): [1082518560,com.android.stk/.StkAppService,,240]
01-06 19:23:02.775 I/am_proc_start(  151): [525,10033,com.miui.supermarket,broadcast,com.miui.supermarket/.model.StartupReceiver]
01-06 19:23:02.835 I/am_proc_bound(  151): [525,com.miui.supermarket]
01-06 19:23:02.955 I/dvm_gc_info(  151): [8320808730291807934,-9018308477506361265,-3999894623281706965,0]
01-06 19:23:02.965 I/am_create_service(  151): [1083014928,com.miui.supermarket/.model.AppUpdateService,,525]
01-06 19:23:03.005 I/dvm_gc_madvise_info(  457): [475136,409600]
01-06 19:23:03.015 I/am_proc_start(  151): [534,10035,com.google.android.talk,broadcast,com.google.android.talk/.videochat.BootCompleteReceiver]
01-06 19:23:03.055 I/am_proc_bound(  151): [534,com.google.android.talk]
01-06 19:23:03.166 I/dvm_gc_info(  534): [3347407541322712675,-8996356384948946899,-4009746247466579925,0]
01-06 19:23:03.286 I/db_sample(  411): [/data/data/com.android.providers.calendar/databases/calendar.db,SELECT begin-(minutes*60000) AS myAlarmTime, Instances.event_id ,863,,100]
01-06 19:23:03.336 I/am_create_service(  151): [1083063584,com.google.android.gsf/.gtalkservice.service.GTalkService,act=com.google.android.gtalkservice.IGTalkService,264]
01-06 19:23:03.356 I/gtalkservice(  264): 3
01-06 19:23:03.436 I/db_sample(  264): [/data/data/com.google.android.gsf/databases/talk.db,SELECT name, value FROM providerSettings,1,com.google.process.gapps,1]
01-06 19:23:03.436 I/dvm_gc_info(  534): [3347407541323011531,-9059125304755423187,-4009746247466579925,0]
01-06 19:23:03.446 I/am_destroy_service(  151): [1083314664,com.android.providers.calendar/.EmptyService,411]
01-06 19:23:03.506 I/am_destroy_service(  151): [1083147600,com.android.providers.downloads/.DownloadService,368]
01-06 19:23:03.556 I/am_create_service(  151): [1082970128,com.google.android.talk/.videochat.RefreshCameraStateProcessorService,,534]
01-06 19:23:03.666 I/am_create_service(  151): [1082889736,com.google.android.gsf/.loginservice.GoogleLoginService,act=android.accounts.AccountAuthenticator,264]
01-06 19:23:03.686 I/dvm_gc_info(  264): [7449358886915626613,-9000015147245361103,-4007775922629605333,6895137]
01-06 19:23:03.746 I/google_http_request(  264): [5,-1,GoogleLoginService/1.0,0]
01-06 19:23:03.746 I/gls_authenticate(  264): [8,gaia]
01-06 19:23:03.806 I/google_http_request(  264): [12,-1,GoogleLoginService/1.0,0]
01-06 19:23:03.806 I/gls_authenticate(  264): [8,gaia]
01-06 19:23:03.816 I/am_destroy_service(  151): [1082889736,com.google.android.gsf/.loginservice.GoogleLoginService,264]
01-06 19:23:04.006 I/dvm_gc_info(  151): [8320808730291631723,-9012960452948846512,-3999331673328285653,0]
01-06 19:23:04.036 I/dvm_gc_madvise_info(  470): [417792,409600]
01-06 19:23:04.036 I/am_create_service(  151): [1083209344,com.android.updater/.UpdaterBackgroundService,,376]
01-06 19:23:04.106 I/am_proc_start(  151): [550,10040,com.android.voicedialer,broadcast,com.android.voicedialer/.VoiceDialerReceiver]
01-06 19:23:04.106 I/am_create_service(  151): [1083130296,com.android.vending/com.google.android.finsky.billing.iab.PendingNotificationsService,act=action_restart_alarm,341]
01-06 19:23:04.247 I/am_proc_bound(  151): [550,com.android.voicedialer]
01-06 19:23:04.277 I/am_destroy_service(  151): [1083209344,com.android.updater/.UpdaterBackgroundService,376]
01-06 19:23:04.307 I/gtalkservice(  264): 0
01-06 19:23:04.317 I/gtalkservice(  264): 1
01-06 19:23:04.317 I/gtalk_connection(  264): 65541
01-06 19:23:04.397 I/db_sample(  368): [/data/data/com.android.providers.media/databases/internal.db,SELECT _id, _data, date_modified FROM video,29,,6]
01-06 19:23:04.437 I/am_create_service(  151): [1082928976,com.google.android.gsf/.loginservice.GoogleLoginService,act=android.accounts.AccountAuthenticator,264]
01-06 19:23:04.447 I/am_create_service(  151): [1082882176,com.android.providers.calendar/.CalendarAppWidgetService,,411]
01-06 19:23:04.497 I/content_query_sample(  504): [content://sms/queued,_id/thread_id/address/body/status,,date ASC,1184,,100]
01-06 19:23:04.617 I/binder_sample(  534): [android.app.IActivityManager,110,108,com.google.android.talk,21]
01-06 19:23:04.687 I/am_destroy_service(  151): [1082882176,com.android.providers.calendar/.CalendarAppWidgetService,411]
01-06 19:23:04.727 I/binder_sample(  393): [android.app.IActivityManager,16,185,com.miui.notes,37]
01-06 19:23:04.797 I/dvm_gc_info(  264): [7449358886916626020,-8993259747787503566,-4008338872583026645,6815744]
01-06 19:23:04.807 I/dvm_gc_madvise_info(  433): [667648,409600]
01-06 19:23:04.857 I/google_http_request(  264): [1,-1,GoogleLoginService/1.0,0]
01-06 19:23:04.857 I/gls_authenticate(  264): [8,gaia]
01-06 19:23:04.857 I/am_destroy_service(  151): [1082928976,com.google.android.gsf/.loginservice.GoogleLoginService,264]
01-06 19:23:04.897 I/binder_sample(  341): [android.content.IBulkCursor,1,54,com.android.vending,10]
01-06 19:23:04.987 I/dvm_gc_madvise_info(  242): [745472,409600]
01-06 19:23:04.997 I/am_proc_start(  151): [562,10015,com.android.gallery,broadcast,com.android.gallery/.app.SystemReceiver]
01-06 19:23:05.057 I/am_proc_bound(  151): [562,com.android.gallery]
01-06 19:23:05.188 I/content_query_sample(  341): [content://com.google.android.gsf.gservices,,,,249,,50]
01-06 19:23:05.308 I/db_sample(  368): [/data/data/com.android.providers.media/databases/internal.db,SELECT _id, _data, date_modified FROM images,394,,79]
01-06 19:23:05.328 I/dvm_gc_info(  151): [8320808730291672702,-8972991006255929262,-3998768723374864341,0]
01-06 19:23:05.358 I/db_sample(  264): [/data/data/com.google.android.gsf/databases/talk.db,COMMIT;INSERT OR REPLACE  INTO accountStatus(account, connStatus,607,,100]
01-06 19:23:05.388 I/am_destroy_service(  151): [1082970128,com.google.android.talk/.videochat.RefreshCameraStateProcessorService,534]
01-06 19:23:05.398 I/content_query_sample(  504): [content://mms,thread_id/date/_id/sub/sub_cs,(msg_box=1 AND seen=0 AND (m_type=130 OR m_type=132)),date desc,526,,100]
01-06 19:23:05.428 I/content_query_sample(  534): [content://com.google.android.providers.talk/providerSettings,name/value,,,1043,,100]
01-06 19:23:05.428 I/content_update_sample(  264): [content://com.google.android.providers.talk/accountStatus,insert,,1045,,100]
01-06 19:23:05.468 I/dvm_gc_info(  562): [7449354471454455398,-8992697210251712468,-4009746247466579925,0]
01-06 19:23:05.468 I/google_http_request(  341): [118,-1,unused/0,0]
01-06 19:23:05.528 I/notification_cancel(  151): [com.android.mms,123,0]
01-06 19:23:05.548 I/am_destroy_service(  151): [1082775360,com.android.mms/.transaction.SmsReceiverService,504]
01-06 19:23:05.788 I/dvm_gc_madvise_info(  485): [753664,409600]
01-06 19:23:05.888 I/am_destroy_service(  151): [1083024440,com.android.providers.media/.MediaScannerService,368]
01-06 19:23:05.898 I/am_kill (  151): [423,com.miui.antispam,14,too many background]
01-06 19:23:05.908 I/am_proc_died(  151): [423,com.miui.antispam]
01-06 19:23:06.339 I/db_sample(  264): [/data/data/com.google.android.gsf/databases/talk.db,COMMIT;INSERT OR REPLACE  INTO providerSettings(value, provider,,44,,9]
01-06 19:23:06.639 I/dvm_gc_madvise_info(  504): [462848,409600]
01-06 19:23:06.679 I/dvm_gc_madvise_info(  550): [458752,409600]
01-06 19:23:06.679 I/dvm_gc_madvise_info(  525): [409600,409600]
01-06 19:23:08.471 I/dvm_gc_madvise_info(  534): [438272,409600]
01-06 19:23:09.842 I/dvm_gc_madvise_info(  264): [507904,409600]
01-06 19:23:10.353 I/dvm_gc_madvise_info(  151): [651264,409600]
01-06 19:23:10.493 I/dvm_gc_madvise_info(  562): [679936,409600]
01-06 19:23:12.695 I/dvm_gc_info(  151): [8320808730291697327,-8925703210168547250,-3999894623281706965,0]
01-06 19:23:17.740 I/dvm_gc_madvise_info(  151): [1032192,409600]
01-06 19:23:25.898 I/dvm_gc_info(  151): [8320808730291697265,-8920918135564470194,-3999894623281706965,0]
01-06 19:23:30.632 I/gtalk_connection(  264): 131077
01-06 19:23:30.642 I/gtalk_connection(  264): 65797
01-06 19:23:30.933 I/dvm_gc_madvise_info(  151): [942080,409600]
01-06 19:23:38.610 I/dvm_gc_info(  151): [8320808730291693168,-8921199610541176754,-3999894623281706965,0]
01-06 19:23:43.635 I/dvm_gc_madvise_info(  151): [1040384,409600]
01-06 19:23:51.673 I/dvm_gc_info(  151): [8320808730291693169,-8920918135564466098,-3999894623281706965,0]
01-06 19:23:56.728 I/dvm_gc_madvise_info(  151): [942080,409600]
01-06 19:24:03.164 I/dvm_gc_info(  151): [8320808730291697264,-8922044035471308722,-3999894623281706965,0]
